Copyright 1986-2022 Xilinx, Inc. All Rights Reserved. Copyright 2022-2025 Advanced Micro Devices, Inc. All Rights Reserved.
------------------------------------------------------------------------------------------------------------------------------------------------------------------------------------------------------------------------
| Tool Version : Vivado v.2025.2 (win64) Build 6299465 Fri Nov 14 19:35:11 GMT 2025
| Date         : Sun Jun  7 07:26:25 2026
| Host         : Denanath running 64-bit major release  (build 9200)
| Command      : report_timing_summary -max_paths 10 -routable_nets -report_unconstrained -file SISO_timing_summary_routed.rpt -pb SISO_timing_summary_routed.pb -rpx SISO_timing_summary_routed.rpx -warn_on_violation
| Design       : SISO
| Device       : 7z020-clg484
| Speed File   : -1  PRODUCTION 1.12 2019-11-22
| Design State : Routed
------------------------------------------------------------------------------------------------------------------------------------------------------------------------------------------------------------------------

Timing Summary Report

------------------------------------------------------------------------------------------------
| Timer Settings
| --------------
------------------------------------------------------------------------------------------------

  Enable Multi Corner Analysis               :  Yes
  Enable Pessimism Removal                   :  Yes
  Pessimism Removal Resolution               :  Nearest Common Node
  Enable Input Delay Default Clock           :  No
  Enable Preset / Clear Arcs                 :  No
  Disable Flight Delays                      :  No
  Ignore I/O Paths                           :  No
  Timing Early Launch at Borrowing Latches   :  No
  Borrow Time for Max Delay Exceptions       :  Yes
  Merge Timing Exceptions                    :  Yes
  Inter-SLR Compensation                     :  Conservative

  Corner  Analyze    Analyze    
  Name    Max Paths  Min Paths  
  ------  ---------  ---------  
  Slow    Yes        Yes        
  Fast    Yes        Yes        


------------------------------------------------------------------------------------------------
| Report Methodology
| ------------------
------------------------------------------------------------------------------------------------

Rule       Severity          Description                  Violations  
---------  ----------------  ---------------------------  ----------  
TIMING-17  Critical Warning  Non-clocked sequential cell  3           

Note: This report is based on the most recent report_methodology run and may not be up-to-date. Run report_methodology on the current design for the latest report.



check_timing report

Table of Contents
-----------------
1. checking no_clock (3)
2. checking constant_clock (0)
3. checking pulse_width_clock (0)
4. checking unconstrained_internal_endpoints (3)
5. checking no_input_delay (1)
6. checking no_output_delay (1)
7. checking multiple_clock (0)
8. checking generated_clocks (0)
9. checking loops (0)
10. checking partial_input_delay (0)
11. checking partial_output_delay (0)
12. checking latch_loops (0)

1. checking no_clock (3)
------------------------
 There are 3 register/latch pins with no clock driven by root clock pin: clk (HIGH)


2. checking constant_clock (0)
------------------------------
 There are 0 register/latch pins with constant_clock.


3. checking pulse_width_clock (0)
---------------------------------
 There are 0 register/latch pins which need pulse_width check


4. checking unconstrained_internal_endpoints (3)
------------------------------------------------
 There are 3 pins that are not constrained for maximum delay. (HIGH)

 There are 0 pins that are not constrained for maximum delay due to constant clock.


5. checking no_input_delay (1)
------------------------------
 There is 1 input port with no input delay specified. (HIGH)

 There are 0 input ports with no input delay but user has a false path constraint.


6. checking no_output_delay (1)
-------------------------------
 There is 1 port with no output delay specified. (HIGH)

 There are 0 ports with no output delay but user has a false path constraint

 There are 0 ports with no output delay but with a timing clock defined on it or propagating through it


7. checking multiple_clock (0)
------------------------------
 There are 0 register/latch pins with multiple clocks.


8. checking generated_clocks (0)
--------------------------------
 There are 0 generated clocks that are not connected to a clock source.


9. checking loops (0)
---------------------
 There are 0 combinational loops in the design.


10. checking partial_input_delay (0)
------------------------------------
 There are 0 input ports with partial input delay specified.


11. checking partial_output_delay (0)
-------------------------------------
 There are 0 ports with partial output delay specified.


12. checking latch_loops (0)
----------------------------
 There are 0 combinational latch loops in the design through latch input



------------------------------------------------------------------------------------------------
| Design Timing Summary
| ---------------------
------------------------------------------------------------------------------------------------

    WNS(ns)      TNS(ns)  TNS Failing Endpoints  TNS Total Endpoints      WHS(ns)      THS(ns)  THS Failing Endpoints  THS Total Endpoints     WPWS(ns)     TPWS(ns)  TPWS Failing Endpoints  TPWS Total Endpoints  
    -------      -------  ---------------------  -------------------      -------      -------  ---------------------  -------------------     --------     --------  ----------------------  --------------------  
        inf        0.000                      0                    4          inf        0.000                      0                    4           NA           NA                      NA                    NA  


There are no user specified timing constraints.


------------------------------------------------------------------------------------------------
| Clock Summary
| -------------
------------------------------------------------------------------------------------------------


------------------------------------------------------------------------------------------------
| Intra Clock Table
| -----------------
------------------------------------------------------------------------------------------------

Clock             WNS(ns)      TNS(ns)  TNS Failing Endpoints  TNS Total Endpoints      WHS(ns)      THS(ns)  THS Failing Endpoints  THS Total Endpoints     WPWS(ns)     TPWS(ns)  TPWS Failing Endpoints  TPWS Total Endpoints  
-----             -------      -------  ---------------------  -------------------      -------      -------  ---------------------  -------------------     --------     --------  ----------------------  --------------------  


------------------------------------------------------------------------------------------------
| Inter Clock Table
| -----------------
------------------------------------------------------------------------------------------------

From Clock    To Clock          WNS(ns)      TNS(ns)  TNS Failing Endpoints  TNS Total Endpoints      WHS(ns)      THS(ns)  THS Failing Endpoints  THS Total Endpoints  
----------    --------          -------      -------  ---------------------  -------------------      -------      -------  ---------------------  -------------------  


------------------------------------------------------------------------------------------------
| Other Path Groups Table
| -----------------------
------------------------------------------------------------------------------------------------

Path Group    From Clock    To Clock          WNS(ns)      TNS(ns)  TNS Failing Endpoints  TNS Total Endpoints      WHS(ns)      THS(ns)  THS Failing Endpoints  THS Total Endpoints  
----------    ----------    --------          -------      -------  ---------------------  -------------------      -------      -------  ---------------------  -------------------  


------------------------------------------------------------------------------------------------
| User Ignored Path Table
| -----------------------
------------------------------------------------------------------------------------------------

Path Group    From Clock    To Clock    
----------    ----------    --------    


------------------------------------------------------------------------------------------------
| Unconstrained Path Table
| ------------------------
------------------------------------------------------------------------------------------------

Path Group    From Clock    To Clock    
----------    ----------    --------    
(none)                                    


------------------------------------------------------------------------------------------------
| Timing Details
| --------------
------------------------------------------------------------------------------------------------


--------------------------------------------------------------------------------------
Path Group:  (none)
From Clock:  
  To Clock:  

Max Delay             4 Endpoints
Min Delay             4 Endpoints
--------------------------------------------------------------------------------------


Max Delay Paths
--------------------------------------------------------------------------------------
Slack:                    inf
  Source:                 G0/q_reg/C
                            (rising edge-triggered cell FDRE)
  Destination:            Q
                            (output port)
  Path Group:             (none)
  Path Type:              Max at Slow Process Corner
  Data Path Delay:        4.913ns  (logic 3.247ns (66.103%)  route 1.665ns (33.898%))
  Logic Levels:           2  (FDRE=1 OBUF=1)

    Location             Delay type                Incr(ns)  Path(ns)    Netlist Resource(s)
  -------------------------------------------------------------------    -------------------
    SLICE_X2Y1           FDRE                         0.000     0.000 r  G0/q_reg/C
    SLICE_X2Y1           FDRE (Prop_fdre_C_Q)         0.478     0.478 r  G0/q_reg/Q
                         net (fo=1, routed)           1.665     2.143    Q_OBUF
    W5                   OBUF (Prop_obuf_I_O)         2.769     4.913 r  Q_OBUF_inst/O
                         net (fo=0)                   0.000     4.913    Q
    W5                                                                r  Q (OUT)
  -------------------------------------------------------------------    -------------------

Slack:                    inf
  Source:                 D
                            (input port)
  Destination:            G3/q_reg/D
  Path Group:             (none)
  Path Type:              Max at Slow Process Corner
  Data Path Delay:        1.668ns  (logic 0.915ns (54.826%)  route 0.754ns (45.174%))
  Logic Levels:           1  (IBUF=1)

    Location             Delay type                Incr(ns)  Path(ns)    Netlist Resource(s)
  -------------------------------------------------------------------    -------------------
    U7                                                0.000     0.000 r  D (IN)
                         net (fo=0)                   0.000     0.000    D
    U7                   IBUF (Prop_ibuf_I_O)         0.915     0.915 r  D_IBUF_inst/O
                         net (fo=1, routed)           0.754     1.668    G3/D_IBUF
    SLICE_X0Y0           FDRE                                         r  G3/q_reg/D
  -------------------------------------------------------------------    -------------------

Slack:                    inf
  Source:                 G1/q_reg_srl2/CLK
                            (rising edge-triggered cell SRL16E)
  Destination:            G0/q_reg/D
  Path Group:             (none)
  Path Type:              Max at Slow Process Corner
  Data Path Delay:        1.617ns  (logic 1.617ns (100.000%)  route 0.000ns (0.000%))
  Logic Levels:           1  (SRL16E=1)

    Location             Delay type                Incr(ns)  Path(ns)    Netlist Resource(s)
  -------------------------------------------------------------------    -------------------
    SLICE_X2Y1           SRL16E                       0.000     0.000 r  G1/q_reg_srl2/CLK
    SLICE_X2Y1           SRL16E (Prop_srl16e_CLK_Q)
                                                      1.617     1.617 r  G1/q_reg_srl2/Q
                         net (fo=1, routed)           0.000     1.617    G0/q_reg_0
    SLICE_X2Y1           FDRE                                         r  G0/q_reg/D
  -------------------------------------------------------------------    -------------------

Slack:                    inf
  Source:                 G3/q_reg/C
                            (rising edge-triggered cell FDRE)
  Destination:            G1/q_reg_srl2/D
  Path Group:             (none)
  Path Type:              Max at Slow Process Corner
  Data Path Delay:        0.852ns  (logic 0.518ns (60.781%)  route 0.334ns (39.219%))
  Logic Levels:           1  (FDRE=1)

    Location             Delay type                Incr(ns)  Path(ns)    Netlist Resource(s)
  -------------------------------------------------------------------    -------------------
    SLICE_X0Y0           FDRE                         0.000     0.000 r  G3/q_reg/C
    SLICE_X0Y0           FDRE (Prop_fdre_C_Q)         0.518     0.518 r  G3/q_reg/Q
                         net (fo=1, routed)           0.334     0.852    G1/q_reg_0
    SLICE_X2Y1           SRL16E                                       r  G1/q_reg_srl2/D
  -------------------------------------------------------------------    -------------------





Min Delay Paths
--------------------------------------------------------------------------------------
Slack:                    inf
  Source:                 G3/q_reg/C
                            (rising edge-triggered cell FDRE)
  Destination:            G1/q_reg_srl2/D
  Path Group:             (none)
  Path Type:              Min at Fast Process Corner
  Data Path Delay:        0.263ns  (logic 0.164ns (62.300%)  route 0.099ns (37.700%))
  Logic Levels:           1  (FDRE=1)

    Location             Delay type                Incr(ns)  Path(ns)    Netlist Resource(s)
  -------------------------------------------------------------------    -------------------
    SLICE_X0Y0           FDRE                         0.000     0.000 r  G3/q_reg/C
    SLICE_X0Y0           FDRE (Prop_fdre_C_Q)         0.164     0.164 r  G3/q_reg/Q
                         net (fo=1, routed)           0.099     0.263    G1/q_reg_0
    SLICE_X2Y1           SRL16E                                       r  G1/q_reg_srl2/D
  -------------------------------------------------------------------    -------------------

Slack:                    inf
  Source:                 D
                            (input port)
  Destination:            G3/q_reg/D
  Path Group:             (none)
  Path Type:              Min at Fast Process Corner
  Data Path Delay:        0.438ns  (logic 0.144ns (32.915%)  route 0.294ns (67.085%))
  Logic Levels:           1  (IBUF=1)

    Location             Delay type                Incr(ns)  Path(ns)    Netlist Resource(s)
  -------------------------------------------------------------------    -------------------
    U7                                                0.000     0.000 r  D (IN)
                         net (fo=0)                   0.000     0.000    D
    U7                   IBUF (Prop_ibuf_I_O)         0.144     0.144 r  D_IBUF_inst/O
                         net (fo=1, routed)           0.294     0.438    G3/D_IBUF
    SLICE_X0Y0           FDRE                                         r  G3/q_reg/D
  -------------------------------------------------------------------    -------------------

Slack:                    inf
  Source:                 G1/q_reg_srl2/CLK
                            (rising edge-triggered cell SRL16E)
  Destination:            G0/q_reg/D
  Path Group:             (none)
  Path Type:              Min at Fast Process Corner
  Data Path Delay:        0.488ns  (logic 0.488ns (100.000%)  route 0.000ns (0.000%))
  Logic Levels:           1  (SRL16E=1)

    Location             Delay type                Incr(ns)  Path(ns)    Netlist Resource(s)
  -------------------------------------------------------------------    -------------------
    SLICE_X2Y1           SRL16E                       0.000     0.000 r  G1/q_reg_srl2/CLK
    SLICE_X2Y1           SRL16E (Prop_srl16e_CLK_Q)
                                                      0.488     0.488 r  G1/q_reg_srl2/Q
                         net (fo=1, routed)           0.000     0.488    G0/q_reg_0
    SLICE_X2Y1           FDRE                                         r  G0/q_reg/D
  -------------------------------------------------------------------    -------------------

Slack:                    inf
  Source:                 G0/q_reg/C
                            (rising edge-triggered cell FDRE)
  Destination:            Q
                            (output port)
  Path Group:             (none)
  Path Type:              Min at Fast Process Corner
  Data Path Delay:        1.647ns  (logic 1.316ns (79.946%)  route 0.330ns (20.054%))
  Logic Levels:           2  (FDRE=1 OBUF=1)

    Location             Delay type                Incr(ns)  Path(ns)    Netlist Resource(s)
  -------------------------------------------------------------------    -------------------
    SLICE_X2Y1           FDRE                         0.000     0.000 r  G0/q_reg/C
    SLICE_X2Y1           FDRE (Prop_fdre_C_Q)         0.148     0.148 r  G0/q_reg/Q
                         net (fo=1, routed)           0.330     0.478    Q_OBUF
    W5                   OBUF (Prop_obuf_I_O)         1.168     1.647 r  Q_OBUF_inst/O
                         net (fo=0)                   0.000     1.647    Q
    W5                                                                r  Q (OUT)
  -------------------------------------------------------------------    -------------------





