Copyright 1986-2022 Xilinx, Inc. All Rights Reserved. Copyright 2022-2025 Advanced Micro Devices, Inc. All Rights Reserved.
------------------------------------------------------------------------------------------------------------------------------------------------------------------------------------------------------------------------------------------------------------------
| Tool Version : Vivado v.2025.2 (win64) Build 6299465 Fri Nov 14 19:35:11 GMT 2025
| Date         : Tue Jun  9 12:48:53 2026
| Host         : Denanath running 64-bit major release  (build 9200)
| Command      : report_timing_summary -max_paths 10 -routable_nets -report_unconstrained -file ripple_carry_adder_timing_summary_routed.rpt -pb ripple_carry_adder_timing_summary_routed.pb -rpx ripple_carry_adder_timing_summary_routed.rpx -warn_on_violation
| Design       : ripple_carry_adder
| Device       : 7vx485t-ffg1157
| Speed File   : -1  PRODUCTION 1.12 2014-09-11
| Design State : Routed
------------------------------------------------------------------------------------------------------------------------------------------------------------------------------------------------------------------------------------------------------------------

Timing Summary Report

------------------------------------------------------------------------------------------------
| Timer Settings
| --------------
------------------------------------------------------------------------------------------------

  Enable Multi Corner Analysis               :  Yes
  Enable Pessimism Removal                   :  Yes
  Pessimism Removal Resolution               :  Nearest Common Node
  Enable Input Delay Default Clock           :  No
  Enable Preset / Clear Arcs                 :  No
  Disable Flight Delays                      :  No
  Ignore I/O Paths                           :  No
  Timing Early Launch at Borrowing Latches   :  No
  Borrow Time for Max Delay Exceptions       :  Yes
  Merge Timing Exceptions                    :  Yes
  Inter-SLR Compensation                     :  Conservative

  Corner  Analyze    Analyze    
  Name    Max Paths  Min Paths  
  ------  ---------  ---------  
  Slow    Yes        Yes        
  Fast    Yes        Yes        


------------------------------------------------------------------------------------------------
| Report Methodology
| ------------------
------------------------------------------------------------------------------------------------

No report available as report_methodology has not been run prior. Run report_methodology on the current design for the summary of methodology violations.



check_timing report

Table of Contents
-----------------
1. checking no_clock (0)
2. checking constant_clock (0)
3. checking pulse_width_clock (0)
4. checking unconstrained_internal_endpoints (0)
5. checking no_input_delay (0)
6. checking no_output_delay (0)
7. checking multiple_clock (0)
8. checking generated_clocks (0)
9. checking loops (0)
10. checking partial_input_delay (0)
11. checking partial_output_delay (0)
12. checking latch_loops (0)

1. checking no_clock (0)
------------------------
 There are 0 register/latch pins with no clock.


2. checking constant_clock (0)
------------------------------
 There are 0 register/latch pins with constant_clock.


3. checking pulse_width_clock (0)
---------------------------------
 There are 0 register/latch pins which need pulse_width check


4. checking unconstrained_internal_endpoints (0)
------------------------------------------------
 There are 0 pins that are not constrained for maximum delay.

 There are 0 pins that are not constrained for maximum delay due to constant clock.


5. checking no_input_delay (0)
------------------------------
 There are 0 input ports with no input delay specified.

 There are 0 input ports with no input delay but user has a false path constraint.


6. checking no_output_delay (0)
-------------------------------
 There are 0 ports with no output delay specified.

 There are 0 ports with no output delay but user has a false path constraint

 There are 0 ports with no output delay but with a timing clock defined on it or propagating through it


7. checking multiple_clock (0)
------------------------------
 There are 0 register/latch pins with multiple clocks.


8. checking generated_clocks (0)
--------------------------------
 There are 0 generated clocks that are not connected to a clock source.


9. checking loops (0)
---------------------
 There are 0 combinational loops in the design.


10. checking partial_input_delay (0)
------------------------------------
 There are 0 input ports with partial input delay specified.


11. checking partial_output_delay (0)
-------------------------------------
 There are 0 ports with partial output delay specified.


12. checking latch_loops (0)
----------------------------
 There are 0 combinational latch loops in the design through latch input



------------------------------------------------------------------------------------------------
| Design Timing Summary
| ---------------------
------------------------------------------------------------------------------------------------

    WNS(ns)      TNS(ns)  TNS Failing Endpoints  TNS Total Endpoints      WHS(ns)      THS(ns)  THS Failing Endpoints  THS Total Endpoints     WPWS(ns)     TPWS(ns)  TPWS Failing Endpoints  TPWS Total Endpoints  
    -------      -------  ---------------------  -------------------      -------      -------  ---------------------  -------------------     --------     --------  ----------------------  --------------------  
        inf        0.000                      0                    5          inf        0.000                      0                    5           NA           NA                      NA                    NA  


There are no user specified timing constraints.


------------------------------------------------------------------------------------------------
| Clock Summary
| -------------
------------------------------------------------------------------------------------------------


------------------------------------------------------------------------------------------------
| Intra Clock Table
| -----------------
------------------------------------------------------------------------------------------------

Clock             WNS(ns)      TNS(ns)  TNS Failing Endpoints  TNS Total Endpoints      WHS(ns)      THS(ns)  THS Failing Endpoints  THS Total Endpoints     WPWS(ns)     TPWS(ns)  TPWS Failing Endpoints  TPWS Total Endpoints  
-----             -------      -------  ---------------------  -------------------      -------      -------  ---------------------  -------------------     --------     --------  ----------------------  --------------------  


------------------------------------------------------------------------------------------------
| Inter Clock Table
| -----------------
------------------------------------------------------------------------------------------------

From Clock    To Clock          WNS(ns)      TNS(ns)  TNS Failing Endpoints  TNS Total Endpoints      WHS(ns)      THS(ns)  THS Failing Endpoints  THS Total Endpoints  
----------    --------          -------      -------  ---------------------  -------------------      -------      -------  ---------------------  -------------------  


------------------------------------------------------------------------------------------------
| Other Path Groups Table
| -----------------------
------------------------------------------------------------------------------------------------

Path Group    From Clock    To Clock          WNS(ns)      TNS(ns)  TNS Failing Endpoints  TNS Total Endpoints      WHS(ns)      THS(ns)  THS Failing Endpoints  THS Total Endpoints  
----------    ----------    --------          -------      -------  ---------------------  -------------------      -------      -------  ---------------------  -------------------  


------------------------------------------------------------------------------------------------
| User Ignored Path Table
| -----------------------
------------------------------------------------------------------------------------------------

Path Group    From Clock    To Clock    
----------    ----------    --------    


------------------------------------------------------------------------------------------------
| Unconstrained Path Table
| ------------------------
------------------------------------------------------------------------------------------------

Path Group    From Clock    To Clock    
----------    ----------    --------    
(none)                                    


------------------------------------------------------------------------------------------------
| Timing Details
| --------------
------------------------------------------------------------------------------------------------


--------------------------------------------------------------------------------------
Path Group:  (none)
From Clock:  
  To Clock:  

Max Delay             5 Endpoints
Min Delay             5 Endpoints
--------------------------------------------------------------------------------------


Max Delay Paths
--------------------------------------------------------------------------------------
Slack:                    inf
  Source:                 a[1]
                            (input port)
  Destination:            Cout
                            (output port)
  Path Group:             (none)
  Path Type:              Max at Slow Process Corner
  Data Path Delay:        6.868ns  (logic 3.378ns (49.180%)  route 3.490ns (50.820%))
  Logic Levels:           4  (IBUF=1 LUT5=2 OBUF=1)

    Location             Delay type                Incr(ns)  Path(ns)    Netlist Resource(s)
  -------------------------------------------------------------------    -------------------
    AP27                                              0.000     0.000 r  a[1] (IN)
                         net (fo=0)                   0.000     0.000    a[1]
    AP27                 IBUF (Prop_ibuf_I_O)         0.733     0.733 r  a_IBUF[1]_inst/O
                         net (fo=2, routed)           1.372     2.104    a_IBUF[1]
    SLICE_X47Y56         LUT5 (Prop_lut5_I4_O)        0.063     2.167 r  S_OBUF[3]_inst_i_2/O
                         net (fo=3, routed)           0.601     2.768    C_1
    SLICE_X47Y56         LUT5 (Prop_lut5_I2_O)        0.185     2.953 r  Cout_OBUF_inst_i_1/O
                         net (fo=1, routed)           1.518     4.471    Cout_OBUF
    AL26                 OBUF (Prop_obuf_I_O)         2.397     6.868 r  Cout_OBUF_inst/O
                         net (fo=0)                   0.000     6.868    Cout
    AL26                                                              r  Cout (OUT)
  -------------------------------------------------------------------    -------------------

Slack:                    inf
  Source:                 a[1]
                            (input port)
  Destination:            S[3]
                            (output port)
  Path Group:             (none)
  Path Type:              Max at Slow Process Corner
  Data Path Delay:        6.790ns  (logic 3.263ns (48.052%)  route 3.527ns (51.948%))
  Logic Levels:           4  (IBUF=1 LUT5=2 OBUF=1)

    Location             Delay type                Incr(ns)  Path(ns)    Netlist Resource(s)
  -------------------------------------------------------------------    -------------------
    AP27                                              0.000     0.000 r  a[1] (IN)
                         net (fo=0)                   0.000     0.000    a[1]
    AP27                 IBUF (Prop_ibuf_I_O)         0.733     0.733 r  a_IBUF[1]_inst/O
                         net (fo=2, routed)           1.372     2.104    a_IBUF[1]
    SLICE_X47Y56         LUT5 (Prop_lut5_I4_O)        0.063     2.167 r  S_OBUF[3]_inst_i_2/O
                         net (fo=3, routed)           0.601     2.768    C_1
    SLICE_X47Y56         LUT5 (Prop_lut5_I3_O)        0.170     2.938 r  S_OBUF[3]_inst_i_1/O
                         net (fo=1, routed)           1.555     4.493    S_OBUF[3]
    AM26                 OBUF (Prop_obuf_I_O)         2.297     6.790 r  S_OBUF[3]_inst/O
                         net (fo=0)                   0.000     6.790    S[3]
    AM26                                                              r  S[3] (OUT)
  -------------------------------------------------------------------    -------------------

Slack:                    inf
  Source:                 a[1]
                            (input port)
  Destination:            S[2]
                            (output port)
  Path Group:             (none)
  Path Type:              Max at Slow Process Corner
  Data Path Delay:        6.539ns  (logic 3.263ns (49.899%)  route 3.276ns (50.101%))
  Logic Levels:           4  (IBUF=1 LUT3=1 LUT5=1 OBUF=1)

    Location             Delay type                Incr(ns)  Path(ns)    Netlist Resource(s)
  -------------------------------------------------------------------    -------------------
    AP27                                              0.000     0.000 r  a[1] (IN)
                         net (fo=0)                   0.000     0.000    a[1]
    AP27                 IBUF (Prop_ibuf_I_O)         0.733     0.733 r  a_IBUF[1]_inst/O
                         net (fo=2, routed)           1.372     2.104    a_IBUF[1]
    SLICE_X47Y56         LUT5 (Prop_lut5_I4_O)        0.063     2.167 r  S_OBUF[3]_inst_i_2/O
                         net (fo=3, routed)           0.317     2.484    C_1
    SLICE_X47Y56         LUT3 (Prop_lut3_I2_O)        0.170     2.654 r  S_OBUF[2]_inst_i_1/O
                         net (fo=1, routed)           1.588     4.242    S_OBUF[2]
    AM27                 OBUF (Prop_obuf_I_O)         2.297     6.539 r  S_OBUF[2]_inst/O
                         net (fo=0)                   0.000     6.539    S[2]
    AM27                                                              r  S[2] (OUT)
  -------------------------------------------------------------------    -------------------

Slack:                    inf
  Source:                 a[1]
                            (input port)
  Destination:            S[1]
                            (output port)
  Path Group:             (none)
  Path Type:              Max at Slow Process Corner
  Data Path Delay:        5.912ns  (logic 3.102ns (52.475%)  route 2.810ns (47.525%))
  Logic Levels:           3  (IBUF=1 LUT5=1 OBUF=1)

    Location             Delay type                Incr(ns)  Path(ns)    Netlist Resource(s)
  -------------------------------------------------------------------    -------------------
    AP27                                              0.000     0.000 r  a[1] (IN)
                         net (fo=0)                   0.000     0.000    a[1]
    AP27                 IBUF (Prop_ibuf_I_O)         0.733     0.733 r  a_IBUF[1]_inst/O
                         net (fo=2, routed)           1.372     2.104    a_IBUF[1]
    SLICE_X47Y56         LUT5 (Prop_lut5_I1_O)        0.053     2.157 r  S_OBUF[1]_inst_i_1/O
                         net (fo=1, routed)           1.438     3.595    S_OBUF[1]
    AN29                 OBUF (Prop_obuf_I_O)         2.317     5.912 r  S_OBUF[1]_inst/O
                         net (fo=0)                   0.000     5.912    S[1]
    AN29                                                              r  S[1] (OUT)
  -------------------------------------------------------------------    -------------------

Slack:                    inf
  Source:                 b[0]
                            (input port)
  Destination:            S[0]
                            (output port)
  Path Group:             (none)
  Path Type:              Max at Slow Process Corner
  Data Path Delay:        5.789ns  (logic 3.111ns (53.739%)  route 2.678ns (46.261%))
  Logic Levels:           3  (IBUF=1 LUT3=1 OBUF=1)

    Location             Delay type                Incr(ns)  Path(ns)    Netlist Resource(s)
  -------------------------------------------------------------------    -------------------
    AP25                                              0.000     0.000 r  b[0] (IN)
                         net (fo=0)                   0.000     0.000    b[0]
    AP25                 IBUF (Prop_ibuf_I_O)         0.738     0.738 r  b_IBUF[0]_inst/O
                         net (fo=3, routed)           1.204     1.941    b_IBUF[0]
    SLICE_X47Y56         LUT3 (Prop_lut3_I0_O)        0.053     1.994 r  S_OBUF[0]_inst_i_1/O
                         net (fo=1, routed)           1.475     3.469    S_OBUF[0]
    AP29                 OBUF (Prop_obuf_I_O)         2.320     5.789 r  S_OBUF[0]_inst/O
                         net (fo=0)                   0.000     5.789    S[0]
    AP29                                                              r  S[0] (OUT)
  -------------------------------------------------------------------    -------------------





Min Delay Paths
--------------------------------------------------------------------------------------
Slack:                    inf
  Source:                 b[3]
                            (input port)
  Destination:            S[3]
                            (output port)
  Path Group:             (none)
  Path Type:              Min at Fast Process Corner
  Data Path Delay:        2.240ns  (logic 1.283ns (57.275%)  route 0.957ns (42.725%))
  Logic Levels:           3  (IBUF=1 LUT5=1 OBUF=1)

    Location             Delay type                Incr(ns)  Path(ns)    Netlist Resource(s)
  -------------------------------------------------------------------    -------------------
    AN25                                              0.000     0.000 r  b[3] (IN)
                         net (fo=0)                   0.000     0.000    b[3]
    AN25                 IBUF (Prop_ibuf_I_O)         0.124     0.124 r  b_IBUF[3]_inst/O
                         net (fo=2, routed)           0.430     0.554    b_IBUF[3]
    SLICE_X47Y56         LUT5 (Prop_lut5_I0_O)        0.028     0.582 r  S_OBUF[3]_inst_i_1/O
                         net (fo=1, routed)           0.527     1.109    S_OBUF[3]
    AM26                 OBUF (Prop_obuf_I_O)         1.131     2.240 r  S_OBUF[3]_inst/O
                         net (fo=0)                   0.000     2.240    S[3]
    AM26                                                              r  S[3] (OUT)
  -------------------------------------------------------------------    -------------------

Slack:                    inf
  Source:                 b[3]
                            (input port)
  Destination:            Cout
                            (output port)
  Path Group:             (none)
  Path Type:              Min at Fast Process Corner
  Data Path Delay:        2.255ns  (logic 1.313ns (58.204%)  route 0.943ns (41.796%))
  Logic Levels:           3  (IBUF=1 LUT5=1 OBUF=1)

    Location             Delay type                Incr(ns)  Path(ns)    Netlist Resource(s)
  -------------------------------------------------------------------    -------------------
    AN25                                              0.000     0.000 r  b[3] (IN)
                         net (fo=0)                   0.000     0.000    b[3]
    AN25                 IBUF (Prop_ibuf_I_O)         0.124     0.124 r  b_IBUF[3]_inst/O
                         net (fo=2, routed)           0.430     0.554    b_IBUF[3]
    SLICE_X47Y56         LUT5 (Prop_lut5_I0_O)        0.033     0.587 r  Cout_OBUF_inst_i_1/O
                         net (fo=1, routed)           0.513     1.100    Cout_OBUF
    AL26                 OBUF (Prop_obuf_I_O)         1.156     2.255 r  Cout_OBUF_inst/O
                         net (fo=0)                   0.000     2.255    Cout
    AL26                                                              r  Cout (OUT)
  -------------------------------------------------------------------    -------------------

Slack:                    inf
  Source:                 Cin
                            (input port)
  Destination:            S[0]
                            (output port)
  Path Group:             (none)
  Path Type:              Min at Fast Process Corner
  Data Path Delay:        2.273ns  (logic 1.309ns (57.568%)  route 0.965ns (42.432%))
  Logic Levels:           3  (IBUF=1 LUT3=1 OBUF=1)

    Location             Delay type                Incr(ns)  Path(ns)    Netlist Resource(s)
  -------------------------------------------------------------------    -------------------
    AM25                                              0.000     0.000 r  Cin (IN)
                         net (fo=0)                   0.000     0.000    Cin
    AM25                 IBUF (Prop_ibuf_I_O)         0.127     0.127 r  Cin_IBUF_inst/O
                         net (fo=3, routed)           0.478     0.605    Cin_IBUF
    SLICE_X47Y56         LUT3 (Prop_lut3_I2_O)        0.028     0.633 r  S_OBUF[0]_inst_i_1/O
                         net (fo=1, routed)           0.487     1.119    S_OBUF[0]
    AP29                 OBUF (Prop_obuf_I_O)         1.154     2.273 r  S_OBUF[0]_inst/O
                         net (fo=0)                   0.000     2.273    S[0]
    AP29                                                              r  S[0] (OUT)
  -------------------------------------------------------------------    -------------------

Slack:                    inf
  Source:                 b[1]
                            (input port)
  Destination:            S[1]
                            (output port)
  Path Group:             (none)
  Path Type:              Min at Fast Process Corner
  Data Path Delay:        2.288ns  (logic 1.317ns (57.579%)  route 0.970ns (42.421%))
  Logic Levels:           3  (IBUF=1 LUT5=1 OBUF=1)

    Location             Delay type                Incr(ns)  Path(ns)    Netlist Resource(s)
  -------------------------------------------------------------------    -------------------
    AN28                                              0.000     0.000 r  b[1] (IN)
                         net (fo=0)                   0.000     0.000    b[1]
    AN28                 IBUF (Prop_ibuf_I_O)         0.139     0.139 r  b_IBUF[1]_inst/O
                         net (fo=2, routed)           0.480     0.619    b_IBUF[1]
    SLICE_X47Y56         LUT5 (Prop_lut5_I0_O)        0.028     0.647 r  S_OBUF[1]_inst_i_1/O
                         net (fo=1, routed)           0.490     1.137    S_OBUF[1]
    AN29                 OBUF (Prop_obuf_I_O)         1.150     2.288 r  S_OBUF[1]_inst/O
                         net (fo=0)                   0.000     2.288    S[1]
    AN29                                                              r  S[1] (OUT)
  -------------------------------------------------------------------    -------------------

Slack:                    inf
  Source:                 b[2]
                            (input port)
  Destination:            S[2]
                            (output port)
  Path Group:             (none)
  Path Type:              Min at Fast Process Corner
  Data Path Delay:        2.315ns  (logic 1.299ns (56.117%)  route 1.016ns (43.883%))
  Logic Levels:           3  (IBUF=1 LUT3=1 OBUF=1)

    Location             Delay type                Incr(ns)  Path(ns)    Netlist Resource(s)
  -------------------------------------------------------------------    -------------------
    AM28                                              0.000     0.000 r  b[2] (IN)
                         net (fo=0)                   0.000     0.000    b[2]
    AM28                 IBUF (Prop_ibuf_I_O)         0.140     0.140 r  b_IBUF[2]_inst/O
                         net (fo=3, routed)           0.470     0.610    b_IBUF[2]
    SLICE_X47Y56         LUT3 (Prop_lut3_I0_O)        0.028     0.638 r  S_OBUF[2]_inst_i_1/O
                         net (fo=1, routed)           0.546     1.184    S_OBUF[2]
    AM27                 OBUF (Prop_obuf_I_O)         1.131     2.315 r  S_OBUF[2]_inst/O
                         net (fo=0)                   0.000     2.315    S[2]
    AM27                                                              r  S[2] (OUT)
  -------------------------------------------------------------------    -------------------





