Copyright 1986-2022 Xilinx, Inc. All Rights Reserved. Copyright 2022-2025 Advanced Micro Devices, Inc. All Rights Reserved.
---------------------------------------------------------------------------------------------------------------------------------------------------------------------------------------------------------------------------------------------
| Tool Version : Vivado v.2025.2 (win64) Build 6299465 Fri Nov 14 19:35:11 GMT 2025
| Date         : Sat May 16 14:22:13 2026
| Host         : Denanath running 64-bit major release  (build 9200)
| Command      : report_timing_summary -max_paths 10 -routable_nets -report_unconstrained -file incrementer_timing_summary_routed.rpt -pb incrementer_timing_summary_routed.pb -rpx incrementer_timing_summary_routed.rpx -warn_on_violation
| Design       : incrementer
| Device       : 7s50-csga324
| Speed File   : -1  PRODUCTION 1.23 2018-06-13
| Design State : Routed
---------------------------------------------------------------------------------------------------------------------------------------------------------------------------------------------------------------------------------------------

Timing Summary Report

------------------------------------------------------------------------------------------------
| Timer Settings
| --------------
------------------------------------------------------------------------------------------------

  Enable Multi Corner Analysis               :  Yes
  Enable Pessimism Removal                   :  Yes
  Pessimism Removal Resolution               :  Nearest Common Node
  Enable Input Delay Default Clock           :  No
  Enable Preset / Clear Arcs                 :  No
  Disable Flight Delays                      :  No
  Ignore I/O Paths                           :  No
  Timing Early Launch at Borrowing Latches   :  No
  Borrow Time for Max Delay Exceptions       :  Yes
  Merge Timing Exceptions                    :  Yes
  Inter-SLR Compensation                     :  Conservative

  Corner  Analyze    Analyze    
  Name    Max Paths  Min Paths  
  ------  ---------  ---------  
  Slow    Yes        Yes        
  Fast    Yes        Yes        


------------------------------------------------------------------------------------------------
| Report Methodology
| ------------------
------------------------------------------------------------------------------------------------

No report available as report_methodology has not been run prior. Run report_methodology on the current design for the summary of methodology violations.



check_timing report

Table of Contents
-----------------
1. checking no_clock (0)
2. checking constant_clock (0)
3. checking pulse_width_clock (0)
4. checking unconstrained_internal_endpoints (0)
5. checking no_input_delay (0)
6. checking no_output_delay (0)
7. checking multiple_clock (0)
8. checking generated_clocks (0)
9. checking loops (0)
10. checking partial_input_delay (0)
11. checking partial_output_delay (0)
12. checking latch_loops (0)

1. checking no_clock (0)
------------------------
 There are 0 register/latch pins with no clock.


2. checking constant_clock (0)
------------------------------
 There are 0 register/latch pins with constant_clock.


3. checking pulse_width_clock (0)
---------------------------------
 There are 0 register/latch pins which need pulse_width check


4. checking unconstrained_internal_endpoints (0)
------------------------------------------------
 There are 0 pins that are not constrained for maximum delay.

 There are 0 pins that are not constrained for maximum delay due to constant clock.


5. checking no_input_delay (0)
------------------------------
 There are 0 input ports with no input delay specified.

 There are 0 input ports with no input delay but user has a false path constraint.


6. checking no_output_delay (0)
-------------------------------
 There are 0 ports with no output delay specified.

 There are 0 ports with no output delay but user has a false path constraint

 There are 0 ports with no output delay but with a timing clock defined on it or propagating through it


7. checking multiple_clock (0)
------------------------------
 There are 0 register/latch pins with multiple clocks.


8. checking generated_clocks (0)
--------------------------------
 There are 0 generated clocks that are not connected to a clock source.


9. checking loops (0)
---------------------
 There are 0 combinational loops in the design.


10. checking partial_input_delay (0)
------------------------------------
 There are 0 input ports with partial input delay specified.


11. checking partial_output_delay (0)
-------------------------------------
 There are 0 ports with partial output delay specified.


12. checking latch_loops (0)
----------------------------
 There are 0 combinational latch loops in the design through latch input



------------------------------------------------------------------------------------------------
| Design Timing Summary
| ---------------------
------------------------------------------------------------------------------------------------

    WNS(ns)      TNS(ns)  TNS Failing Endpoints  TNS Total Endpoints      WHS(ns)      THS(ns)  THS Failing Endpoints  THS Total Endpoints     WPWS(ns)     TPWS(ns)  TPWS Failing Endpoints  TPWS Total Endpoints  
    -------      -------  ---------------------  -------------------      -------      -------  ---------------------  -------------------     --------     --------  ----------------------  --------------------  
        inf        0.000                      0                    5          inf        0.000                      0                    5           NA           NA                      NA                    NA  


There are no user specified timing constraints.


------------------------------------------------------------------------------------------------
| Clock Summary
| -------------
------------------------------------------------------------------------------------------------


------------------------------------------------------------------------------------------------
| Intra Clock Table
| -----------------
------------------------------------------------------------------------------------------------

Clock             WNS(ns)      TNS(ns)  TNS Failing Endpoints  TNS Total Endpoints      WHS(ns)      THS(ns)  THS Failing Endpoints  THS Total Endpoints     WPWS(ns)     TPWS(ns)  TPWS Failing Endpoints  TPWS Total Endpoints  
-----             -------      -------  ---------------------  -------------------      -------      -------  ---------------------  -------------------     --------     --------  ----------------------  --------------------  


------------------------------------------------------------------------------------------------
| Inter Clock Table
| -----------------
------------------------------------------------------------------------------------------------

From Clock    To Clock          WNS(ns)      TNS(ns)  TNS Failing Endpoints  TNS Total Endpoints      WHS(ns)      THS(ns)  THS Failing Endpoints  THS Total Endpoints  
----------    --------          -------      -------  ---------------------  -------------------      -------      -------  ---------------------  -------------------  


------------------------------------------------------------------------------------------------
| Other Path Groups Table
| -----------------------
------------------------------------------------------------------------------------------------

Path Group    From Clock    To Clock          WNS(ns)      TNS(ns)  TNS Failing Endpoints  TNS Total Endpoints      WHS(ns)      THS(ns)  THS Failing Endpoints  THS Total Endpoints  
----------    ----------    --------          -------      -------  ---------------------  -------------------      -------      -------  ---------------------  -------------------  


------------------------------------------------------------------------------------------------
| User Ignored Path Table
| -----------------------
------------------------------------------------------------------------------------------------

Path Group    From Clock    To Clock    
----------    ----------    --------    


------------------------------------------------------------------------------------------------
| Unconstrained Path Table
| ------------------------
------------------------------------------------------------------------------------------------

Path Group    From Clock    To Clock    
----------    ----------    --------    
(none)                                    


------------------------------------------------------------------------------------------------
| Timing Details
| --------------
------------------------------------------------------------------------------------------------


--------------------------------------------------------------------------------------
Path Group:  (none)
From Clock:  
  To Clock:  

Max Delay             5 Endpoints
Min Delay             5 Endpoints
--------------------------------------------------------------------------------------


Max Delay Paths
--------------------------------------------------------------------------------------
Slack:                    inf
  Source:                 a[0]
                            (input port)
  Destination:            cout
                            (output port)
  Path Group:             (none)
  Path Type:              Max at Slow Process Corner
  Data Path Delay:        9.723ns  (logic 5.353ns (55.049%)  route 4.371ns (44.951%))
  Logic Levels:           3  (IBUF=1 LUT4=1 OBUF=1)

    Location             Delay type                Incr(ns)  Path(ns)    Netlist Resource(s)
  -------------------------------------------------------------------    -------------------
    M1                                                0.000     0.000 r  a[0] (IN)
                         net (fo=0)                   0.000     0.000    a[0]
    M1                   IBUF (Prop_ibuf_I_O)         1.450     1.450 r  a_IBUF[0]_inst/O
                         net (fo=5, routed)           2.562     4.012    a_IBUF[0]
    SLICE_X65Y79         LUT4 (Prop_lut4_I1_O)        0.152     4.164 r  cout_OBUF_inst_i_1/O
                         net (fo=1, routed)           1.808     5.973    cout_OBUF
    A4                   OBUF (Prop_obuf_I_O)         3.750     9.723 r  cout_OBUF_inst/O
                         net (fo=0)                   0.000     9.723    cout
    A4                                                                r  cout (OUT)
  -------------------------------------------------------------------    -------------------

Slack:                    inf
  Source:                 a[0]
                            (input port)
  Destination:            s[1]
                            (output port)
  Path Group:             (none)
  Path Type:              Max at Slow Process Corner
  Data Path Delay:        9.610ns  (logic 5.331ns (55.467%)  route 4.280ns (44.533%))
  Logic Levels:           3  (IBUF=1 LUT2=1 OBUF=1)

    Location             Delay type                Incr(ns)  Path(ns)    Netlist Resource(s)
  -------------------------------------------------------------------    -------------------
    M1                                                0.000     0.000 r  a[0] (IN)
                         net (fo=0)                   0.000     0.000    a[0]
    M1                   IBUF (Prop_ibuf_I_O)         1.450     1.450 r  a_IBUF[0]_inst/O
                         net (fo=5, routed)           2.563     4.013    a_IBUF[0]
    SLICE_X65Y79         LUT2 (Prop_lut2_I0_O)        0.152     4.165 r  s_OBUF[1]_inst_i_1/O
                         net (fo=1, routed)           1.716     5.882    s_OBUF[1]
    B3                   OBUF (Prop_obuf_I_O)         3.728     9.610 r  s_OBUF[1]_inst/O
                         net (fo=0)                   0.000     9.610    s[1]
    B3                                                                r  s[1] (OUT)
  -------------------------------------------------------------------    -------------------

Slack:                    inf
  Source:                 a[0]
                            (input port)
  Destination:            s[3]
                            (output port)
  Path Group:             (none)
  Path Type:              Max at Slow Process Corner
  Data Path Delay:        9.385ns  (logic 5.101ns (54.359%)  route 4.283ns (45.641%))
  Logic Levels:           3  (IBUF=1 LUT4=1 OBUF=1)

    Location             Delay type                Incr(ns)  Path(ns)    Netlist Resource(s)
  -------------------------------------------------------------------    -------------------
    M1                                                0.000     0.000 r  a[0] (IN)
                         net (fo=0)                   0.000     0.000    a[0]
    M1                   IBUF (Prop_ibuf_I_O)         1.450     1.450 r  a_IBUF[0]_inst/O
                         net (fo=5, routed)           2.562     4.012    a_IBUF[0]
    SLICE_X65Y79         LUT4 (Prop_lut4_I1_O)        0.124     4.136 r  s_OBUF[3]_inst_i_1/O
                         net (fo=1, routed)           1.721     5.857    s_OBUF[3]
    B4                   OBUF (Prop_obuf_I_O)         3.527     9.385 r  s_OBUF[3]_inst/O
                         net (fo=0)                   0.000     9.385    s[3]
    B4                                                                r  s[3] (OUT)
  -------------------------------------------------------------------    -------------------

Slack:                    inf
  Source:                 a[0]
                            (input port)
  Destination:            s[2]
                            (output port)
  Path Group:             (none)
  Path Type:              Max at Slow Process Corner
  Data Path Delay:        9.346ns  (logic 5.111ns (54.683%)  route 4.235ns (45.317%))
  Logic Levels:           3  (IBUF=1 LUT3=1 OBUF=1)

    Location             Delay type                Incr(ns)  Path(ns)    Netlist Resource(s)
  -------------------------------------------------------------------    -------------------
    M1                                                0.000     0.000 r  a[0] (IN)
                         net (fo=0)                   0.000     0.000    a[0]
    M1                   IBUF (Prop_ibuf_I_O)         1.450     1.450 r  a_IBUF[0]_inst/O
                         net (fo=5, routed)           2.563     4.013    a_IBUF[0]
    SLICE_X65Y79         LUT3 (Prop_lut3_I1_O)        0.124     4.137 r  s_OBUF[2]_inst_i_1/O
                         net (fo=1, routed)           1.672     5.810    s_OBUF[2]
    A3                   OBUF (Prop_obuf_I_O)         3.537     9.346 r  s_OBUF[2]_inst/O
                         net (fo=0)                   0.000     9.346    s[2]
    A3                                                                r  s[2] (OUT)
  -------------------------------------------------------------------    -------------------

Slack:                    inf
  Source:                 a[0]
                            (input port)
  Destination:            s[0]
                            (output port)
  Path Group:             (none)
  Path Type:              Max at Slow Process Corner
  Data Path Delay:        8.978ns  (logic 5.111ns (56.930%)  route 3.867ns (43.070%))
  Logic Levels:           3  (IBUF=1 LUT1=1 OBUF=1)

    Location             Delay type                Incr(ns)  Path(ns)    Netlist Resource(s)
  -------------------------------------------------------------------    -------------------
    M1                                                0.000     0.000 f  a[0] (IN)
                         net (fo=0)                   0.000     0.000    a[0]
    M1                   IBUF (Prop_ibuf_I_O)         1.450     1.450 f  a_IBUF[0]_inst/O
                         net (fo=5, routed)           2.206     3.656    a_IBUF[0]
    SLICE_X65Y79         LUT1 (Prop_lut1_I0_O)        0.124     3.780 r  s_OBUF[0]_inst_i_1/O
                         net (fo=1, routed)           1.661     5.441    s_OBUF[0]
    A2                   OBUF (Prop_obuf_I_O)         3.537     8.978 r  s_OBUF[0]_inst/O
                         net (fo=0)                   0.000     8.978    s[0]
    A2                                                                r  s[0] (OUT)
  -------------------------------------------------------------------    -------------------





Min Delay Paths
--------------------------------------------------------------------------------------
Slack:                    inf
  Source:                 a[2]
                            (input port)
  Destination:            s[2]
                            (output port)
  Path Group:             (none)
  Path Type:              Min at Fast Process Corner
  Data Path Delay:        2.645ns  (logic 1.508ns (57.000%)  route 1.137ns (43.000%))
  Logic Levels:           3  (IBUF=1 LUT3=1 OBUF=1)

    Location             Delay type                Incr(ns)  Path(ns)    Netlist Resource(s)
  -------------------------------------------------------------------    -------------------
    K2                                                0.000     0.000 r  a[2] (IN)
                         net (fo=0)                   0.000     0.000    a[2]
    K2                   IBUF (Prop_ibuf_I_O)         0.225     0.225 r  a_IBUF[2]_inst/O
                         net (fo=3, routed)           0.810     1.036    a_IBUF[2]
    SLICE_X65Y79         LUT3 (Prop_lut3_I2_O)        0.045     1.081 r  s_OBUF[2]_inst_i_1/O
                         net (fo=1, routed)           0.327     1.408    s_OBUF[2]
    A3                   OBUF (Prop_obuf_I_O)         1.238     2.645 r  s_OBUF[2]_inst/O
                         net (fo=0)                   0.000     2.645    s[2]
    A3                                                                r  s[2] (OUT)
  -------------------------------------------------------------------    -------------------

Slack:                    inf
  Source:                 a[3]
                            (input port)
  Destination:            s[3]
                            (output port)
  Path Group:             (none)
  Path Type:              Min at Fast Process Corner
  Data Path Delay:        2.671ns  (logic 1.491ns (55.824%)  route 1.180ns (44.176%))
  Logic Levels:           3  (IBUF=1 LUT4=1 OBUF=1)

    Location             Delay type                Incr(ns)  Path(ns)    Netlist Resource(s)
  -------------------------------------------------------------------    -------------------
    K1                                                0.000     0.000 r  a[3] (IN)
                         net (fo=0)                   0.000     0.000    a[3]
    K1                   IBUF (Prop_ibuf_I_O)         0.218     0.218 r  a_IBUF[3]_inst/O
                         net (fo=2, routed)           0.817     1.035    a_IBUF[3]
    SLICE_X65Y79         LUT4 (Prop_lut4_I3_O)        0.045     1.080 r  s_OBUF[3]_inst_i_1/O
                         net (fo=1, routed)           0.363     1.443    s_OBUF[3]
    B4                   OBUF (Prop_obuf_I_O)         1.228     2.671 r  s_OBUF[3]_inst/O
                         net (fo=0)                   0.000     2.671    s[3]
    B4                                                                r  s[3] (OUT)
  -------------------------------------------------------------------    -------------------

Slack:                    inf
  Source:                 a[0]
                            (input port)
  Destination:            s[0]
                            (output port)
  Path Group:             (none)
  Path Type:              Min at Fast Process Corner
  Data Path Delay:        2.673ns  (logic 1.501ns (56.159%)  route 1.172ns (43.841%))
  Logic Levels:           3  (IBUF=1 LUT1=1 OBUF=1)

    Location             Delay type                Incr(ns)  Path(ns)    Netlist Resource(s)
  -------------------------------------------------------------------    -------------------
    M1                                                0.000     0.000 f  a[0] (IN)
                         net (fo=0)                   0.000     0.000    a[0]
    M1                   IBUF (Prop_ibuf_I_O)         0.218     0.218 f  a_IBUF[0]_inst/O
                         net (fo=5, routed)           0.840     1.059    a_IBUF[0]
    SLICE_X65Y79         LUT1 (Prop_lut1_I0_O)        0.045     1.104 r  s_OBUF[0]_inst_i_1/O
                         net (fo=1, routed)           0.332     1.435    s_OBUF[0]
    A2                   OBUF (Prop_obuf_I_O)         1.238     2.673 r  s_OBUF[0]_inst/O
                         net (fo=0)                   0.000     2.673    s[0]
    A2                                                                r  s[0] (OUT)
  -------------------------------------------------------------------    -------------------

Slack:                    inf
  Source:                 a[3]
                            (input port)
  Destination:            cout
                            (output port)
  Path Group:             (none)
  Path Type:              Min at Fast Process Corner
  Data Path Delay:        2.779ns  (logic 1.571ns (56.546%)  route 1.207ns (43.454%))
  Logic Levels:           3  (IBUF=1 LUT4=1 OBUF=1)

    Location             Delay type                Incr(ns)  Path(ns)    Netlist Resource(s)
  -------------------------------------------------------------------    -------------------
    K1                                                0.000     0.000 r  a[3] (IN)
                         net (fo=0)                   0.000     0.000    a[3]
    K1                   IBUF (Prop_ibuf_I_O)         0.218     0.218 r  a_IBUF[3]_inst/O
                         net (fo=2, routed)           0.817     1.035    a_IBUF[3]
    SLICE_X65Y79         LUT4 (Prop_lut4_I3_O)        0.043     1.078 r  cout_OBUF_inst_i_1/O
                         net (fo=1, routed)           0.390     1.469    cout_OBUF
    A4                   OBUF (Prop_obuf_I_O)         1.310     2.779 r  cout_OBUF_inst/O
                         net (fo=0)                   0.000     2.779    cout
    A4                                                                r  cout (OUT)
  -------------------------------------------------------------------    -------------------

Slack:                    inf
  Source:                 a[1]
                            (input port)
  Destination:            s[1]
                            (output port)
  Path Group:             (none)
  Path Type:              Min at Fast Process Corner
  Data Path Delay:        2.802ns  (logic 1.550ns (55.327%)  route 1.252ns (44.673%))
  Logic Levels:           3  (IBUF=1 LUT2=1 OBUF=1)

    Location             Delay type                Incr(ns)  Path(ns)    Netlist Resource(s)
  -------------------------------------------------------------------    -------------------
    L1                                                0.000     0.000 r  a[1] (IN)
                         net (fo=0)                   0.000     0.000    a[1]
    L1                   IBUF (Prop_ibuf_I_O)         0.217     0.217 r  a_IBUF[1]_inst/O
                         net (fo=4, routed)           0.893     1.110    a_IBUF[1]
    SLICE_X65Y79         LUT2 (Prop_lut2_I1_O)        0.044     1.154 r  s_OBUF[1]_inst_i_1/O
                         net (fo=1, routed)           0.358     1.513    s_OBUF[1]
    B3                   OBUF (Prop_obuf_I_O)         1.289     2.802 r  s_OBUF[1]_inst/O
                         net (fo=0)                   0.000     2.802    s[1]
    B3                                                                r  s[1] (OUT)
  -------------------------------------------------------------------    -------------------





