Copyright 1986-2022 Xilinx, Inc. All Rights Reserved. Copyright 2022-2025 Advanced Micro Devices, Inc. All Rights Reserved.
---------------------------------------------------------------------------------------------------------------------------------------------------------------------------------------------------------------------------------
| Tool Version : Vivado v.2025.2 (win64) Build 6299465 Fri Nov 14 19:35:11 GMT 2025
| Date         : Tue Jun  9 11:19:00 2026
| Host         : Denanath running 64-bit major release  (build 9200)
| Command      : report_timing_summary -max_paths 10 -routable_nets -report_unconstrained -file encoder_timing_summary_routed.rpt -pb encoder_timing_summary_routed.pb -rpx encoder_timing_summary_routed.rpx -warn_on_violation
| Design       : encoder
| Device       : 7z020-clg484
| Speed File   : -1  PRODUCTION 1.12 2019-11-22
| Design State : Routed
---------------------------------------------------------------------------------------------------------------------------------------------------------------------------------------------------------------------------------

Timing Summary Report

------------------------------------------------------------------------------------------------
| Timer Settings
| --------------
------------------------------------------------------------------------------------------------

  Enable Multi Corner Analysis               :  Yes
  Enable Pessimism Removal                   :  Yes
  Pessimism Removal Resolution               :  Nearest Common Node
  Enable Input Delay Default Clock           :  No
  Enable Preset / Clear Arcs                 :  No
  Disable Flight Delays                      :  No
  Ignore I/O Paths                           :  No
  Timing Early Launch at Borrowing Latches   :  No
  Borrow Time for Max Delay Exceptions       :  Yes
  Merge Timing Exceptions                    :  Yes
  Inter-SLR Compensation                     :  Conservative

  Corner  Analyze    Analyze    
  Name    Max Paths  Min Paths  
  ------  ---------  ---------  
  Slow    Yes        Yes        
  Fast    Yes        Yes        


------------------------------------------------------------------------------------------------
| Report Methodology
| ------------------
------------------------------------------------------------------------------------------------

No report available as report_methodology has not been run prior. Run report_methodology on the current design for the summary of methodology violations.



check_timing report

Table of Contents
-----------------
1. checking no_clock (0)
2. checking constant_clock (0)
3. checking pulse_width_clock (0)
4. checking unconstrained_internal_endpoints (0)
5. checking no_input_delay (0)
6. checking no_output_delay (0)
7. checking multiple_clock (0)
8. checking generated_clocks (0)
9. checking loops (0)
10. checking partial_input_delay (0)
11. checking partial_output_delay (0)
12. checking latch_loops (0)

1. checking no_clock (0)
------------------------
 There are 0 register/latch pins with no clock.


2. checking constant_clock (0)
------------------------------
 There are 0 register/latch pins with constant_clock.


3. checking pulse_width_clock (0)
---------------------------------
 There are 0 register/latch pins which need pulse_width check


4. checking unconstrained_internal_endpoints (0)
------------------------------------------------
 There are 0 pins that are not constrained for maximum delay.

 There are 0 pins that are not constrained for maximum delay due to constant clock.


5. checking no_input_delay (0)
------------------------------
 There are 0 input ports with no input delay specified.

 There are 0 input ports with no input delay but user has a false path constraint.


6. checking no_output_delay (0)
-------------------------------
 There are 0 ports with no output delay specified.

 There are 0 ports with no output delay but user has a false path constraint

 There are 0 ports with no output delay but with a timing clock defined on it or propagating through it


7. checking multiple_clock (0)
------------------------------
 There are 0 register/latch pins with multiple clocks.


8. checking generated_clocks (0)
--------------------------------
 There are 0 generated clocks that are not connected to a clock source.


9. checking loops (0)
---------------------
 There are 0 combinational loops in the design.


10. checking partial_input_delay (0)
------------------------------------
 There are 0 input ports with partial input delay specified.


11. checking partial_output_delay (0)
-------------------------------------
 There are 0 ports with partial output delay specified.


12. checking latch_loops (0)
----------------------------
 There are 0 combinational latch loops in the design through latch input



------------------------------------------------------------------------------------------------
| Design Timing Summary
| ---------------------
------------------------------------------------------------------------------------------------

    WNS(ns)      TNS(ns)  TNS Failing Endpoints  TNS Total Endpoints      WHS(ns)      THS(ns)  THS Failing Endpoints  THS Total Endpoints     WPWS(ns)     TPWS(ns)  TPWS Failing Endpoints  TPWS Total Endpoints  
    -------      -------  ---------------------  -------------------      -------      -------  ---------------------  -------------------     --------     --------  ----------------------  --------------------  
        inf        0.000                      0                    3          inf        0.000                      0                    3           NA           NA                      NA                    NA  


There are no user specified timing constraints.


------------------------------------------------------------------------------------------------
| Clock Summary
| -------------
------------------------------------------------------------------------------------------------


------------------------------------------------------------------------------------------------
| Intra Clock Table
| -----------------
------------------------------------------------------------------------------------------------

Clock             WNS(ns)      TNS(ns)  TNS Failing Endpoints  TNS Total Endpoints      WHS(ns)      THS(ns)  THS Failing Endpoints  THS Total Endpoints     WPWS(ns)     TPWS(ns)  TPWS Failing Endpoints  TPWS Total Endpoints  
-----             -------      -------  ---------------------  -------------------      -------      -------  ---------------------  -------------------     --------     --------  ----------------------  --------------------  


------------------------------------------------------------------------------------------------
| Inter Clock Table
| -----------------
------------------------------------------------------------------------------------------------

From Clock    To Clock          WNS(ns)      TNS(ns)  TNS Failing Endpoints  TNS Total Endpoints      WHS(ns)      THS(ns)  THS Failing Endpoints  THS Total Endpoints  
----------    --------          -------      -------  ---------------------  -------------------      -------      -------  ---------------------  -------------------  


------------------------------------------------------------------------------------------------
| Other Path Groups Table
| -----------------------
------------------------------------------------------------------------------------------------

Path Group    From Clock    To Clock          WNS(ns)      TNS(ns)  TNS Failing Endpoints  TNS Total Endpoints      WHS(ns)      THS(ns)  THS Failing Endpoints  THS Total Endpoints  
----------    ----------    --------          -------      -------  ---------------------  -------------------      -------      -------  ---------------------  -------------------  


------------------------------------------------------------------------------------------------
| User Ignored Path Table
| -----------------------
------------------------------------------------------------------------------------------------

Path Group    From Clock    To Clock    
----------    ----------    --------    


------------------------------------------------------------------------------------------------
| Unconstrained Path Table
| ------------------------
------------------------------------------------------------------------------------------------

Path Group    From Clock    To Clock    
----------    ----------    --------    
(none)                                    


------------------------------------------------------------------------------------------------
| Timing Details
| --------------
------------------------------------------------------------------------------------------------


--------------------------------------------------------------------------------------
Path Group:  (none)
From Clock:  
  To Clock:  

Max Delay             3 Endpoints
Min Delay             3 Endpoints
--------------------------------------------------------------------------------------


Max Delay Paths
--------------------------------------------------------------------------------------
Slack:                    inf
  Source:                 d[7]
                            (input port)
  Destination:            y[1]
                            (output port)
  Path Group:             (none)
  Path Type:              Max at Slow Process Corner
  Data Path Delay:        6.889ns  (logic 3.624ns (52.607%)  route 3.265ns (47.393%))
  Logic Levels:           3  (IBUF=1 LUT4=1 OBUF=1)

    Location             Delay type                Incr(ns)  Path(ns)    Netlist Resource(s)
  -------------------------------------------------------------------    -------------------
    U6                                                0.000     0.000 r  d[7] (IN)
                         net (fo=0)                   0.000     0.000    d[7]
    U6                   IBUF (Prop_ibuf_I_O)         0.917     0.917 r  d_IBUF[7]_inst/O
                         net (fo=3, routed)           1.402     2.318    d_IBUF[7]
    SLICE_X0Y4           LUT4 (Prop_lut4_I0_O)        0.124     2.442 r  y_OBUF[1]_inst_i_1/O
                         net (fo=1, routed)           1.863     4.306    y_OBUF[1]
    V5                   OBUF (Prop_obuf_I_O)         2.583     6.889 r  y_OBUF[1]_inst/O
                         net (fo=0)                   0.000     6.889    y[1]
    V5                                                                r  y[1] (OUT)
  -------------------------------------------------------------------    -------------------

Slack:                    inf
  Source:                 d[5]
                            (input port)
  Destination:            y[2]
                            (output port)
  Path Group:             (none)
  Path Type:              Max at Slow Process Corner
  Data Path Delay:        6.768ns  (logic 3.634ns (53.693%)  route 3.134ns (46.307%))
  Logic Levels:           3  (IBUF=1 LUT4=1 OBUF=1)

    Location             Delay type                Incr(ns)  Path(ns)    Netlist Resource(s)
  -------------------------------------------------------------------    -------------------
    V7                                                0.000     0.000 r  d[5] (IN)
                         net (fo=0)                   0.000     0.000    d[5]
    V7                   IBUF (Prop_ibuf_I_O)         0.922     0.922 r  d_IBUF[5]_inst/O
                         net (fo=2, routed)           1.421     2.343    d_IBUF[5]
    SLICE_X0Y4           LUT4 (Prop_lut4_I2_O)        0.124     2.467 r  y_OBUF[2]_inst_i_1/O
                         net (fo=1, routed)           1.713     4.180    y_OBUF[2]
    U4                   OBUF (Prop_obuf_I_O)         2.588     6.768 r  y_OBUF[2]_inst/O
                         net (fo=0)                   0.000     6.768    y[2]
    U4                                                                r  y[2] (OUT)
  -------------------------------------------------------------------    -------------------

Slack:                    inf
  Source:                 d[7]
                            (input port)
  Destination:            y[0]
                            (output port)
  Path Group:             (none)
  Path Type:              Max at Slow Process Corner
  Data Path Delay:        6.753ns  (logic 3.628ns (53.729%)  route 3.125ns (46.271%))
  Logic Levels:           3  (IBUF=1 LUT4=1 OBUF=1)

    Location             Delay type                Incr(ns)  Path(ns)    Netlist Resource(s)
  -------------------------------------------------------------------    -------------------
    U6                                                0.000     0.000 r  d[7] (IN)
                         net (fo=0)                   0.000     0.000    d[7]
    U6                   IBUF (Prop_ibuf_I_O)         0.917     0.917 r  d_IBUF[7]_inst/O
                         net (fo=3, routed)           1.412     2.328    d_IBUF[7]
    SLICE_X0Y4           LUT4 (Prop_lut4_I0_O)        0.124     2.452 r  y_OBUF[0]_inst_i_1/O
                         net (fo=1, routed)           1.713     4.165    y_OBUF[0]
    V4                   OBUF (Prop_obuf_I_O)         2.587     6.753 r  y_OBUF[0]_inst/O
                         net (fo=0)                   0.000     6.753    y[0]
    V4                                                                r  y[0] (OUT)
  -------------------------------------------------------------------    -------------------





Min Delay Paths
--------------------------------------------------------------------------------------
Slack:                    inf
  Source:                 d[6]
                            (input port)
  Destination:            y[2]
                            (output port)
  Path Group:             (none)
  Path Type:              Min at Fast Process Corner
  Data Path Delay:        2.004ns  (logic 1.296ns (64.698%)  route 0.707ns (35.302%))
  Logic Levels:           3  (IBUF=1 LUT4=1 OBUF=1)

    Location             Delay type                Incr(ns)  Path(ns)    Netlist Resource(s)
  -------------------------------------------------------------------    -------------------
    U5                                                0.000     0.000 r  d[6] (IN)
                         net (fo=0)                   0.000     0.000    d[6]
    U5                   IBUF (Prop_ibuf_I_O)         0.146     0.146 r  d_IBUF[6]_inst/O
                         net (fo=2, routed)           0.350     0.496    d_IBUF[6]
    SLICE_X0Y4           LUT4 (Prop_lut4_I3_O)        0.045     0.541 r  y_OBUF[2]_inst_i_1/O
                         net (fo=1, routed)           0.357     0.898    y_OBUF[2]
    U4                   OBUF (Prop_obuf_I_O)         1.105     2.004 r  y_OBUF[2]_inst/O
                         net (fo=0)                   0.000     2.004    y[2]
    U4                                                                r  y[2] (OUT)
  -------------------------------------------------------------------    -------------------

Slack:                    inf
  Source:                 d[6]
                            (input port)
  Destination:            y[1]
                            (output port)
  Path Group:             (none)
  Path Type:              Min at Fast Process Corner
  Data Path Delay:        2.056ns  (logic 1.292ns (62.825%)  route 0.764ns (37.175%))
  Logic Levels:           3  (IBUF=1 LUT4=1 OBUF=1)

    Location             Delay type                Incr(ns)  Path(ns)    Netlist Resource(s)
  -------------------------------------------------------------------    -------------------
    U5                                                0.000     0.000 r  d[6] (IN)
                         net (fo=0)                   0.000     0.000    d[6]
    U5                   IBUF (Prop_ibuf_I_O)         0.146     0.146 r  d_IBUF[6]_inst/O
                         net (fo=2, routed)           0.350     0.496    d_IBUF[6]
    SLICE_X0Y4           LUT4 (Prop_lut4_I3_O)        0.045     0.541 r  y_OBUF[1]_inst_i_1/O
                         net (fo=1, routed)           0.414     0.955    y_OBUF[1]
    V5                   OBUF (Prop_obuf_I_O)         1.101     2.056 r  y_OBUF[1]_inst/O
                         net (fo=0)                   0.000     2.056    y[1]
    V5                                                                r  y[1] (OUT)
  -------------------------------------------------------------------    -------------------

Slack:                    inf
  Source:                 d[3]
                            (input port)
  Destination:            y[0]
                            (output port)
  Path Group:             (none)
  Path Type:              Min at Fast Process Corner
  Data Path Delay:        2.067ns  (logic 1.314ns (63.587%)  route 0.753ns (36.413%))
  Logic Levels:           3  (IBUF=1 LUT4=1 OBUF=1)

    Location             Delay type                Incr(ns)  Path(ns)    Netlist Resource(s)
  -------------------------------------------------------------------    -------------------
    W6                                                0.000     0.000 r  d[3] (IN)
                         net (fo=0)                   0.000     0.000    d[3]
    W6                   IBUF (Prop_ibuf_I_O)         0.165     0.165 r  d_IBUF[3]_inst/O
                         net (fo=2, routed)           0.395     0.559    d_IBUF[3]
    SLICE_X0Y4           LUT4 (Prop_lut4_I2_O)        0.045     0.604 r  y_OBUF[0]_inst_i_1/O
                         net (fo=1, routed)           0.358     0.962    y_OBUF[0]
    V4                   OBUF (Prop_obuf_I_O)         1.105     2.067 r  y_OBUF[0]_inst/O
                         net (fo=0)                   0.000     2.067    y[0]
    V4                                                                r  y[0] (OUT)
  -------------------------------------------------------------------    -------------------





