Copyright 1986-2022 Xilinx, Inc. All Rights Reserved. Copyright 2022-2025 Advanced Micro Devices, Inc. All Rights Reserved.
---------------------------------------------------------------------------------------------------------------------------------------------------------------------------------------------------------------------------------------------------
| Tool Version : Vivado v.2025.2 (win64) Build 6299465 Fri Nov 14 19:35:11 GMT 2025
| Date         : Wed Jun 17 16:30:11 2026
| Host         : Denanath running 64-bit major release  (build 9200)
| Command      : report_timing_summary -max_paths 10 -routable_nets -report_unconstrained -file mux64to1_data_timing_summary_routed.rpt -pb mux64to1_data_timing_summary_routed.pb -rpx mux64to1_data_timing_summary_routed.rpx -warn_on_violation
| Design       : mux64to1_data
| Device       : 7z020-clg484
| Speed File   : -1  PRODUCTION 1.12 2019-11-22
| Design State : Routed
---------------------------------------------------------------------------------------------------------------------------------------------------------------------------------------------------------------------------------------------------

Timing Summary Report

------------------------------------------------------------------------------------------------
| Timer Settings
| --------------
------------------------------------------------------------------------------------------------

  Enable Multi Corner Analysis               :  Yes
  Enable Pessimism Removal                   :  Yes
  Pessimism Removal Resolution               :  Nearest Common Node
  Enable Input Delay Default Clock           :  No
  Enable Preset / Clear Arcs                 :  No
  Disable Flight Delays                      :  No
  Ignore I/O Paths                           :  No
  Timing Early Launch at Borrowing Latches   :  No
  Borrow Time for Max Delay Exceptions       :  Yes
  Merge Timing Exceptions                    :  Yes
  Inter-SLR Compensation                     :  Conservative

  Corner  Analyze    Analyze    
  Name    Max Paths  Min Paths  
  ------  ---------  ---------  
  Slow    Yes        Yes        
  Fast    Yes        Yes        


------------------------------------------------------------------------------------------------
| Report Methodology
| ------------------
------------------------------------------------------------------------------------------------

No report available as report_methodology has not been run prior. Run report_methodology on the current design for the summary of methodology violations.



check_timing report

Table of Contents
-----------------
1. checking no_clock (0)
2. checking constant_clock (0)
3. checking pulse_width_clock (0)
4. checking unconstrained_internal_endpoints (0)
5. checking no_input_delay (0)
6. checking no_output_delay (0)
7. checking multiple_clock (0)
8. checking generated_clocks (0)
9. checking loops (0)
10. checking partial_input_delay (0)
11. checking partial_output_delay (0)
12. checking latch_loops (0)

1. checking no_clock (0)
------------------------
 There are 0 register/latch pins with no clock.


2. checking constant_clock (0)
------------------------------
 There are 0 register/latch pins with constant_clock.


3. checking pulse_width_clock (0)
---------------------------------
 There are 0 register/latch pins which need pulse_width check


4. checking unconstrained_internal_endpoints (0)
------------------------------------------------
 There are 0 pins that are not constrained for maximum delay.

 There are 0 pins that are not constrained for maximum delay due to constant clock.


5. checking no_input_delay (0)
------------------------------
 There are 0 input ports with no input delay specified.

 There are 0 input ports with no input delay but user has a false path constraint.


6. checking no_output_delay (0)
-------------------------------
 There are 0 ports with no output delay specified.

 There are 0 ports with no output delay but user has a false path constraint

 There are 0 ports with no output delay but with a timing clock defined on it or propagating through it


7. checking multiple_clock (0)
------------------------------
 There are 0 register/latch pins with multiple clocks.


8. checking generated_clocks (0)
--------------------------------
 There are 0 generated clocks that are not connected to a clock source.


9. checking loops (0)
---------------------
 There are 0 combinational loops in the design.


10. checking partial_input_delay (0)
------------------------------------
 There are 0 input ports with partial input delay specified.


11. checking partial_output_delay (0)
-------------------------------------
 There are 0 ports with partial output delay specified.


12. checking latch_loops (0)
----------------------------
 There are 0 combinational latch loops in the design through latch input



------------------------------------------------------------------------------------------------
| Design Timing Summary
| ---------------------
------------------------------------------------------------------------------------------------

    WNS(ns)      TNS(ns)  TNS Failing Endpoints  TNS Total Endpoints      WHS(ns)      THS(ns)  THS Failing Endpoints  THS Total Endpoints     WPWS(ns)     TPWS(ns)  TPWS Failing Endpoints  TPWS Total Endpoints  
    -------      -------  ---------------------  -------------------      -------      -------  ---------------------  -------------------     --------     --------  ----------------------  --------------------  
        inf        0.000                      0                    1          inf        0.000                      0                    1           NA           NA                      NA                    NA  


There are no user specified timing constraints.


------------------------------------------------------------------------------------------------
| Clock Summary
| -------------
------------------------------------------------------------------------------------------------


------------------------------------------------------------------------------------------------
| Intra Clock Table
| -----------------
------------------------------------------------------------------------------------------------

Clock             WNS(ns)      TNS(ns)  TNS Failing Endpoints  TNS Total Endpoints      WHS(ns)      THS(ns)  THS Failing Endpoints  THS Total Endpoints     WPWS(ns)     TPWS(ns)  TPWS Failing Endpoints  TPWS Total Endpoints  
-----             -------      -------  ---------------------  -------------------      -------      -------  ---------------------  -------------------     --------     --------  ----------------------  --------------------  


------------------------------------------------------------------------------------------------
| Inter Clock Table
| -----------------
------------------------------------------------------------------------------------------------

From Clock    To Clock          WNS(ns)      TNS(ns)  TNS Failing Endpoints  TNS Total Endpoints      WHS(ns)      THS(ns)  THS Failing Endpoints  THS Total Endpoints  
----------    --------          -------      -------  ---------------------  -------------------      -------      -------  ---------------------  -------------------  


------------------------------------------------------------------------------------------------
| Other Path Groups Table
| -----------------------
------------------------------------------------------------------------------------------------

Path Group    From Clock    To Clock          WNS(ns)      TNS(ns)  TNS Failing Endpoints  TNS Total Endpoints      WHS(ns)      THS(ns)  THS Failing Endpoints  THS Total Endpoints  
----------    ----------    --------          -------      -------  ---------------------  -------------------      -------      -------  ---------------------  -------------------  


------------------------------------------------------------------------------------------------
| User Ignored Path Table
| -----------------------
------------------------------------------------------------------------------------------------

Path Group    From Clock    To Clock    
----------    ----------    --------    


------------------------------------------------------------------------------------------------
| Unconstrained Path Table
| ------------------------
------------------------------------------------------------------------------------------------

Path Group    From Clock    To Clock    
----------    ----------    --------    
(none)                                    


------------------------------------------------------------------------------------------------
| Timing Details
| --------------
------------------------------------------------------------------------------------------------


--------------------------------------------------------------------------------------
Path Group:  (none)
From Clock:  
  To Clock:  

Max Delay             1 Endpoint
Min Delay             1 Endpoint
--------------------------------------------------------------------------------------


Max Delay Paths
--------------------------------------------------------------------------------------
Slack:                    inf
  Source:                 A[50]
                            (input port)
  Destination:            y
                            (output port)
  Path Group:             (none)
  Path Type:              Max at Slow Process Corner
  Data Path Delay:        16.723ns  (logic 4.301ns (25.721%)  route 12.422ns (74.279%))
  Logic Levels:           6  (IBUF=1 LUT6=2 MUXF7=1 MUXF8=1 OBUF=1)

    Location             Delay type                Incr(ns)  Path(ns)    Netlist Resource(s)
  -------------------------------------------------------------------    -------------------
    U14                                               0.000     0.000 r  A[50] (IN)
                         net (fo=0)                   0.000     0.000    A[50]
    U14                  IBUF (Prop_ibuf_I_O)         0.932     0.932 r  A_IBUF[50]_inst/O
                         net (fo=1, routed)           5.621     6.553    A_IBUF[50]
    SLICE_X0Y18          LUT6 (Prop_lut6_I3_O)        0.124     6.677 r  y_OBUF_inst_i_29/O
                         net (fo=1, routed)           0.000     6.677    y_OBUF_inst_i_29_n_0
    SLICE_X0Y18          MUXF7 (Prop_muxf7_I1_O)      0.214     6.891 r  y_OBUF_inst_i_13/O
                         net (fo=1, routed)           0.000     6.891    y_OBUF_inst_i_13_n_0
    SLICE_X0Y18          MUXF8 (Prop_muxf8_I1_O)      0.088     6.979 r  y_OBUF_inst_i_5/O
                         net (fo=1, routed)           0.810     7.789    y_OBUF_inst_i_5_n_0
    SLICE_X1Y17          LUT6 (Prop_lut6_I5_O)        0.319     8.108 r  y_OBUF_inst_i_1/O
                         net (fo=1, routed)           5.991    14.099    y_OBUF
    U15                  OBUF (Prop_obuf_I_O)         2.624    16.723 r  y_OBUF_inst/O
                         net (fo=0)                   0.000    16.723    y
    U15                                                               r  y (OUT)
  -------------------------------------------------------------------    -------------------





Min Delay Paths
--------------------------------------------------------------------------------------
Slack:                    inf
  Source:                 A[15]
                            (input port)
  Destination:            y
                            (output port)
  Path Group:             (none)
  Path Type:              Min at Fast Process Corner
  Data Path Delay:        4.629ns  (logic 1.595ns (34.443%)  route 3.035ns (65.557%))
  Logic Levels:           6  (IBUF=1 LUT6=2 MUXF7=1 MUXF8=1 OBUF=1)

    Location             Delay type                Incr(ns)  Path(ns)    Netlist Resource(s)
  -------------------------------------------------------------------    -------------------
    AB6                                               0.000     0.000 r  A[15] (IN)
                         net (fo=0)                   0.000     0.000    A[15]
    AB6                  IBUF (Prop_ibuf_I_O)         0.200     0.200 r  A_IBUF[15]_inst/O
                         net (fo=1, routed)           0.468     0.669    A_IBUF[15]
    SLICE_X0Y17          LUT6 (Prop_lut6_I0_O)        0.045     0.714 r  y_OBUF_inst_i_14/O
                         net (fo=1, routed)           0.000     0.714    y_OBUF_inst_i_14_n_0
    SLICE_X0Y17          MUXF7 (Prop_muxf7_I0_O)      0.073     0.787 r  y_OBUF_inst_i_6/O
                         net (fo=1, routed)           0.000     0.787    y_OBUF_inst_i_6_n_0
    SLICE_X0Y17          MUXF8 (Prop_muxf8_I0_O)      0.022     0.809 r  y_OBUF_inst_i_2/O
                         net (fo=1, routed)           0.115     0.924    y_OBUF_inst_i_2_n_0
    SLICE_X1Y17          LUT6 (Prop_lut6_I0_O)        0.113     1.037 r  y_OBUF_inst_i_1/O
                         net (fo=1, routed)           2.452     3.488    y_OBUF
    U15                  OBUF (Prop_obuf_I_O)         1.141     4.629 r  y_OBUF_inst/O
                         net (fo=0)                   0.000     4.629    y
    U15                                                               r  y (OUT)
  -------------------------------------------------------------------    -------------------





