Copyright 1986-2022 Xilinx, Inc. All Rights Reserved. Copyright 2022-2025 Advanced Micro Devices, Inc. All Rights Reserved.
---------------------------------------------------------------------------------------------------------------------------------------------------------------------------------------------------------------------
| Tool Version : Vivado v.2025.2 (win64) Build 6299465 Fri Nov 14 19:35:11 GMT 2025
| Date         : Tue Jun  9 19:42:48 2026
| Host         : Denanath running 64-bit major release  (build 9200)
| Command      : report_timing_summary -max_paths 10 -routable_nets -report_unconstrained -file BCD_timing_summary_routed.rpt -pb BCD_timing_summary_routed.pb -rpx BCD_timing_summary_routed.rpx -warn_on_violation
| Design       : BCD
| Device       : 7vx485t-ffg1157
| Speed File   : -1  PRODUCTION 1.12 2014-09-11
| Design State : Routed
---------------------------------------------------------------------------------------------------------------------------------------------------------------------------------------------------------------------

Timing Summary Report

------------------------------------------------------------------------------------------------
| Timer Settings
| --------------
------------------------------------------------------------------------------------------------

  Enable Multi Corner Analysis               :  Yes
  Enable Pessimism Removal                   :  Yes
  Pessimism Removal Resolution               :  Nearest Common Node
  Enable Input Delay Default Clock           :  No
  Enable Preset / Clear Arcs                 :  No
  Disable Flight Delays                      :  No
  Ignore I/O Paths                           :  No
  Timing Early Launch at Borrowing Latches   :  No
  Borrow Time for Max Delay Exceptions       :  Yes
  Merge Timing Exceptions                    :  Yes
  Inter-SLR Compensation                     :  Conservative

  Corner  Analyze    Analyze    
  Name    Max Paths  Min Paths  
  ------  ---------  ---------  
  Slow    Yes        Yes        
  Fast    Yes        Yes        


------------------------------------------------------------------------------------------------
| Report Methodology
| ------------------
------------------------------------------------------------------------------------------------

No report available as report_methodology has not been run prior. Run report_methodology on the current design for the summary of methodology violations.



check_timing report

Table of Contents
-----------------
1. checking no_clock (0)
2. checking constant_clock (0)
3. checking pulse_width_clock (0)
4. checking unconstrained_internal_endpoints (0)
5. checking no_input_delay (0)
6. checking no_output_delay (0)
7. checking multiple_clock (0)
8. checking generated_clocks (0)
9. checking loops (0)
10. checking partial_input_delay (0)
11. checking partial_output_delay (0)
12. checking latch_loops (0)

1. checking no_clock (0)
------------------------
 There are 0 register/latch pins with no clock.


2. checking constant_clock (0)
------------------------------
 There are 0 register/latch pins with constant_clock.


3. checking pulse_width_clock (0)
---------------------------------
 There are 0 register/latch pins which need pulse_width check


4. checking unconstrained_internal_endpoints (0)
------------------------------------------------
 There are 0 pins that are not constrained for maximum delay.

 There are 0 pins that are not constrained for maximum delay due to constant clock.


5. checking no_input_delay (0)
------------------------------
 There are 0 input ports with no input delay specified.

 There are 0 input ports with no input delay but user has a false path constraint.


6. checking no_output_delay (0)
-------------------------------
 There are 0 ports with no output delay specified.

 There are 0 ports with no output delay but user has a false path constraint

 There are 0 ports with no output delay but with a timing clock defined on it or propagating through it


7. checking multiple_clock (0)
------------------------------
 There are 0 register/latch pins with multiple clocks.


8. checking generated_clocks (0)
--------------------------------
 There are 0 generated clocks that are not connected to a clock source.


9. checking loops (0)
---------------------
 There are 0 combinational loops in the design.


10. checking partial_input_delay (0)
------------------------------------
 There are 0 input ports with partial input delay specified.


11. checking partial_output_delay (0)
-------------------------------------
 There are 0 ports with partial output delay specified.


12. checking latch_loops (0)
----------------------------
 There are 0 combinational latch loops in the design through latch input



------------------------------------------------------------------------------------------------
| Design Timing Summary
| ---------------------
------------------------------------------------------------------------------------------------

    WNS(ns)      TNS(ns)  TNS Failing Endpoints  TNS Total Endpoints      WHS(ns)      THS(ns)  THS Failing Endpoints  THS Total Endpoints     WPWS(ns)     TPWS(ns)  TPWS Failing Endpoints  TPWS Total Endpoints  
    -------      -------  ---------------------  -------------------      -------      -------  ---------------------  -------------------     --------     --------  ----------------------  --------------------  
        inf        0.000                      0                    5          inf        0.000                      0                    5           NA           NA                      NA                    NA  


There are no user specified timing constraints.


------------------------------------------------------------------------------------------------
| Clock Summary
| -------------
------------------------------------------------------------------------------------------------


------------------------------------------------------------------------------------------------
| Intra Clock Table
| -----------------
------------------------------------------------------------------------------------------------

Clock             WNS(ns)      TNS(ns)  TNS Failing Endpoints  TNS Total Endpoints      WHS(ns)      THS(ns)  THS Failing Endpoints  THS Total Endpoints     WPWS(ns)     TPWS(ns)  TPWS Failing Endpoints  TPWS Total Endpoints  
-----             -------      -------  ---------------------  -------------------      -------      -------  ---------------------  -------------------     --------     --------  ----------------------  --------------------  


------------------------------------------------------------------------------------------------
| Inter Clock Table
| -----------------
------------------------------------------------------------------------------------------------

From Clock    To Clock          WNS(ns)      TNS(ns)  TNS Failing Endpoints  TNS Total Endpoints      WHS(ns)      THS(ns)  THS Failing Endpoints  THS Total Endpoints  
----------    --------          -------      -------  ---------------------  -------------------      -------      -------  ---------------------  -------------------  


------------------------------------------------------------------------------------------------
| Other Path Groups Table
| -----------------------
------------------------------------------------------------------------------------------------

Path Group    From Clock    To Clock          WNS(ns)      TNS(ns)  TNS Failing Endpoints  TNS Total Endpoints      WHS(ns)      THS(ns)  THS Failing Endpoints  THS Total Endpoints  
----------    ----------    --------          -------      -------  ---------------------  -------------------      -------      -------  ---------------------  -------------------  


------------------------------------------------------------------------------------------------
| User Ignored Path Table
| -----------------------
------------------------------------------------------------------------------------------------

Path Group    From Clock    To Clock    
----------    ----------    --------    


------------------------------------------------------------------------------------------------
| Unconstrained Path Table
| ------------------------
------------------------------------------------------------------------------------------------

Path Group    From Clock    To Clock    
----------    ----------    --------    
(none)                                    


------------------------------------------------------------------------------------------------
| Timing Details
| --------------
------------------------------------------------------------------------------------------------


--------------------------------------------------------------------------------------
Path Group:  (none)
From Clock:  
  To Clock:  

Max Delay             5 Endpoints
Min Delay             5 Endpoints
--------------------------------------------------------------------------------------


Max Delay Paths
--------------------------------------------------------------------------------------
Slack:                    inf
  Source:                 a[1]
                            (input port)
  Destination:            s[3]
                            (output port)
  Path Group:             (none)
  Path Type:              Max at Slow Process Corner
  Data Path Delay:        7.138ns  (logic 3.318ns (46.481%)  route 3.820ns (53.519%))
  Logic Levels:           5  (IBUF=1 LUT3=1 LUT5=1 LUT6=1 OBUF=1)

    Location             Delay type                Incr(ns)  Path(ns)    Netlist Resource(s)
  -------------------------------------------------------------------    -------------------
    AP27                                              0.000     0.000 r  a[1] (IN)
                         net (fo=0)                   0.000     0.000    a[1]
    AP27                 IBUF (Prop_ibuf_I_O)         0.733     0.733 r  a_IBUF[1]_inst/O
                         net (fo=2, routed)           1.351     2.084    a_IBUF[1]
    SLICE_X47Y55         LUT5 (Prop_lut5_I4_O)        0.053     2.137 r  s_OBUF[3]_inst_i_5/O
                         net (fo=2, routed)           0.302     2.439    G1/c_1
    SLICE_X47Y55         LUT3 (Prop_lut3_I2_O)        0.065     2.504 r  s_OBUF[3]_inst_i_2/O
                         net (fo=4, routed)           0.579     3.083    p_1_in
    SLICE_X47Y57         LUT6 (Prop_lut6_I1_O)        0.170     3.253 r  s_OBUF[3]_inst_i_1/O
                         net (fo=1, routed)           1.588     4.841    s_OBUF[3]
    AM26                 OBUF (Prop_obuf_I_O)         2.297     7.138 r  s_OBUF[3]_inst/O
                         net (fo=0)                   0.000     7.138    s[3]
    AM26                                                              r  s[3] (OUT)
  -------------------------------------------------------------------    -------------------

Slack:                    inf
  Source:                 a[1]
                            (input port)
  Destination:            s[2]
                            (output port)
  Path Group:             (none)
  Path Type:              Max at Slow Process Corner
  Data Path Delay:        7.061ns  (logic 3.318ns (46.988%)  route 3.743ns (53.012%))
  Logic Levels:           5  (IBUF=1 LUT3=1 LUT5=1 LUT6=1 OBUF=1)

    Location             Delay type                Incr(ns)  Path(ns)    Netlist Resource(s)
  -------------------------------------------------------------------    -------------------
    AP27                                              0.000     0.000 r  a[1] (IN)
                         net (fo=0)                   0.000     0.000    a[1]
    AP27                 IBUF (Prop_ibuf_I_O)         0.733     0.733 r  a_IBUF[1]_inst/O
                         net (fo=2, routed)           1.351     2.084    a_IBUF[1]
    SLICE_X47Y55         LUT5 (Prop_lut5_I4_O)        0.053     2.137 r  s_OBUF[3]_inst_i_5/O
                         net (fo=2, routed)           0.302     2.439    G1/c_1
    SLICE_X47Y55         LUT3 (Prop_lut3_I2_O)        0.065     2.504 r  s_OBUF[3]_inst_i_2/O
                         net (fo=4, routed)           0.577     3.081    p_1_in
    SLICE_X47Y57         LUT6 (Prop_lut6_I0_O)        0.170     3.251 r  s_OBUF[2]_inst_i_1/O
                         net (fo=1, routed)           1.513     4.764    s_OBUF[2]
    AM27                 OBUF (Prop_obuf_I_O)         2.297     7.061 r  s_OBUF[2]_inst/O
                         net (fo=0)                   0.000     7.061    s[2]
    AM27                                                              r  s[2] (OUT)
  -------------------------------------------------------------------    -------------------

Slack:                    inf
  Source:                 a[1]
                            (input port)
  Destination:            c
                            (output port)
  Path Group:             (none)
  Path Type:              Max at Slow Process Corner
  Data Path Delay:        6.748ns  (logic 3.302ns (48.924%)  route 3.447ns (51.076%))
  Logic Levels:           5  (IBUF=1 LUT3=1 LUT5=1 LUT6=1 OBUF=1)

    Location             Delay type                Incr(ns)  Path(ns)    Netlist Resource(s)
  -------------------------------------------------------------------    -------------------
    AP27                                              0.000     0.000 r  a[1] (IN)
                         net (fo=0)                   0.000     0.000    a[1]
    AP27                 IBUF (Prop_ibuf_I_O)         0.733     0.733 r  a_IBUF[1]_inst/O
                         net (fo=2, routed)           1.351     2.084    a_IBUF[1]
    SLICE_X47Y55         LUT5 (Prop_lut5_I4_O)        0.053     2.137 r  s_OBUF[3]_inst_i_5/O
                         net (fo=2, routed)           0.302     2.439    G1/c_1
    SLICE_X47Y55         LUT3 (Prop_lut3_I2_O)        0.065     2.504 r  s_OBUF[3]_inst_i_2/O
                         net (fo=4, routed)           0.264     2.768    p_1_in
    SLICE_X47Y57         LUT6 (Prop_lut6_I1_O)        0.170     2.938 r  c_OBUF_inst_i_1/O
                         net (fo=1, routed)           1.529     4.467    c_OBUF
    AL26                 OBUF (Prop_obuf_I_O)         2.281     6.748 r  c_OBUF_inst/O
                         net (fo=0)                   0.000     6.748    c
    AL26                                                              r  c (OUT)
  -------------------------------------------------------------------    -------------------

Slack:                    inf
  Source:                 a[1]
                            (input port)
  Destination:            s[1]
                            (output port)
  Path Group:             (none)
  Path Type:              Max at Slow Process Corner
  Data Path Delay:        6.747ns  (logic 3.208ns (47.556%)  route 3.538ns (52.444%))
  Logic Levels:           5  (IBUF=1 LUT3=1 LUT5=1 LUT6=1 OBUF=1)

    Location             Delay type                Incr(ns)  Path(ns)    Netlist Resource(s)
  -------------------------------------------------------------------    -------------------
    AP27                                              0.000     0.000 r  a[1] (IN)
                         net (fo=0)                   0.000     0.000    a[1]
    AP27                 IBUF (Prop_ibuf_I_O)         0.733     0.733 r  a_IBUF[1]_inst/O
                         net (fo=2, routed)           1.351     2.084    a_IBUF[1]
    SLICE_X47Y55         LUT5 (Prop_lut5_I4_O)        0.053     2.137 r  s_OBUF[3]_inst_i_5/O
                         net (fo=2, routed)           0.302     2.439    G1/c_1
    SLICE_X47Y55         LUT3 (Prop_lut3_I1_O)        0.053     2.492 r  s_OBUF[3]_inst_i_4/O
                         net (fo=4, routed)           0.473     2.965    G1/c_0
    SLICE_X47Y57         LUT6 (Prop_lut6_I1_O)        0.053     3.018 r  s_OBUF[1]_inst_i_1/O
                         net (fo=1, routed)           1.412     4.430    s_OBUF[1]
    AN29                 OBUF (Prop_obuf_I_O)         2.317     6.747 r  s_OBUF[1]_inst/O
                         net (fo=0)                   0.000     6.747    s[1]
    AN29                                                              r  s[1] (OUT)
  -------------------------------------------------------------------    -------------------

Slack:                    inf
  Source:                 b[0]
                            (input port)
  Destination:            s[0]
                            (output port)
  Path Group:             (none)
  Path Type:              Max at Slow Process Corner
  Data Path Delay:        5.970ns  (logic 3.111ns (52.109%)  route 2.859ns (47.891%))
  Logic Levels:           3  (IBUF=1 LUT3=1 OBUF=1)

    Location             Delay type                Incr(ns)  Path(ns)    Netlist Resource(s)
  -------------------------------------------------------------------    -------------------
    AP25                                              0.000     0.000 r  b[0] (IN)
                         net (fo=0)                   0.000     0.000    b[0]
    AP25                 IBUF (Prop_ibuf_I_O)         0.738     0.738 r  b_IBUF[0]_inst/O
                         net (fo=3, routed)           1.229     1.967    b_IBUF[0]
    SLICE_X47Y55         LUT3 (Prop_lut3_I0_O)        0.053     2.020 r  s_OBUF[0]_inst_i_1/O
                         net (fo=5, routed)           1.631     3.650    s_OBUF[0]
    AP29                 OBUF (Prop_obuf_I_O)         2.320     5.970 r  s_OBUF[0]_inst/O
                         net (fo=0)                   0.000     5.970    s[0]
    AP29                                                              r  s[0] (OUT)
  -------------------------------------------------------------------    -------------------





Min Delay Paths
--------------------------------------------------------------------------------------
Slack:                    inf
  Source:                 b[3]
                            (input port)
  Destination:            s[1]
                            (output port)
  Path Group:             (none)
  Path Type:              Min at Fast Process Corner
  Data Path Delay:        2.225ns  (logic 1.302ns (58.538%)  route 0.922ns (41.462%))
  Logic Levels:           3  (IBUF=1 LUT6=1 OBUF=1)

    Location             Delay type                Incr(ns)  Path(ns)    Netlist Resource(s)
  -------------------------------------------------------------------    -------------------
    AN25                                              0.000     0.000 r  b[3] (IN)
                         net (fo=0)                   0.000     0.000    b[3]
    AN25                 IBUF (Prop_ibuf_I_O)         0.124     0.124 r  b_IBUF[3]_inst/O
                         net (fo=4, routed)           0.464     0.588    b_IBUF[3]
    SLICE_X47Y57         LUT6 (Prop_lut6_I2_O)        0.028     0.616 r  s_OBUF[1]_inst_i_1/O
                         net (fo=1, routed)           0.458     1.074    s_OBUF[1]
    AN29                 OBUF (Prop_obuf_I_O)         1.150     2.225 r  s_OBUF[1]_inst/O
                         net (fo=0)                   0.000     2.225    s[1]
    AN29                                                              r  s[1] (OUT)
  -------------------------------------------------------------------    -------------------

Slack:                    inf
  Source:                 b[3]
                            (input port)
  Destination:            c
                            (output port)
  Path Group:             (none)
  Path Type:              Min at Fast Process Corner
  Data Path Delay:        2.286ns  (logic 1.267ns (55.410%)  route 1.019ns (44.590%))
  Logic Levels:           3  (IBUF=1 LUT6=1 OBUF=1)

    Location             Delay type                Incr(ns)  Path(ns)    Netlist Resource(s)
  -------------------------------------------------------------------    -------------------
    AN25                                              0.000     0.000 r  b[3] (IN)
                         net (fo=0)                   0.000     0.000    b[3]
    AN25                 IBUF (Prop_ibuf_I_O)         0.124     0.124 r  b_IBUF[3]_inst/O
                         net (fo=4, routed)           0.501     0.625    b_IBUF[3]
    SLICE_X47Y57         LUT6 (Prop_lut6_I3_O)        0.028     0.653 r  c_OBUF_inst_i_1/O
                         net (fo=1, routed)           0.518     1.171    c_OBUF
    AL26                 OBUF (Prop_obuf_I_O)         1.115     2.286 r  c_OBUF_inst/O
                         net (fo=0)                   0.000     2.286    c
    AL26                                                              r  c (OUT)
  -------------------------------------------------------------------    -------------------

Slack:                    inf
  Source:                 b[3]
                            (input port)
  Destination:            s[2]
                            (output port)
  Path Group:             (none)
  Path Type:              Min at Fast Process Corner
  Data Path Delay:        2.357ns  (logic 1.283ns (54.433%)  route 1.074ns (45.567%))
  Logic Levels:           3  (IBUF=1 LUT6=1 OBUF=1)

    Location             Delay type                Incr(ns)  Path(ns)    Netlist Resource(s)
  -------------------------------------------------------------------    -------------------
    AN25                                              0.000     0.000 r  b[3] (IN)
                         net (fo=0)                   0.000     0.000    b[3]
    AN25                 IBUF (Prop_ibuf_I_O)         0.124     0.124 r  b_IBUF[3]_inst/O
                         net (fo=4, routed)           0.570     0.694    b_IBUF[3]
    SLICE_X47Y57         LUT6 (Prop_lut6_I3_O)        0.028     0.722 r  s_OBUF[2]_inst_i_1/O
                         net (fo=1, routed)           0.504     1.226    s_OBUF[2]
    AM27                 OBUF (Prop_obuf_I_O)         1.131     2.357 r  s_OBUF[2]_inst/O
                         net (fo=0)                   0.000     2.357    s[2]
    AM27                                                              r  s[2] (OUT)
  -------------------------------------------------------------------    -------------------

Slack:                    inf
  Source:                 a[0]
                            (input port)
  Destination:            s[0]
                            (output port)
  Path Group:             (none)
  Path Type:              Min at Fast Process Corner
  Data Path Delay:        2.395ns  (logic 1.258ns (52.535%)  route 1.137ns (47.465%))
  Logic Levels:           3  (IBUF=1 LUT3=1 OBUF=1)

    Location             Delay type                Incr(ns)  Path(ns)    Netlist Resource(s)
  -------------------------------------------------------------------    -------------------
    AF24                                              0.000     0.000 r  a[0] (IN)
                         net (fo=0)                   0.000     0.000    a[0]
    AF24                 IBUF (Prop_ibuf_I_O)         0.077     0.077 r  a_IBUF[0]_inst/O
                         net (fo=3, routed)           0.570     0.647    a_IBUF[0]
    SLICE_X47Y55         LUT3 (Prop_lut3_I1_O)        0.028     0.675 r  s_OBUF[0]_inst_i_1/O
                         net (fo=5, routed)           0.567     1.242    s_OBUF[0]
    AP29                 OBUF (Prop_obuf_I_O)         1.154     2.395 r  s_OBUF[0]_inst/O
                         net (fo=0)                   0.000     2.395    s[0]
    AP29                                                              r  s[0] (OUT)
  -------------------------------------------------------------------    -------------------

Slack:                    inf
  Source:                 b[3]
                            (input port)
  Destination:            s[3]
                            (output port)
  Path Group:             (none)
  Path Type:              Min at Fast Process Corner
  Data Path Delay:        2.401ns  (logic 1.283ns (53.436%)  route 1.118ns (46.564%))
  Logic Levels:           3  (IBUF=1 LUT6=1 OBUF=1)

    Location             Delay type                Incr(ns)  Path(ns)    Netlist Resource(s)
  -------------------------------------------------------------------    -------------------
    AN25                                              0.000     0.000 r  b[3] (IN)
                         net (fo=0)                   0.000     0.000    b[3]
    AN25                 IBUF (Prop_ibuf_I_O)         0.124     0.124 r  b_IBUF[3]_inst/O
                         net (fo=4, routed)           0.572     0.696    b_IBUF[3]
    SLICE_X47Y57         LUT6 (Prop_lut6_I5_O)        0.028     0.724 r  s_OBUF[3]_inst_i_1/O
                         net (fo=1, routed)           0.546     1.270    s_OBUF[3]
    AM26                 OBUF (Prop_obuf_I_O)         1.131     2.401 r  s_OBUF[3]_inst/O
                         net (fo=0)                   0.000     2.401    s[3]
    AM26                                                              r  s[3] (OUT)
  -------------------------------------------------------------------    -------------------





