Copyright 1986-2022 Xilinx, Inc. All Rights Reserved. Copyright 2022-2025 Advanced Micro Devices, Inc. All Rights Reserved.
------------------------------------------------------------------------------------------------------------------------------------------------------------------------------------------------------------------------------
| Tool Version : Vivado v.2025.2 (win64) Build 6299465 Fri Nov 14 19:35:11 GMT 2025
| Date         : Tue Jun  9 11:10:58 2026
| Host         : Denanath running 64-bit major release  (build 9200)
| Command      : report_timing_summary -max_paths 10 -routable_nets -report_unconstrained -file BCD_tb_timing_summary_routed.rpt -pb BCD_tb_timing_summary_routed.pb -rpx BCD_tb_timing_summary_routed.rpx -warn_on_violation
| Design       : BCD
| Device       : 7vx485t-ffg1157
| Speed File   : -1  PRODUCTION 1.12 2014-09-11
| Design State : Routed
------------------------------------------------------------------------------------------------------------------------------------------------------------------------------------------------------------------------------

Timing Summary Report

------------------------------------------------------------------------------------------------
| Timer Settings
| --------------
------------------------------------------------------------------------------------------------

  Enable Multi Corner Analysis               :  Yes
  Enable Pessimism Removal                   :  Yes
  Pessimism Removal Resolution               :  Nearest Common Node
  Enable Input Delay Default Clock           :  No
  Enable Preset / Clear Arcs                 :  No
  Disable Flight Delays                      :  No
  Ignore I/O Paths                           :  No
  Timing Early Launch at Borrowing Latches   :  No
  Borrow Time for Max Delay Exceptions       :  Yes
  Merge Timing Exceptions                    :  Yes
  Inter-SLR Compensation                     :  Conservative

  Corner  Analyze    Analyze    
  Name    Max Paths  Min Paths  
  ------  ---------  ---------  
  Slow    Yes        Yes        
  Fast    Yes        Yes        


------------------------------------------------------------------------------------------------
| Report Methodology
| ------------------
------------------------------------------------------------------------------------------------

No report available as report_methodology has not been run prior. Run report_methodology on the current design for the summary of methodology violations.



check_timing report

Table of Contents
-----------------
1. checking no_clock (0)
2. checking constant_clock (0)
3. checking pulse_width_clock (0)
4. checking unconstrained_internal_endpoints (0)
5. checking no_input_delay (0)
6. checking no_output_delay (0)
7. checking multiple_clock (0)
8. checking generated_clocks (0)
9. checking loops (0)
10. checking partial_input_delay (0)
11. checking partial_output_delay (0)
12. checking latch_loops (0)

1. checking no_clock (0)
------------------------
 There are 0 register/latch pins with no clock.


2. checking constant_clock (0)
------------------------------
 There are 0 register/latch pins with constant_clock.


3. checking pulse_width_clock (0)
---------------------------------
 There are 0 register/latch pins which need pulse_width check


4. checking unconstrained_internal_endpoints (0)
------------------------------------------------
 There are 0 pins that are not constrained for maximum delay.

 There are 0 pins that are not constrained for maximum delay due to constant clock.


5. checking no_input_delay (0)
------------------------------
 There are 0 input ports with no input delay specified.

 There are 0 input ports with no input delay but user has a false path constraint.


6. checking no_output_delay (0)
-------------------------------
 There are 0 ports with no output delay specified.

 There are 0 ports with no output delay but user has a false path constraint

 There are 0 ports with no output delay but with a timing clock defined on it or propagating through it


7. checking multiple_clock (0)
------------------------------
 There are 0 register/latch pins with multiple clocks.


8. checking generated_clocks (0)
--------------------------------
 There are 0 generated clocks that are not connected to a clock source.


9. checking loops (0)
---------------------
 There are 0 combinational loops in the design.


10. checking partial_input_delay (0)
------------------------------------
 There are 0 input ports with partial input delay specified.


11. checking partial_output_delay (0)
-------------------------------------
 There are 0 ports with partial output delay specified.


12. checking latch_loops (0)
----------------------------
 There are 0 combinational latch loops in the design through latch input



------------------------------------------------------------------------------------------------
| Design Timing Summary
| ---------------------
------------------------------------------------------------------------------------------------

    WNS(ns)      TNS(ns)  TNS Failing Endpoints  TNS Total Endpoints      WHS(ns)      THS(ns)  THS Failing Endpoints  THS Total Endpoints     WPWS(ns)     TPWS(ns)  TPWS Failing Endpoints  TPWS Total Endpoints  
    -------      -------  ---------------------  -------------------      -------      -------  ---------------------  -------------------     --------     --------  ----------------------  --------------------  
        inf        0.000                      0                    6          inf        0.000                      0                    6           NA           NA                      NA                    NA  


There are no user specified timing constraints.


------------------------------------------------------------------------------------------------
| Clock Summary
| -------------
------------------------------------------------------------------------------------------------


------------------------------------------------------------------------------------------------
| Intra Clock Table
| -----------------
------------------------------------------------------------------------------------------------

Clock             WNS(ns)      TNS(ns)  TNS Failing Endpoints  TNS Total Endpoints      WHS(ns)      THS(ns)  THS Failing Endpoints  THS Total Endpoints     WPWS(ns)     TPWS(ns)  TPWS Failing Endpoints  TPWS Total Endpoints  
-----             -------      -------  ---------------------  -------------------      -------      -------  ---------------------  -------------------     --------     --------  ----------------------  --------------------  


------------------------------------------------------------------------------------------------
| Inter Clock Table
| -----------------
------------------------------------------------------------------------------------------------

From Clock    To Clock          WNS(ns)      TNS(ns)  TNS Failing Endpoints  TNS Total Endpoints      WHS(ns)      THS(ns)  THS Failing Endpoints  THS Total Endpoints  
----------    --------          -------      -------  ---------------------  -------------------      -------      -------  ---------------------  -------------------  


------------------------------------------------------------------------------------------------
| Other Path Groups Table
| -----------------------
------------------------------------------------------------------------------------------------

Path Group    From Clock    To Clock          WNS(ns)      TNS(ns)  TNS Failing Endpoints  TNS Total Endpoints      WHS(ns)      THS(ns)  THS Failing Endpoints  THS Total Endpoints  
----------    ----------    --------          -------      -------  ---------------------  -------------------      -------      -------  ---------------------  -------------------  


------------------------------------------------------------------------------------------------
| User Ignored Path Table
| -----------------------
------------------------------------------------------------------------------------------------

Path Group    From Clock    To Clock    
----------    ----------    --------    


------------------------------------------------------------------------------------------------
| Unconstrained Path Table
| ------------------------
------------------------------------------------------------------------------------------------

Path Group    From Clock    To Clock    
----------    ----------    --------    
(none)                                    


------------------------------------------------------------------------------------------------
| Timing Details
| --------------
------------------------------------------------------------------------------------------------


--------------------------------------------------------------------------------------
Path Group:  (none)
From Clock:  
  To Clock:  

Max Delay             6 Endpoints
Min Delay             6 Endpoints
--------------------------------------------------------------------------------------


Max Delay Paths
--------------------------------------------------------------------------------------
Slack:                    inf
  Source:                 a[0]
                            (input port)
  Destination:            c[0]
                            (output port)
  Path Group:             (none)
  Path Type:              Max at Slow Process Corner
  Data Path Delay:        7.041ns  (logic 3.244ns (46.079%)  route 3.797ns (53.921%))
  Logic Levels:           5  (IBUF=1 LUT3=1 LUT5=1 LUT6=1 OBUF=1)

    Location             Delay type                Incr(ns)  Path(ns)    Netlist Resource(s)
  -------------------------------------------------------------------    -------------------
    AF24                                              0.000     0.000 r  a[0] (IN)
                         net (fo=0)                   0.000     0.000    a[0]
    AF24                 IBUF (Prop_ibuf_I_O)         0.675     0.675 r  a_IBUF[0]_inst/O
                         net (fo=3, routed)           1.393     2.069    a_IBUF[0]
    SLICE_X47Y56         LUT5 (Prop_lut5_I1_O)        0.053     2.122 r  s_OBUF[3]_inst_i_5/O
                         net (fo=2, routed)           0.302     2.424    G1/c_1
    SLICE_X47Y56         LUT3 (Prop_lut3_I2_O)        0.065     2.489 r  s_OBUF[3]_inst_i_2/O
                         net (fo=5, routed)           0.502     2.992    p_0_in1_in
    SLICE_X46Y56         LUT6 (Prop_lut6_I1_O)        0.170     3.162 r  c_OBUF[0]_inst_i_1/O
                         net (fo=1, routed)           1.598     4.760    c_OBUF[0]
    AL26                 OBUF (Prop_obuf_I_O)         2.281     7.041 r  c_OBUF[0]_inst/O
                         net (fo=0)                   0.000     7.041    c[0]
    AL26                                                              r  c[0] (OUT)
  -------------------------------------------------------------------    -------------------

Slack:                    inf
  Source:                 a[0]
                            (input port)
  Destination:            s[2]
                            (output port)
  Path Group:             (none)
  Path Type:              Max at Slow Process Corner
  Data Path Delay:        7.030ns  (logic 3.261ns (46.385%)  route 3.769ns (53.615%))
  Logic Levels:           5  (IBUF=1 LUT3=1 LUT5=1 LUT6=1 OBUF=1)

    Location             Delay type                Incr(ns)  Path(ns)    Netlist Resource(s)
  -------------------------------------------------------------------    -------------------
    AF24                                              0.000     0.000 r  a[0] (IN)
                         net (fo=0)                   0.000     0.000    a[0]
    AF24                 IBUF (Prop_ibuf_I_O)         0.675     0.675 r  a_IBUF[0]_inst/O
                         net (fo=3, routed)           1.393     2.069    a_IBUF[0]
    SLICE_X47Y56         LUT5 (Prop_lut5_I1_O)        0.053     2.122 r  s_OBUF[3]_inst_i_5/O
                         net (fo=2, routed)           0.302     2.424    G1/c_1
    SLICE_X47Y56         LUT3 (Prop_lut3_I2_O)        0.065     2.489 r  s_OBUF[3]_inst_i_2/O
                         net (fo=5, routed)           0.474     2.963    p_0_in1_in
    SLICE_X46Y56         LUT6 (Prop_lut6_I0_O)        0.170     3.133 r  s_OBUF[2]_inst_i_1/O
                         net (fo=1, routed)           1.599     4.732    s_OBUF[2]
    AM27                 OBUF (Prop_obuf_I_O)         2.297     7.030 r  s_OBUF[2]_inst/O
                         net (fo=0)                   0.000     7.030    s[2]
    AM27                                                              r  s[2] (OUT)
  -------------------------------------------------------------------    -------------------

Slack:                    inf
  Source:                 a[0]
                            (input port)
  Destination:            s[3]
                            (output port)
  Path Group:             (none)
  Path Type:              Max at Slow Process Corner
  Data Path Delay:        7.001ns  (logic 3.261ns (46.573%)  route 3.740ns (53.427%))
  Logic Levels:           5  (IBUF=1 LUT3=1 LUT5=1 LUT6=1 OBUF=1)

    Location             Delay type                Incr(ns)  Path(ns)    Netlist Resource(s)
  -------------------------------------------------------------------    -------------------
    AF24                                              0.000     0.000 r  a[0] (IN)
                         net (fo=0)                   0.000     0.000    a[0]
    AF24                 IBUF (Prop_ibuf_I_O)         0.675     0.675 r  a_IBUF[0]_inst/O
                         net (fo=3, routed)           1.393     2.069    a_IBUF[0]
    SLICE_X47Y56         LUT5 (Prop_lut5_I1_O)        0.053     2.122 r  s_OBUF[3]_inst_i_5/O
                         net (fo=2, routed)           0.302     2.424    G1/c_1
    SLICE_X47Y56         LUT3 (Prop_lut3_I2_O)        0.065     2.489 r  s_OBUF[3]_inst_i_2/O
                         net (fo=5, routed)           0.484     2.973    p_0_in1_in
    SLICE_X46Y56         LUT6 (Prop_lut6_I1_O)        0.170     3.143 r  s_OBUF[3]_inst_i_1/O
                         net (fo=1, routed)           1.561     4.704    s_OBUF[3]
    AM26                 OBUF (Prop_obuf_I_O)         2.297     7.001 r  s_OBUF[3]_inst/O
                         net (fo=0)                   0.000     7.001    s[3]
    AM26                                                              r  s[3] (OUT)
  -------------------------------------------------------------------    -------------------

Slack:                    inf
  Source:                 a[0]
                            (input port)
  Destination:            s[1]
                            (output port)
  Path Group:             (none)
  Path Type:              Max at Slow Process Corner
  Data Path Delay:        6.993ns  (logic 3.280ns (46.905%)  route 3.713ns (53.095%))
  Logic Levels:           5  (IBUF=1 LUT3=1 LUT5=1 LUT6=1 OBUF=1)

    Location             Delay type                Incr(ns)  Path(ns)    Netlist Resource(s)
  -------------------------------------------------------------------    -------------------
    AF24                                              0.000     0.000 r  a[0] (IN)
                         net (fo=0)                   0.000     0.000    a[0]
    AF24                 IBUF (Prop_ibuf_I_O)         0.675     0.675 r  a_IBUF[0]_inst/O
                         net (fo=3, routed)           1.393     2.069    a_IBUF[0]
    SLICE_X47Y56         LUT5 (Prop_lut5_I1_O)        0.053     2.122 r  s_OBUF[3]_inst_i_5/O
                         net (fo=2, routed)           0.302     2.424    G1/c_1
    SLICE_X47Y56         LUT3 (Prop_lut3_I2_O)        0.065     2.489 r  s_OBUF[3]_inst_i_2/O
                         net (fo=5, routed)           0.500     2.990    p_0_in1_in
    SLICE_X46Y56         LUT6 (Prop_lut6_I4_O)        0.170     3.160 r  s_OBUF[1]_inst_i_1/O
                         net (fo=1, routed)           1.517     4.676    s_OBUF[1]
    AN29                 OBUF (Prop_obuf_I_O)         2.317     6.993 r  s_OBUF[1]_inst/O
                         net (fo=0)                   0.000     6.993    s[1]
    AN29                                                              r  s[1] (OUT)
  -------------------------------------------------------------------    -------------------

Slack:                    inf
  Source:                 a[0]
                            (input port)
  Destination:            c[1]
                            (output port)
  Path Group:             (none)
  Path Type:              Max at Slow Process Corner
  Data Path Delay:        6.862ns  (logic 3.124ns (45.522%)  route 3.738ns (54.478%))
  Logic Levels:           5  (IBUF=1 LUT3=1 LUT5=1 LUT6=1 OBUF=1)

    Location             Delay type                Incr(ns)  Path(ns)    Netlist Resource(s)
  -------------------------------------------------------------------    -------------------
    AF24                                              0.000     0.000 r  a[0] (IN)
                         net (fo=0)                   0.000     0.000    a[0]
    AF24                 IBUF (Prop_ibuf_I_O)         0.675     0.675 r  a_IBUF[0]_inst/O
                         net (fo=3, routed)           1.393     2.069    a_IBUF[0]
    SLICE_X47Y56         LUT5 (Prop_lut5_I1_O)        0.053     2.122 r  s_OBUF[3]_inst_i_5/O
                         net (fo=2, routed)           0.302     2.424    G1/c_1
    SLICE_X47Y56         LUT3 (Prop_lut3_I1_O)        0.053     2.477 r  s_OBUF[3]_inst_i_4/O
                         net (fo=5, routed)           0.486     2.963    G1/c_0
    SLICE_X47Y56         LUT6 (Prop_lut6_I3_O)        0.053     3.016 r  c_OBUF[1]_inst_i_1/O
                         net (fo=1, routed)           1.556     4.573    c_OBUF[1]
    AL25                 OBUF (Prop_obuf_I_O)         2.289     6.862 r  c_OBUF[1]_inst/O
                         net (fo=0)                   0.000     6.862    c[1]
    AL25                                                              r  c[1] (OUT)
  -------------------------------------------------------------------    -------------------

Slack:                    inf
  Source:                 cin
                            (input port)
  Destination:            s[0]
                            (output port)
  Path Group:             (none)
  Path Type:              Max at Slow Process Corner
  Data Path Delay:        5.821ns  (logic 3.099ns (53.242%)  route 2.722ns (46.758%))
  Logic Levels:           3  (IBUF=1 LUT3=1 OBUF=1)

    Location             Delay type                Incr(ns)  Path(ns)    Netlist Resource(s)
  -------------------------------------------------------------------    -------------------
    AM25                                              0.000     0.000 r  cin (IN)
                         net (fo=0)                   0.000     0.000    cin
    AM25                 IBUF (Prop_ibuf_I_O)         0.726     0.726 r  cin_IBUF_inst/O
                         net (fo=3, routed)           1.221     1.947    cin_IBUF
    SLICE_X47Y56         LUT3 (Prop_lut3_I2_O)        0.053     2.000 r  s_OBUF[0]_inst_i_1/O
                         net (fo=6, routed)           1.501     3.501    s_OBUF[0]
    AP29                 OBUF (Prop_obuf_I_O)         2.320     5.821 r  s_OBUF[0]_inst/O
                         net (fo=0)                   0.000     5.821    s[0]
    AP29                                                              r  s[0] (OUT)
  -------------------------------------------------------------------    -------------------





Min Delay Paths
--------------------------------------------------------------------------------------
Slack:                    inf
  Source:                 b[3]
                            (input port)
  Destination:            s[3]
                            (output port)
  Path Group:             (none)
  Path Type:              Min at Fast Process Corner
  Data Path Delay:        2.284ns  (logic 1.283ns (56.178%)  route 1.001ns (43.822%))
  Logic Levels:           3  (IBUF=1 LUT6=1 OBUF=1)

    Location             Delay type                Incr(ns)  Path(ns)    Netlist Resource(s)
  -------------------------------------------------------------------    -------------------
    AN25                                              0.000     0.000 r  b[3] (IN)
                         net (fo=0)                   0.000     0.000    b[3]
    AN25                 IBUF (Prop_ibuf_I_O)         0.124     0.124 r  b_IBUF[3]_inst/O
                         net (fo=5, routed)           0.480     0.604    b_IBUF[3]
    SLICE_X46Y56         LUT6 (Prop_lut6_I5_O)        0.028     0.632 r  s_OBUF[3]_inst_i_1/O
                         net (fo=1, routed)           0.521     1.153    s_OBUF[3]
    AM26                 OBUF (Prop_obuf_I_O)         1.131     2.284 r  s_OBUF[3]_inst/O
                         net (fo=0)                   0.000     2.284    s[3]
    AM26                                                              r  s[3] (OUT)
  -------------------------------------------------------------------    -------------------

Slack:                    inf
  Source:                 b[0]
                            (input port)
  Destination:            s[0]
                            (output port)
  Path Group:             (none)
  Path Type:              Min at Fast Process Corner
  Data Path Delay:        2.297ns  (logic 1.320ns (57.463%)  route 0.977ns (42.537%))
  Logic Levels:           3  (IBUF=1 LUT3=1 OBUF=1)

    Location             Delay type                Incr(ns)  Path(ns)    Netlist Resource(s)
  -------------------------------------------------------------------    -------------------
    AP25                                              0.000     0.000 r  b[0] (IN)
                         net (fo=0)                   0.000     0.000    b[0]
    AP25                 IBUF (Prop_ibuf_I_O)         0.138     0.138 r  b_IBUF[0]_inst/O
                         net (fo=3, routed)           0.462     0.600    b_IBUF[0]
    SLICE_X47Y56         LUT3 (Prop_lut3_I0_O)        0.028     0.628 r  s_OBUF[0]_inst_i_1/O
                         net (fo=6, routed)           0.516     1.144    s_OBUF[0]
    AP29                 OBUF (Prop_obuf_I_O)         1.154     2.297 r  s_OBUF[0]_inst/O
                         net (fo=0)                   0.000     2.297    s[0]
    AP29                                                              r  s[0] (OUT)
  -------------------------------------------------------------------    -------------------

Slack:                    inf
  Source:                 b[3]
                            (input port)
  Destination:            s[2]
                            (output port)
  Path Group:             (none)
  Path Type:              Min at Fast Process Corner
  Data Path Delay:        2.313ns  (logic 1.283ns (55.461%)  route 1.030ns (44.539%))
  Logic Levels:           3  (IBUF=1 LUT6=1 OBUF=1)

    Location             Delay type                Incr(ns)  Path(ns)    Netlist Resource(s)
  -------------------------------------------------------------------    -------------------
    AN25                                              0.000     0.000 r  b[3] (IN)
                         net (fo=0)                   0.000     0.000    b[3]
    AN25                 IBUF (Prop_ibuf_I_O)         0.124     0.124 r  b_IBUF[3]_inst/O
                         net (fo=5, routed)           0.481     0.605    b_IBUF[3]
    SLICE_X46Y56         LUT6 (Prop_lut6_I3_O)        0.028     0.633 r  s_OBUF[2]_inst_i_1/O
                         net (fo=1, routed)           0.549     1.182    s_OBUF[2]
    AM27                 OBUF (Prop_obuf_I_O)         1.131     2.313 r  s_OBUF[2]_inst/O
                         net (fo=0)                   0.000     2.313    s[2]
    AM27                                                              r  s[2] (OUT)
  -------------------------------------------------------------------    -------------------

Slack:                    inf
  Source:                 a[3]
                            (input port)
  Destination:            c[0]
                            (output port)
  Path Group:             (none)
  Path Type:              Min at Fast Process Corner
  Data Path Delay:        2.324ns  (logic 1.279ns (55.025%)  route 1.045ns (44.975%))
  Logic Levels:           3  (IBUF=1 LUT6=1 OBUF=1)

    Location             Delay type                Incr(ns)  Path(ns)    Netlist Resource(s)
  -------------------------------------------------------------------    -------------------
    AP26                                              0.000     0.000 r  a[3] (IN)
                         net (fo=0)                   0.000     0.000    a[3]
    AP26                 IBUF (Prop_ibuf_I_O)         0.136     0.136 r  a_IBUF[3]_inst/O
                         net (fo=5, routed)           0.509     0.645    a_IBUF[3]
    SLICE_X46Y56         LUT6 (Prop_lut6_I5_O)        0.028     0.673 r  c_OBUF[0]_inst_i_1/O
                         net (fo=1, routed)           0.536     1.209    c_OBUF[0]
    AL26                 OBUF (Prop_obuf_I_O)         1.115     2.324 r  c_OBUF[0]_inst/O
                         net (fo=0)                   0.000     2.324    c[0]
    AL26                                                              r  c[0] (OUT)
  -------------------------------------------------------------------    -------------------

Slack:                    inf
  Source:                 a[3]
                            (input port)
  Destination:            s[1]
                            (output port)
  Path Group:             (none)
  Path Type:              Min at Fast Process Corner
  Data Path Delay:        2.329ns  (logic 1.314ns (56.431%)  route 1.015ns (43.569%))
  Logic Levels:           3  (IBUF=1 LUT6=1 OBUF=1)

    Location             Delay type                Incr(ns)  Path(ns)    Netlist Resource(s)
  -------------------------------------------------------------------    -------------------
    AP26                                              0.000     0.000 r  a[3] (IN)
                         net (fo=0)                   0.000     0.000    a[3]
    AP26                 IBUF (Prop_ibuf_I_O)         0.136     0.136 r  a_IBUF[3]_inst/O
                         net (fo=5, routed)           0.511     0.647    a_IBUF[3]
    SLICE_X46Y56         LUT6 (Prop_lut6_I0_O)        0.028     0.675 r  s_OBUF[1]_inst_i_1/O
                         net (fo=1, routed)           0.504     1.179    s_OBUF[1]
    AN29                 OBUF (Prop_obuf_I_O)         1.150     2.329 r  s_OBUF[1]_inst/O
                         net (fo=0)                   0.000     2.329    s[1]
    AN29                                                              r  s[1] (OUT)
  -------------------------------------------------------------------    -------------------

Slack:                    inf
  Source:                 b[3]
                            (input port)
  Destination:            c[1]
                            (output port)
  Path Group:             (none)
  Path Type:              Min at Fast Process Corner
  Data Path Delay:        2.332ns  (logic 1.275ns (54.690%)  route 1.056ns (45.310%))
  Logic Levels:           3  (IBUF=1 LUT6=1 OBUF=1)

    Location             Delay type                Incr(ns)  Path(ns)    Netlist Resource(s)
  -------------------------------------------------------------------    -------------------
    AN25                                              0.000     0.000 r  b[3] (IN)
                         net (fo=0)                   0.000     0.000    b[3]
    AN25                 IBUF (Prop_ibuf_I_O)         0.124     0.124 r  b_IBUF[3]_inst/O
                         net (fo=5, routed)           0.529     0.653    b_IBUF[3]
    SLICE_X47Y56         LUT6 (Prop_lut6_I5_O)        0.028     0.681 r  c_OBUF[1]_inst_i_1/O
                         net (fo=1, routed)           0.527     1.208    c_OBUF[1]
    AL25                 OBUF (Prop_obuf_I_O)         1.123     2.332 r  c_OBUF[1]_inst/O
                         net (fo=0)                   0.000     2.332    c[1]
    AL25                                                              r  c[1] (OUT)
  -------------------------------------------------------------------    -------------------





