Copyright 1986-2022 Xilinx, Inc. All Rights Reserved. Copyright 2022-2025 Advanced Micro Devices, Inc. All Rights Reserved.
---------------------------------------------------------------------------------------------------------------------------------------------------------------------------------------------------------------------
| Tool Version : Vivado v.2025.2 (win64) Build 6299465 Fri Nov 14 19:35:11 GMT 2025
| Date         : Sun May 24 08:58:12 2026
| Host         : Denanath running 64-bit major release  (build 9200)
| Command      : report_timing_summary -max_paths 10 -routable_nets -report_unconstrained -file CLA_timing_summary_routed.rpt -pb CLA_timing_summary_routed.pb -rpx CLA_timing_summary_routed.rpx -warn_on_violation
| Design       : CLA
| Device       : 7z020-clg484
| Speed File   : -1  PRODUCTION 1.12 2019-11-22
| Design State : Routed
---------------------------------------------------------------------------------------------------------------------------------------------------------------------------------------------------------------------

Timing Summary Report

------------------------------------------------------------------------------------------------
| Timer Settings
| --------------
------------------------------------------------------------------------------------------------

  Enable Multi Corner Analysis               :  Yes
  Enable Pessimism Removal                   :  Yes
  Pessimism Removal Resolution               :  Nearest Common Node
  Enable Input Delay Default Clock           :  No
  Enable Preset / Clear Arcs                 :  No
  Disable Flight Delays                      :  No
  Ignore I/O Paths                           :  No
  Timing Early Launch at Borrowing Latches   :  No
  Borrow Time for Max Delay Exceptions       :  Yes
  Merge Timing Exceptions                    :  Yes
  Inter-SLR Compensation                     :  Conservative

  Corner  Analyze    Analyze    
  Name    Max Paths  Min Paths  
  ------  ---------  ---------  
  Slow    Yes        Yes        
  Fast    Yes        Yes        


------------------------------------------------------------------------------------------------
| Report Methodology
| ------------------
------------------------------------------------------------------------------------------------

No report available as report_methodology has not been run prior. Run report_methodology on the current design for the summary of methodology violations.



check_timing report

Table of Contents
-----------------
1. checking no_clock (0)
2. checking constant_clock (0)
3. checking pulse_width_clock (0)
4. checking unconstrained_internal_endpoints (0)
5. checking no_input_delay (0)
6. checking no_output_delay (0)
7. checking multiple_clock (0)
8. checking generated_clocks (0)
9. checking loops (0)
10. checking partial_input_delay (0)
11. checking partial_output_delay (0)
12. checking latch_loops (0)

1. checking no_clock (0)
------------------------
 There are 0 register/latch pins with no clock.


2. checking constant_clock (0)
------------------------------
 There are 0 register/latch pins with constant_clock.


3. checking pulse_width_clock (0)
---------------------------------
 There are 0 register/latch pins which need pulse_width check


4. checking unconstrained_internal_endpoints (0)
------------------------------------------------
 There are 0 pins that are not constrained for maximum delay.

 There are 0 pins that are not constrained for maximum delay due to constant clock.


5. checking no_input_delay (0)
------------------------------
 There are 0 input ports with no input delay specified.

 There are 0 input ports with no input delay but user has a false path constraint.


6. checking no_output_delay (0)
-------------------------------
 There are 0 ports with no output delay specified.

 There are 0 ports with no output delay but user has a false path constraint

 There are 0 ports with no output delay but with a timing clock defined on it or propagating through it


7. checking multiple_clock (0)
------------------------------
 There are 0 register/latch pins with multiple clocks.


8. checking generated_clocks (0)
--------------------------------
 There are 0 generated clocks that are not connected to a clock source.


9. checking loops (0)
---------------------
 There are 0 combinational loops in the design.


10. checking partial_input_delay (0)
------------------------------------
 There are 0 input ports with partial input delay specified.


11. checking partial_output_delay (0)
-------------------------------------
 There are 0 ports with partial output delay specified.


12. checking latch_loops (0)
----------------------------
 There are 0 combinational latch loops in the design through latch input



------------------------------------------------------------------------------------------------
| Design Timing Summary
| ---------------------
------------------------------------------------------------------------------------------------

    WNS(ns)      TNS(ns)  TNS Failing Endpoints  TNS Total Endpoints      WHS(ns)      THS(ns)  THS Failing Endpoints  THS Total Endpoints     WPWS(ns)     TPWS(ns)  TPWS Failing Endpoints  TPWS Total Endpoints  
    -------      -------  ---------------------  -------------------      -------      -------  ---------------------  -------------------     --------     --------  ----------------------  --------------------  
        inf        0.000                      0                    6          inf        0.000                      0                    6           NA           NA                      NA                    NA  


There are no user specified timing constraints.


------------------------------------------------------------------------------------------------
| Clock Summary
| -------------
------------------------------------------------------------------------------------------------


------------------------------------------------------------------------------------------------
| Intra Clock Table
| -----------------
------------------------------------------------------------------------------------------------

Clock             WNS(ns)      TNS(ns)  TNS Failing Endpoints  TNS Total Endpoints      WHS(ns)      THS(ns)  THS Failing Endpoints  THS Total Endpoints     WPWS(ns)     TPWS(ns)  TPWS Failing Endpoints  TPWS Total Endpoints  
-----             -------      -------  ---------------------  -------------------      -------      -------  ---------------------  -------------------     --------     --------  ----------------------  --------------------  


------------------------------------------------------------------------------------------------
| Inter Clock Table
| -----------------
------------------------------------------------------------------------------------------------

From Clock    To Clock          WNS(ns)      TNS(ns)  TNS Failing Endpoints  TNS Total Endpoints      WHS(ns)      THS(ns)  THS Failing Endpoints  THS Total Endpoints  
----------    --------          -------      -------  ---------------------  -------------------      -------      -------  ---------------------  -------------------  


------------------------------------------------------------------------------------------------
| Other Path Groups Table
| -----------------------
------------------------------------------------------------------------------------------------

Path Group    From Clock    To Clock          WNS(ns)      TNS(ns)  TNS Failing Endpoints  TNS Total Endpoints      WHS(ns)      THS(ns)  THS Failing Endpoints  THS Total Endpoints  
----------    ----------    --------          -------      -------  ---------------------  -------------------      -------      -------  ---------------------  -------------------  


------------------------------------------------------------------------------------------------
| User Ignored Path Table
| -----------------------
------------------------------------------------------------------------------------------------

Path Group    From Clock    To Clock    
----------    ----------    --------    


------------------------------------------------------------------------------------------------
| Unconstrained Path Table
| ------------------------
------------------------------------------------------------------------------------------------

Path Group    From Clock    To Clock    
----------    ----------    --------    
(none)                                    


------------------------------------------------------------------------------------------------
| Timing Details
| --------------
------------------------------------------------------------------------------------------------


--------------------------------------------------------------------------------------
Path Group:  (none)
From Clock:  
  To Clock:  

Max Delay             6 Endpoints
Min Delay             6 Endpoints
--------------------------------------------------------------------------------------


Max Delay Paths
--------------------------------------------------------------------------------------
Slack:                    inf
  Source:                 b[0]
                            (input port)
  Destination:            c[2]
                            (output port)
  Path Group:             (none)
  Path Type:              Max at Slow Process Corner
  Data Path Delay:        8.179ns  (logic 4.018ns (49.132%)  route 4.160ns (50.868%))
  Logic Levels:           4  (IBUF=1 LUT3=1 LUT5=1 OBUF=1)

    Location             Delay type                Incr(ns)  Path(ns)    Netlist Resource(s)
  -------------------------------------------------------------------    -------------------
    W7                                                0.000     0.000 r  b[0] (IN)
                         net (fo=0)                   0.000     0.000    b[0]
    W7                   IBUF (Prop_ibuf_I_O)         0.926     0.926 r  b_IBUF[0]_inst/O
                         net (fo=4, routed)           1.430     2.356    b_IBUF[0]
    SLICE_X0Y6           LUT5 (Prop_lut5_I3_O)        0.124     2.480 r  c_OBUF[1]_inst_i_1/O
                         net (fo=3, routed)           0.864     3.344    c_OBUF[1]
    SLICE_X0Y6           LUT3 (Prop_lut3_I1_O)        0.146     3.490 r  c_OBUF[2]_inst_i_1/O
                         net (fo=1, routed)           1.866     5.356    c_OBUF[2]
    R6                   OBUF (Prop_obuf_I_O)         2.823     8.179 r  c_OBUF[2]_inst/O
                         net (fo=0)                   0.000     8.179    c[2]
    R6                                                                r  c[2] (OUT)
  -------------------------------------------------------------------    -------------------

Slack:                    inf
  Source:                 b[0]
                            (input port)
  Destination:            S[2]
                            (output port)
  Path Group:             (none)
  Path Type:              Max at Slow Process Corner
  Data Path Delay:        7.769ns  (logic 3.762ns (48.420%)  route 4.007ns (51.580%))
  Logic Levels:           4  (IBUF=1 LUT3=1 LUT5=1 OBUF=1)

    Location             Delay type                Incr(ns)  Path(ns)    Netlist Resource(s)
  -------------------------------------------------------------------    -------------------
    W7                                                0.000     0.000 r  b[0] (IN)
                         net (fo=0)                   0.000     0.000    b[0]
    W7                   IBUF (Prop_ibuf_I_O)         0.926     0.926 r  b_IBUF[0]_inst/O
                         net (fo=4, routed)           1.430     2.356    b_IBUF[0]
    SLICE_X0Y6           LUT5 (Prop_lut5_I3_O)        0.124     2.480 r  c_OBUF[1]_inst_i_1/O
                         net (fo=3, routed)           0.864     3.344    c_OBUF[1]
    SLICE_X0Y6           LUT3 (Prop_lut3_I0_O)        0.124     3.468 r  S_OBUF[2]_inst_i_1/O
                         net (fo=1, routed)           1.713     5.181    S_OBUF[2]
    U4                   OBUF (Prop_obuf_I_O)         2.588     7.769 r  S_OBUF[2]_inst/O
                         net (fo=0)                   0.000     7.769    S[2]
    U4                                                                r  S[2] (OUT)
  -------------------------------------------------------------------    -------------------

Slack:                    inf
  Source:                 a[0]
                            (input port)
  Destination:            S[0]
                            (output port)
  Path Group:             (none)
  Path Type:              Max at Slow Process Corner
  Data Path Delay:        7.103ns  (logic 3.878ns (54.599%)  route 3.225ns (45.401%))
  Logic Levels:           3  (IBUF=1 LUT3=1 OBUF=1)

    Location             Delay type                Incr(ns)  Path(ns)    Netlist Resource(s)
  -------------------------------------------------------------------    -------------------
    U7                                                0.000     0.000 r  a[0] (IN)
                         net (fo=0)                   0.000     0.000    a[0]
    U7                   IBUF (Prop_ibuf_I_O)         0.915     0.915 r  a_IBUF[0]_inst/O
                         net (fo=4, routed)           1.558     2.472    a_IBUF[0]
    SLICE_X0Y6           LUT3 (Prop_lut3_I1_O)        0.152     2.624 r  S_OBUF[0]_inst_i_1/O
                         net (fo=1, routed)           1.667     4.292    S_OBUF[0]
    V4                   OBUF (Prop_obuf_I_O)         2.811     7.103 r  S_OBUF[0]_inst/O
                         net (fo=0)                   0.000     7.103    S[0]
    V4                                                                r  S[0] (OUT)
  -------------------------------------------------------------------    -------------------

Slack:                    inf
  Source:                 a[0]
                            (input port)
  Destination:            c[0]
                            (output port)
  Path Group:             (none)
  Path Type:              Max at Slow Process Corner
  Data Path Delay:        7.075ns  (logic 3.654ns (51.645%)  route 3.421ns (48.355%))
  Logic Levels:           3  (IBUF=1 LUT3=1 OBUF=1)

    Location             Delay type                Incr(ns)  Path(ns)    Netlist Resource(s)
  -------------------------------------------------------------------    -------------------
    U7                                                0.000     0.000 r  a[0] (IN)
                         net (fo=0)                   0.000     0.000    a[0]
    U7                   IBUF (Prop_ibuf_I_O)         0.915     0.915 r  a_IBUF[0]_inst/O
                         net (fo=4, routed)           1.558     2.472    a_IBUF[0]
    SLICE_X0Y6           LUT3 (Prop_lut3_I2_O)        0.124     2.596 r  c_OBUF[0]_inst_i_1/O
                         net (fo=1, routed)           1.863     4.460    c_OBUF[0]
    T4                   OBUF (Prop_obuf_I_O)         2.615     7.075 r  c_OBUF[0]_inst/O
                         net (fo=0)                   0.000     7.075    c[0]
    T4                                                                r  c[0] (OUT)
  -------------------------------------------------------------------    -------------------

Slack:                    inf
  Source:                 b[0]
                            (input port)
  Destination:            S[1]
                            (output port)
  Path Group:             (none)
  Path Type:              Max at Slow Process Corner
  Data Path Delay:        6.974ns  (logic 3.869ns (55.474%)  route 3.105ns (44.526%))
  Logic Levels:           3  (IBUF=1 LUT5=1 OBUF=1)

    Location             Delay type                Incr(ns)  Path(ns)    Netlist Resource(s)
  -------------------------------------------------------------------    -------------------
    W7                                                0.000     0.000 r  b[0] (IN)
                         net (fo=0)                   0.000     0.000    b[0]
    W7                   IBUF (Prop_ibuf_I_O)         0.926     0.926 r  b_IBUF[0]_inst/O
                         net (fo=4, routed)           1.430     2.356    b_IBUF[0]
    SLICE_X0Y6           LUT5 (Prop_lut5_I2_O)        0.153     2.509 r  S_OBUF[1]_inst_i_1/O
                         net (fo=1, routed)           1.675     4.184    S_OBUF[1]
    V5                   OBUF (Prop_obuf_I_O)         2.790     6.974 r  S_OBUF[1]_inst/O
                         net (fo=0)                   0.000     6.974    S[1]
    V5                                                                r  S[1] (OUT)
  -------------------------------------------------------------------    -------------------

Slack:                    inf
  Source:                 b[0]
                            (input port)
  Destination:            c[1]
                            (output port)
  Path Group:             (none)
  Path Type:              Max at Slow Process Corner
  Data Path Delay:        6.780ns  (logic 3.626ns (53.484%)  route 3.154ns (46.516%))
  Logic Levels:           3  (IBUF=1 LUT5=1 OBUF=1)

    Location             Delay type                Incr(ns)  Path(ns)    Netlist Resource(s)
  -------------------------------------------------------------------    -------------------
    W7                                                0.000     0.000 r  b[0] (IN)
                         net (fo=0)                   0.000     0.000    b[0]
    W7                   IBUF (Prop_ibuf_I_O)         0.926     0.926 r  b_IBUF[0]_inst/O
                         net (fo=4, routed)           1.430     2.356    b_IBUF[0]
    SLICE_X0Y6           LUT5 (Prop_lut5_I3_O)        0.124     2.480 r  c_OBUF[1]_inst_i_1/O
                         net (fo=3, routed)           1.724     4.204    c_OBUF[1]
    T6                   OBUF (Prop_obuf_I_O)         2.577     6.780 r  c_OBUF[1]_inst/O
                         net (fo=0)                   0.000     6.780    c[1]
    T6                                                                r  c[1] (OUT)
  -------------------------------------------------------------------    -------------------





Min Delay Paths
--------------------------------------------------------------------------------------
Slack:                    inf
  Source:                 b[2]
                            (input port)
  Destination:            S[2]
                            (output port)
  Path Group:             (none)
  Path Type:              Min at Fast Process Corner
  Data Path Delay:        2.036ns  (logic 1.296ns (63.687%)  route 0.739ns (36.313%))
  Logic Levels:           3  (IBUF=1 LUT3=1 OBUF=1)

    Location             Delay type                Incr(ns)  Path(ns)    Netlist Resource(s)
  -------------------------------------------------------------------    -------------------
    U5                                                0.000     0.000 r  b[2] (IN)
                         net (fo=0)                   0.000     0.000    b[2]
    U5                   IBUF (Prop_ibuf_I_O)         0.146     0.146 r  b_IBUF[2]_inst/O
                         net (fo=2, routed)           0.381     0.527    b_IBUF[2]
    SLICE_X0Y6           LUT3 (Prop_lut3_I2_O)        0.045     0.572 r  S_OBUF[2]_inst_i_1/O
                         net (fo=1, routed)           0.358     0.930    S_OBUF[2]
    U4                   OBUF (Prop_obuf_I_O)         1.105     2.036 r  S_OBUF[2]_inst/O
                         net (fo=0)                   0.000     2.036    S[2]
    U4                                                                r  S[2] (OUT)
  -------------------------------------------------------------------    -------------------

Slack:                    inf
  Source:                 Cin
                            (input port)
  Destination:            S[0]
                            (output port)
  Path Group:             (none)
  Path Type:              Min at Fast Process Corner
  Data Path Delay:        2.046ns  (logic 1.372ns (67.032%)  route 0.675ns (32.968%))
  Logic Levels:           3  (IBUF=1 LUT3=1 OBUF=1)

    Location             Delay type                Incr(ns)  Path(ns)    Netlist Resource(s)
  -------------------------------------------------------------------    -------------------
    U6                                                0.000     0.000 r  Cin (IN)
                         net (fo=0)                   0.000     0.000    Cin
    U6                   IBUF (Prop_ibuf_I_O)         0.146     0.146 r  Cin_IBUF_inst/O
                         net (fo=4, routed)           0.341     0.487    Cin_IBUF
    SLICE_X0Y6           LUT3 (Prop_lut3_I0_O)        0.048     0.535 r  S_OBUF[0]_inst_i_1/O
                         net (fo=1, routed)           0.333     0.869    S_OBUF[0]
    V4                   OBUF (Prop_obuf_I_O)         1.178     2.046 r  S_OBUF[0]_inst/O
                         net (fo=0)                   0.000     2.046    S[0]
    V4                                                                r  S[0] (OUT)
  -------------------------------------------------------------------    -------------------

Slack:                    inf
  Source:                 Cin
                            (input port)
  Destination:            c[0]
                            (output port)
  Path Group:             (none)
  Path Type:              Min at Fast Process Corner
  Data Path Delay:        2.079ns  (logic 1.323ns (63.646%)  route 0.756ns (36.354%))
  Logic Levels:           3  (IBUF=1 LUT3=1 OBUF=1)

    Location             Delay type                Incr(ns)  Path(ns)    Netlist Resource(s)
  -------------------------------------------------------------------    -------------------
    U6                                                0.000     0.000 r  Cin (IN)
                         net (fo=0)                   0.000     0.000    Cin
    U6                   IBUF (Prop_ibuf_I_O)         0.146     0.146 r  Cin_IBUF_inst/O
                         net (fo=4, routed)           0.341     0.487    Cin_IBUF
    SLICE_X0Y6           LUT3 (Prop_lut3_I1_O)        0.045     0.532 r  c_OBUF[0]_inst_i_1/O
                         net (fo=1, routed)           0.414     0.947    c_OBUF[0]
    T4                   OBUF (Prop_obuf_I_O)         1.132     2.079 r  c_OBUF[0]_inst/O
                         net (fo=0)                   0.000     2.079    c[0]
    T4                                                                r  c[0] (OUT)
  -------------------------------------------------------------------    -------------------

Slack:                    inf
  Source:                 b[1]
                            (input port)
  Destination:            c[1]
                            (output port)
  Path Group:             (none)
  Path Type:              Min at Fast Process Corner
  Data Path Delay:        2.099ns  (logic 1.290ns (61.466%)  route 0.809ns (38.534%))
  Logic Levels:           3  (IBUF=1 LUT5=1 OBUF=1)

    Location             Delay type                Incr(ns)  Path(ns)    Netlist Resource(s)
  -------------------------------------------------------------------    -------------------
    V7                                                0.000     0.000 r  b[1] (IN)
                         net (fo=0)                   0.000     0.000    b[1]
    V7                   IBUF (Prop_ibuf_I_O)         0.151     0.151 r  b_IBUF[1]_inst/O
                         net (fo=2, routed)           0.441     0.592    b_IBUF[1]
    SLICE_X0Y6           LUT5 (Prop_lut5_I0_O)        0.045     0.637 r  c_OBUF[1]_inst_i_1/O
                         net (fo=3, routed)           0.368     1.005    c_OBUF[1]
    T6                   OBUF (Prop_obuf_I_O)         1.094     2.099 r  c_OBUF[1]_inst/O
                         net (fo=0)                   0.000     2.099    c[1]
    T6                                                                r  c[1] (OUT)
  -------------------------------------------------------------------    -------------------

Slack:                    inf
  Source:                 b[1]
                            (input port)
  Destination:            S[1]
                            (output port)
  Path Group:             (none)
  Path Type:              Min at Fast Process Corner
  Data Path Delay:        2.156ns  (logic 1.369ns (63.483%)  route 0.787ns (36.517%))
  Logic Levels:           3  (IBUF=1 LUT5=1 OBUF=1)

    Location             Delay type                Incr(ns)  Path(ns)    Netlist Resource(s)
  -------------------------------------------------------------------    -------------------
    V7                                                0.000     0.000 r  b[1] (IN)
                         net (fo=0)                   0.000     0.000    b[1]
    V7                   IBUF (Prop_ibuf_I_O)         0.151     0.151 r  b_IBUF[1]_inst/O
                         net (fo=2, routed)           0.441     0.592    b_IBUF[1]
    SLICE_X0Y6           LUT5 (Prop_lut5_I4_O)        0.049     0.641 r  S_OBUF[1]_inst_i_1/O
                         net (fo=1, routed)           0.346     0.988    S_OBUF[1]
    V5                   OBUF (Prop_obuf_I_O)         1.169     2.156 r  S_OBUF[1]_inst/O
                         net (fo=0)                   0.000     2.156    S[1]
    V5                                                                r  S[1] (OUT)
  -------------------------------------------------------------------    -------------------

Slack:                    inf
  Source:                 b[2]
                            (input port)
  Destination:            c[2]
                            (output port)
  Path Group:             (none)
  Path Type:              Min at Fast Process Corner
  Data Path Delay:        2.194ns  (logic 1.396ns (63.615%)  route 0.798ns (36.385%))
  Logic Levels:           3  (IBUF=1 LUT3=1 OBUF=1)

    Location             Delay type                Incr(ns)  Path(ns)    Netlist Resource(s)
  -------------------------------------------------------------------    -------------------
    U5                                                0.000     0.000 r  b[2] (IN)
                         net (fo=0)                   0.000     0.000    b[2]
    U5                   IBUF (Prop_ibuf_I_O)         0.146     0.146 r  b_IBUF[2]_inst/O
                         net (fo=2, routed)           0.381     0.527    b_IBUF[2]
    SLICE_X0Y6           LUT3 (Prop_lut3_I2_O)        0.048     0.575 r  c_OBUF[2]_inst_i_1/O
                         net (fo=1, routed)           0.417     0.992    c_OBUF[2]
    R6                   OBUF (Prop_obuf_I_O)         1.201     2.194 r  c_OBUF[2]_inst/O
                         net (fo=0)                   0.000     2.194    c[2]
    R6                                                                r  c[2] (OUT)
  -------------------------------------------------------------------    -------------------





