Copyright 1986-2022 Xilinx, Inc. All Rights Reserved. Copyright 2022-2025 Advanced Micro Devices, Inc. All Rights Reserved.
------------------------------------------------------------------------------------------------------------------------------------------------------------------------------------------------------------------------
| Tool Version : Vivado v.2025.2 (win64) Build 6299465 Fri Nov 14 19:35:11 GMT 2025
| Date         : Tue Jun  9 10:39:03 2026
| Host         : Denanath running 64-bit major release  (build 9200)
| Command      : report_timing_summary -max_paths 10 -routable_nets -report_unconstrained -file PISO_timing_summary_routed.rpt -pb PISO_timing_summary_routed.pb -rpx PISO_timing_summary_routed.rpx -warn_on_violation
| Design       : PISO
| Device       : 7z020-clg484
| Speed File   : -1  PRODUCTION 1.12 2019-11-22
| Design State : Routed
------------------------------------------------------------------------------------------------------------------------------------------------------------------------------------------------------------------------

Timing Summary Report

------------------------------------------------------------------------------------------------
| Timer Settings
| --------------
------------------------------------------------------------------------------------------------

  Enable Multi Corner Analysis               :  Yes
  Enable Pessimism Removal                   :  Yes
  Pessimism Removal Resolution               :  Nearest Common Node
  Enable Input Delay Default Clock           :  No
  Enable Preset / Clear Arcs                 :  No
  Disable Flight Delays                      :  No
  Ignore I/O Paths                           :  No
  Timing Early Launch at Borrowing Latches   :  No
  Borrow Time for Max Delay Exceptions       :  Yes
  Merge Timing Exceptions                    :  Yes
  Inter-SLR Compensation                     :  Conservative

  Corner  Analyze    Analyze    
  Name    Max Paths  Min Paths  
  ------  ---------  ---------  
  Slow    Yes        Yes        
  Fast    Yes        Yes        


------------------------------------------------------------------------------------------------
| Report Methodology
| ------------------
------------------------------------------------------------------------------------------------

Rule       Severity          Description                  Violations  
---------  ----------------  ---------------------------  ----------  
TIMING-17  Critical Warning  Non-clocked sequential cell  4           

Note: This report is based on the most recent report_methodology run and may not be up-to-date. Run report_methodology on the current design for the latest report.



check_timing report

Table of Contents
-----------------
1. checking no_clock (4)
2. checking constant_clock (0)
3. checking pulse_width_clock (0)
4. checking unconstrained_internal_endpoints (4)
5. checking no_input_delay (5)
6. checking no_output_delay (1)
7. checking multiple_clock (0)
8. checking generated_clocks (0)
9. checking loops (0)
10. checking partial_input_delay (0)
11. checking partial_output_delay (0)
12. checking latch_loops (0)

1. checking no_clock (4)
------------------------
 There are 4 register/latch pins with no clock driven by root clock pin: clk (HIGH)


2. checking constant_clock (0)
------------------------------
 There are 0 register/latch pins with constant_clock.


3. checking pulse_width_clock (0)
---------------------------------
 There are 0 register/latch pins which need pulse_width check


4. checking unconstrained_internal_endpoints (4)
------------------------------------------------
 There are 4 pins that are not constrained for maximum delay. (HIGH)

 There are 0 pins that are not constrained for maximum delay due to constant clock.


5. checking no_input_delay (5)
------------------------------
 There are 5 input ports with no input delay specified. (HIGH)

 There are 0 input ports with no input delay but user has a false path constraint.


6. checking no_output_delay (1)
-------------------------------
 There is 1 port with no output delay specified. (HIGH)

 There are 0 ports with no output delay but user has a false path constraint

 There are 0 ports with no output delay but with a timing clock defined on it or propagating through it


7. checking multiple_clock (0)
------------------------------
 There are 0 register/latch pins with multiple clocks.


8. checking generated_clocks (0)
--------------------------------
 There are 0 generated clocks that are not connected to a clock source.


9. checking loops (0)
---------------------
 There are 0 combinational loops in the design.


10. checking partial_input_delay (0)
------------------------------------
 There are 0 input ports with partial input delay specified.


11. checking partial_output_delay (0)
-------------------------------------
 There are 0 ports with partial output delay specified.


12. checking latch_loops (0)
----------------------------
 There are 0 combinational latch loops in the design through latch input



------------------------------------------------------------------------------------------------
| Design Timing Summary
| ---------------------
------------------------------------------------------------------------------------------------

    WNS(ns)      TNS(ns)  TNS Failing Endpoints  TNS Total Endpoints      WHS(ns)      THS(ns)  THS Failing Endpoints  THS Total Endpoints     WPWS(ns)     TPWS(ns)  TPWS Failing Endpoints  TPWS Total Endpoints  
    -------      -------  ---------------------  -------------------      -------      -------  ---------------------  -------------------     --------     --------  ----------------------  --------------------  
        inf        0.000                      0                    5          inf        0.000                      0                    5           NA           NA                      NA                    NA  


There are no user specified timing constraints.


------------------------------------------------------------------------------------------------
| Clock Summary
| -------------
------------------------------------------------------------------------------------------------


------------------------------------------------------------------------------------------------
| Intra Clock Table
| -----------------
------------------------------------------------------------------------------------------------

Clock             WNS(ns)      TNS(ns)  TNS Failing Endpoints  TNS Total Endpoints      WHS(ns)      THS(ns)  THS Failing Endpoints  THS Total Endpoints     WPWS(ns)     TPWS(ns)  TPWS Failing Endpoints  TPWS Total Endpoints  
-----             -------      -------  ---------------------  -------------------      -------      -------  ---------------------  -------------------     --------     --------  ----------------------  --------------------  


------------------------------------------------------------------------------------------------
| Inter Clock Table
| -----------------
------------------------------------------------------------------------------------------------

From Clock    To Clock          WNS(ns)      TNS(ns)  TNS Failing Endpoints  TNS Total Endpoints      WHS(ns)      THS(ns)  THS Failing Endpoints  THS Total Endpoints  
----------    --------          -------      -------  ---------------------  -------------------      -------      -------  ---------------------  -------------------  


------------------------------------------------------------------------------------------------
| Other Path Groups Table
| -----------------------
------------------------------------------------------------------------------------------------

Path Group    From Clock    To Clock          WNS(ns)      TNS(ns)  TNS Failing Endpoints  TNS Total Endpoints      WHS(ns)      THS(ns)  THS Failing Endpoints  THS Total Endpoints  
----------    ----------    --------          -------      -------  ---------------------  -------------------      -------      -------  ---------------------  -------------------  


------------------------------------------------------------------------------------------------
| User Ignored Path Table
| -----------------------
------------------------------------------------------------------------------------------------

Path Group    From Clock    To Clock    
----------    ----------    --------    


------------------------------------------------------------------------------------------------
| Unconstrained Path Table
| ------------------------
------------------------------------------------------------------------------------------------

Path Group    From Clock    To Clock    
----------    ----------    --------    
(none)                                    


------------------------------------------------------------------------------------------------
| Timing Details
| --------------
------------------------------------------------------------------------------------------------


--------------------------------------------------------------------------------------
Path Group:  (none)
From Clock:  
  To Clock:  

Max Delay             5 Endpoints
Min Delay             5 Endpoints
--------------------------------------------------------------------------------------


Max Delay Paths
--------------------------------------------------------------------------------------
Slack:                    inf
  Source:                 G7/q_reg/C
                            (rising edge-triggered cell FDRE)
  Destination:            y
                            (output port)
  Path Group:             (none)
  Path Type:              Max at Slow Process Corner
  Data Path Delay:        4.770ns  (logic 3.098ns (64.944%)  route 1.672ns (35.056%))
  Logic Levels:           2  (FDRE=1 OBUF=1)

    Location             Delay type                Incr(ns)  Path(ns)    Netlist Resource(s)
  -------------------------------------------------------------------    -------------------
    SLICE_X0Y3           FDRE                         0.000     0.000 r  G7/q_reg/C
    SLICE_X0Y3           FDRE (Prop_fdre_C_Q)         0.518     0.518 r  G7/q_reg/Q
                         net (fo=1, routed)           1.672     2.190    y_OBUF
    U5                   OBUF (Prop_obuf_I_O)         2.580     4.770 r  y_OBUF_inst/O
                         net (fo=0)                   0.000     4.770    y
    U5                                                                r  y (OUT)
  -------------------------------------------------------------------    -------------------

Slack:                    inf
  Source:                 l
                            (input port)
  Destination:            G3/q_reg/D
  Path Group:             (none)
  Path Type:              Max at Slow Process Corner
  Data Path Delay:        2.441ns  (logic 1.046ns (42.849%)  route 1.395ns (57.151%))
  Logic Levels:           2  (IBUF=1 LUT3=1)

    Location             Delay type                Incr(ns)  Path(ns)    Netlist Resource(s)
  -------------------------------------------------------------------    -------------------
    V7                                                0.000     0.000 r  l (IN)
                         net (fo=0)                   0.000     0.000    l
    V7                   IBUF (Prop_ibuf_I_O)         0.922     0.922 r  l_IBUF_inst/O
                         net (fo=3, routed)           1.395     2.317    G2/l_IBUF
    SLICE_X0Y2           LUT3 (Prop_lut3_I1_O)        0.124     2.441 r  G2/y/O
                         net (fo=1, routed)           0.000     2.441    G3/w_1
    SLICE_X0Y2           FDRE                                         r  G3/q_reg/D
  -------------------------------------------------------------------    -------------------

Slack:                    inf
  Source:                 d[3]
                            (input port)
  Destination:            G7/q_reg/D
  Path Group:             (none)
  Path Type:              Max at Slow Process Corner
  Data Path Delay:        2.135ns  (logic 1.050ns (49.174%)  route 1.085ns (50.826%))
  Logic Levels:           2  (IBUF=1 LUT3=1)

    Location             Delay type                Incr(ns)  Path(ns)    Netlist Resource(s)
  -------------------------------------------------------------------    -------------------
    W7                                                0.000     0.000 r  d[3] (IN)
                         net (fo=0)                   0.000     0.000    d[3]
    W7                   IBUF (Prop_ibuf_I_O)         0.926     0.926 r  d_IBUF[3]_inst/O
                         net (fo=1, routed)           1.085     2.011    G6/d_IBUF[0]
    SLICE_X0Y3           LUT3 (Prop_lut3_I2_O)        0.124     2.135 r  G6/y/O
                         net (fo=1, routed)           0.000     2.135    G7/w_3
    SLICE_X0Y3           FDRE                                         r  G7/q_reg/D
  -------------------------------------------------------------------    -------------------

Slack:                    inf
  Source:                 l
                            (input port)
  Destination:            G5/q_reg/D
  Path Group:             (none)
  Path Type:              Max at Slow Process Corner
  Data Path Delay:        2.068ns  (logic 1.046ns (50.577%)  route 1.022ns (49.423%))
  Logic Levels:           2  (IBUF=1 LUT3=1)

    Location             Delay type                Incr(ns)  Path(ns)    Netlist Resource(s)
  -------------------------------------------------------------------    -------------------
    V7                                                0.000     0.000 r  l (IN)
                         net (fo=0)                   0.000     0.000    l
    V7                   IBUF (Prop_ibuf_I_O)         0.922     0.922 r  l_IBUF_inst/O
                         net (fo=3, routed)           1.022     1.944    G4/l_IBUF
    SLICE_X0Y2           LUT3 (Prop_lut3_I1_O)        0.124     2.068 r  G4/y/O
                         net (fo=1, routed)           0.000     2.068    G5/w_2
    SLICE_X0Y2           FDRE                                         r  G5/q_reg/D
  -------------------------------------------------------------------    -------------------

Slack:                    inf
  Source:                 d[0]
                            (input port)
  Destination:            G1/q_reg/D
  Path Group:             (none)
  Path Type:              Max at Slow Process Corner
  Data Path Delay:        1.811ns  (logic 0.915ns (50.523%)  route 0.896ns (49.477%))
  Logic Levels:           1  (IBUF=1)

    Location             Delay type                Incr(ns)  Path(ns)    Netlist Resource(s)
  -------------------------------------------------------------------    -------------------
    U7                                                0.000     0.000 r  d[0] (IN)
                         net (fo=0)                   0.000     0.000    d[0]
    U7                   IBUF (Prop_ibuf_I_O)         0.915     0.915 r  d_IBUF[0]_inst/O
                         net (fo=1, routed)           0.896     1.811    G1/d_IBUF[0]
    SLICE_X0Y2           FDRE                                         r  G1/q_reg/D
  -------------------------------------------------------------------    -------------------





Min Delay Paths
--------------------------------------------------------------------------------------
Slack:                    inf
  Source:                 G1/q_reg/C
                            (rising edge-triggered cell FDRE)
  Destination:            G3/q_reg/D
  Path Group:             (none)
  Path Type:              Min at Fast Process Corner
  Data Path Delay:        0.305ns  (logic 0.246ns (80.588%)  route 0.059ns (19.412%))
  Logic Levels:           2  (FDRE=1 LUT3=1)

    Location             Delay type                Incr(ns)  Path(ns)    Netlist Resource(s)
  -------------------------------------------------------------------    -------------------
    SLICE_X0Y2           FDRE                         0.000     0.000 r  G1/q_reg/C
    SLICE_X0Y2           FDRE (Prop_fdre_C_Q)         0.148     0.148 r  G1/q_reg/Q
                         net (fo=1, routed)           0.059     0.207    G2/q_0
    SLICE_X0Y2           LUT3 (Prop_lut3_I0_O)        0.098     0.305 r  G2/y/O
                         net (fo=1, routed)           0.000     0.305    G3/w_1
    SLICE_X0Y2           FDRE                                         r  G3/q_reg/D
  -------------------------------------------------------------------    -------------------

Slack:                    inf
  Source:                 G3/q_reg/C
                            (rising edge-triggered cell FDRE)
  Destination:            G5/q_reg/D
  Path Group:             (none)
  Path Type:              Min at Fast Process Corner
  Data Path Delay:        0.372ns  (logic 0.209ns (56.167%)  route 0.163ns (43.833%))
  Logic Levels:           2  (FDRE=1 LUT3=1)

    Location             Delay type                Incr(ns)  Path(ns)    Netlist Resource(s)
  -------------------------------------------------------------------    -------------------
    SLICE_X0Y2           FDRE                         0.000     0.000 r  G3/q_reg/C
    SLICE_X0Y2           FDRE (Prop_fdre_C_Q)         0.164     0.164 r  G3/q_reg/Q
                         net (fo=1, routed)           0.163     0.327    G4/q_1
    SLICE_X0Y2           LUT3 (Prop_lut3_I0_O)        0.045     0.372 r  G4/y/O
                         net (fo=1, routed)           0.000     0.372    G5/w_2
    SLICE_X0Y2           FDRE                                         r  G5/q_reg/D
  -------------------------------------------------------------------    -------------------

Slack:                    inf
  Source:                 G5/q_reg/C
                            (rising edge-triggered cell FDRE)
  Destination:            G7/q_reg/D
  Path Group:             (none)
  Path Type:              Min at Fast Process Corner
  Data Path Delay:        0.405ns  (logic 0.209ns (51.583%)  route 0.196ns (48.417%))
  Logic Levels:           2  (FDRE=1 LUT3=1)

    Location             Delay type                Incr(ns)  Path(ns)    Netlist Resource(s)
  -------------------------------------------------------------------    -------------------
    SLICE_X0Y2           FDRE                         0.000     0.000 r  G5/q_reg/C
    SLICE_X0Y2           FDRE (Prop_fdre_C_Q)         0.164     0.164 r  G5/q_reg/Q
                         net (fo=1, routed)           0.196     0.360    G6/q_2
    SLICE_X0Y3           LUT3 (Prop_lut3_I0_O)        0.045     0.405 r  G6/y/O
                         net (fo=1, routed)           0.000     0.405    G7/w_3
    SLICE_X0Y3           FDRE                                         r  G7/q_reg/D
  -------------------------------------------------------------------    -------------------

Slack:                    inf
  Source:                 d[0]
                            (input port)
  Destination:            G1/q_reg/D
  Path Group:             (none)
  Path Type:              Min at Fast Process Corner
  Data Path Delay:        0.498ns  (logic 0.144ns (28.941%)  route 0.354ns (71.059%))
  Logic Levels:           1  (IBUF=1)

    Location             Delay type                Incr(ns)  Path(ns)    Netlist Resource(s)
  -------------------------------------------------------------------    -------------------
    U7                                                0.000     0.000 r  d[0] (IN)
                         net (fo=0)                   0.000     0.000    d[0]
    U7                   IBUF (Prop_ibuf_I_O)         0.144     0.144 r  d_IBUF[0]_inst/O
                         net (fo=1, routed)           0.354     0.498    G1/d_IBUF[0]
    SLICE_X0Y2           FDRE                                         r  G1/q_reg/D
  -------------------------------------------------------------------    -------------------

Slack:                    inf
  Source:                 G7/q_reg/C
                            (rising edge-triggered cell FDRE)
  Destination:            y
                            (output port)
  Path Group:             (none)
  Path Type:              Min at Fast Process Corner
  Data Path Delay:        1.604ns  (logic 1.261ns (78.614%)  route 0.343ns (21.386%))
  Logic Levels:           2  (FDRE=1 OBUF=1)

    Location             Delay type                Incr(ns)  Path(ns)    Netlist Resource(s)
  -------------------------------------------------------------------    -------------------
    SLICE_X0Y3           FDRE                         0.000     0.000 r  G7/q_reg/C
    SLICE_X0Y3           FDRE (Prop_fdre_C_Q)         0.164     0.164 r  G7/q_reg/Q
                         net (fo=1, routed)           0.343     0.507    y_OBUF
    U5                   OBUF (Prop_obuf_I_O)         1.097     1.604 r  y_OBUF_inst/O
                         net (fo=0)                   0.000     1.604    y
    U5                                                                r  y (OUT)
  -------------------------------------------------------------------    -------------------





