Copyright 1986-2022 Xilinx, Inc. All Rights Reserved. Copyright 2022-2025 Advanced Micro Devices, Inc. All Rights Reserved.
---------------------------------------------------------------------------------------------------------------------------------------------------------------------------------------------------------------------------------
| Tool Version : Vivado v.2025.2 (win64) Build 6299465 Fri Nov 14 19:35:11 GMT 2025
| Date         : Tue Jun  9 11:17:04 2026
| Host         : Denanath running 64-bit major release  (build 9200)
| Command      : report_timing_summary -max_paths 10 -routable_nets -report_unconstrained -file Decoder_timing_summary_routed.rpt -pb Decoder_timing_summary_routed.pb -rpx Decoder_timing_summary_routed.rpx -warn_on_violation
| Design       : Decoder
| Device       : 7z020-clg484
| Speed File   : -1  PRODUCTION 1.12 2019-11-22
| Design State : Routed
---------------------------------------------------------------------------------------------------------------------------------------------------------------------------------------------------------------------------------

Timing Summary Report

------------------------------------------------------------------------------------------------
| Timer Settings
| --------------
------------------------------------------------------------------------------------------------

  Enable Multi Corner Analysis               :  Yes
  Enable Pessimism Removal                   :  Yes
  Pessimism Removal Resolution               :  Nearest Common Node
  Enable Input Delay Default Clock           :  No
  Enable Preset / Clear Arcs                 :  No
  Disable Flight Delays                      :  No
  Ignore I/O Paths                           :  No
  Timing Early Launch at Borrowing Latches   :  No
  Borrow Time for Max Delay Exceptions       :  Yes
  Merge Timing Exceptions                    :  Yes
  Inter-SLR Compensation                     :  Conservative

  Corner  Analyze    Analyze    
  Name    Max Paths  Min Paths  
  ------  ---------  ---------  
  Slow    Yes        Yes        
  Fast    Yes        Yes        


------------------------------------------------------------------------------------------------
| Report Methodology
| ------------------
------------------------------------------------------------------------------------------------

No report available as report_methodology has not been run prior. Run report_methodology on the current design for the summary of methodology violations.



check_timing report

Table of Contents
-----------------
1. checking no_clock (0)
2. checking constant_clock (0)
3. checking pulse_width_clock (0)
4. checking unconstrained_internal_endpoints (0)
5. checking no_input_delay (0)
6. checking no_output_delay (0)
7. checking multiple_clock (0)
8. checking generated_clocks (0)
9. checking loops (0)
10. checking partial_input_delay (0)
11. checking partial_output_delay (0)
12. checking latch_loops (0)

1. checking no_clock (0)
------------------------
 There are 0 register/latch pins with no clock.


2. checking constant_clock (0)
------------------------------
 There are 0 register/latch pins with constant_clock.


3. checking pulse_width_clock (0)
---------------------------------
 There are 0 register/latch pins which need pulse_width check


4. checking unconstrained_internal_endpoints (0)
------------------------------------------------
 There are 0 pins that are not constrained for maximum delay.

 There are 0 pins that are not constrained for maximum delay due to constant clock.


5. checking no_input_delay (0)
------------------------------
 There are 0 input ports with no input delay specified.

 There are 0 input ports with no input delay but user has a false path constraint.


6. checking no_output_delay (0)
-------------------------------
 There are 0 ports with no output delay specified.

 There are 0 ports with no output delay but user has a false path constraint

 There are 0 ports with no output delay but with a timing clock defined on it or propagating through it


7. checking multiple_clock (0)
------------------------------
 There are 0 register/latch pins with multiple clocks.


8. checking generated_clocks (0)
--------------------------------
 There are 0 generated clocks that are not connected to a clock source.


9. checking loops (0)
---------------------
 There are 0 combinational loops in the design.


10. checking partial_input_delay (0)
------------------------------------
 There are 0 input ports with partial input delay specified.


11. checking partial_output_delay (0)
-------------------------------------
 There are 0 ports with partial output delay specified.


12. checking latch_loops (0)
----------------------------
 There are 0 combinational latch loops in the design through latch input



------------------------------------------------------------------------------------------------
| Design Timing Summary
| ---------------------
------------------------------------------------------------------------------------------------

    WNS(ns)      TNS(ns)  TNS Failing Endpoints  TNS Total Endpoints      WHS(ns)      THS(ns)  THS Failing Endpoints  THS Total Endpoints     WPWS(ns)     TPWS(ns)  TPWS Failing Endpoints  TPWS Total Endpoints  
    -------      -------  ---------------------  -------------------      -------      -------  ---------------------  -------------------     --------     --------  ----------------------  --------------------  
        inf        0.000                      0                    8          inf        0.000                      0                    8           NA           NA                      NA                    NA  


There are no user specified timing constraints.


------------------------------------------------------------------------------------------------
| Clock Summary
| -------------
------------------------------------------------------------------------------------------------


------------------------------------------------------------------------------------------------
| Intra Clock Table
| -----------------
------------------------------------------------------------------------------------------------

Clock             WNS(ns)      TNS(ns)  TNS Failing Endpoints  TNS Total Endpoints      WHS(ns)      THS(ns)  THS Failing Endpoints  THS Total Endpoints     WPWS(ns)     TPWS(ns)  TPWS Failing Endpoints  TPWS Total Endpoints  
-----             -------      -------  ---------------------  -------------------      -------      -------  ---------------------  -------------------     --------     --------  ----------------------  --------------------  


------------------------------------------------------------------------------------------------
| Inter Clock Table
| -----------------
------------------------------------------------------------------------------------------------

From Clock    To Clock          WNS(ns)      TNS(ns)  TNS Failing Endpoints  TNS Total Endpoints      WHS(ns)      THS(ns)  THS Failing Endpoints  THS Total Endpoints  
----------    --------          -------      -------  ---------------------  -------------------      -------      -------  ---------------------  -------------------  


------------------------------------------------------------------------------------------------
| Other Path Groups Table
| -----------------------
------------------------------------------------------------------------------------------------

Path Group    From Clock    To Clock          WNS(ns)      TNS(ns)  TNS Failing Endpoints  TNS Total Endpoints      WHS(ns)      THS(ns)  THS Failing Endpoints  THS Total Endpoints  
----------    ----------    --------          -------      -------  ---------------------  -------------------      -------      -------  ---------------------  -------------------  


------------------------------------------------------------------------------------------------
| User Ignored Path Table
| -----------------------
------------------------------------------------------------------------------------------------

Path Group    From Clock    To Clock    
----------    ----------    --------    


------------------------------------------------------------------------------------------------
| Unconstrained Path Table
| ------------------------
------------------------------------------------------------------------------------------------

Path Group    From Clock    To Clock    
----------    ----------    --------    
(none)                                    


------------------------------------------------------------------------------------------------
| Timing Details
| --------------
------------------------------------------------------------------------------------------------


--------------------------------------------------------------------------------------
Path Group:  (none)
From Clock:  
  To Clock:  

Max Delay             8 Endpoints
Min Delay             8 Endpoints
--------------------------------------------------------------------------------------


Max Delay Paths
--------------------------------------------------------------------------------------
Slack:                    inf
  Source:                 a[2]
                            (input port)
  Destination:            y[7]
                            (output port)
  Path Group:             (none)
  Path Type:              Max at Slow Process Corner
  Data Path Delay:        7.315ns  (logic 3.926ns (53.673%)  route 3.389ns (46.327%))
  Logic Levels:           3  (IBUF=1 LUT3=1 OBUF=1)

    Location             Delay type                Incr(ns)  Path(ns)    Netlist Resource(s)
  -------------------------------------------------------------------    -------------------
    W6                                                0.000     0.000 r  a[2] (IN)
                         net (fo=0)                   0.000     0.000    a[2]
    W6                   IBUF (Prop_ibuf_I_O)         0.935     0.935 r  a_IBUF[2]_inst/O
                         net (fo=8, routed)           1.530     2.465    a_IBUF[2]
    SLICE_X0Y5           LUT3 (Prop_lut3_I2_O)        0.152     2.617 r  y_OBUF[7]_inst_i_1/O
                         net (fo=1, routed)           1.859     4.476    y_OBUF[7]
    T4                   OBUF (Prop_obuf_I_O)         2.839     7.315 r  y_OBUF[7]_inst/O
                         net (fo=0)                   0.000     7.315    y[7]
    T4                                                                r  y[7] (OUT)
  -------------------------------------------------------------------    -------------------

Slack:                    inf
  Source:                 a[2]
                            (input port)
  Destination:            y[5]
                            (output port)
  Path Group:             (none)
  Path Type:              Max at Slow Process Corner
  Data Path Delay:        7.179ns  (logic 3.879ns (54.029%)  route 3.300ns (45.971%))
  Logic Levels:           3  (IBUF=1 LUT3=1 OBUF=1)

    Location             Delay type                Incr(ns)  Path(ns)    Netlist Resource(s)
  -------------------------------------------------------------------    -------------------
    W6                                                0.000     0.000 r  a[2] (IN)
                         net (fo=0)                   0.000     0.000    a[2]
    W6                   IBUF (Prop_ibuf_I_O)         0.935     0.935 r  a_IBUF[2]_inst/O
                         net (fo=8, routed)           1.584     2.519    a_IBUF[2]
    SLICE_X0Y5           LUT3 (Prop_lut3_I2_O)        0.153     2.672 r  y_OBUF[5]_inst_i_1/O
                         net (fo=1, routed)           1.717     4.389    y_OBUF[5]
    V5                   OBUF (Prop_obuf_I_O)         2.790     7.179 r  y_OBUF[5]_inst/O
                         net (fo=0)                   0.000     7.179    y[5]
    V5                                                                r  y[5] (OUT)
  -------------------------------------------------------------------    -------------------

Slack:                    inf
  Source:                 a[2]
                            (input port)
  Destination:            y[6]
                            (output port)
  Path Group:             (none)
  Path Type:              Max at Slow Process Corner
  Data Path Delay:        7.074ns  (logic 3.877ns (54.812%)  route 3.197ns (45.188%))
  Logic Levels:           3  (IBUF=1 LUT3=1 OBUF=1)

    Location             Delay type                Incr(ns)  Path(ns)    Netlist Resource(s)
  -------------------------------------------------------------------    -------------------
    W6                                                0.000     0.000 r  a[2] (IN)
                         net (fo=0)                   0.000     0.000    a[2]
    W6                   IBUF (Prop_ibuf_I_O)         0.935     0.935 r  a_IBUF[2]_inst/O
                         net (fo=8, routed)           1.329     2.264    a_IBUF[2]
    SLICE_X0Y5           LUT3 (Prop_lut3_I2_O)        0.150     2.414 r  y_OBUF[6]_inst_i_1/O
                         net (fo=1, routed)           1.868     4.282    y_OBUF[6]
    U4                   OBUF (Prop_obuf_I_O)         2.792     7.074 r  y_OBUF[6]_inst/O
                         net (fo=0)                   0.000     7.074    y[6]
    U4                                                                r  y[6] (OUT)
  -------------------------------------------------------------------    -------------------

Slack:                    inf
  Source:                 a[2]
                            (input port)
  Destination:            y[4]
                            (output port)
  Path Group:             (none)
  Path Type:              Max at Slow Process Corner
  Data Path Delay:        7.040ns  (logic 3.647ns (51.803%)  route 3.393ns (48.197%))
  Logic Levels:           3  (IBUF=1 LUT3=1 OBUF=1)

    Location             Delay type                Incr(ns)  Path(ns)    Netlist Resource(s)
  -------------------------------------------------------------------    -------------------
    W6                                                0.000     0.000 r  a[2] (IN)
                         net (fo=0)                   0.000     0.000    a[2]
    W6                   IBUF (Prop_ibuf_I_O)         0.935     0.935 r  a_IBUF[2]_inst/O
                         net (fo=8, routed)           1.584     2.519    a_IBUF[2]
    SLICE_X0Y5           LUT3 (Prop_lut3_I2_O)        0.124     2.643 r  y_OBUF[4]_inst_i_1/O
                         net (fo=1, routed)           1.809     4.452    y_OBUF[4]
    V4                   OBUF (Prop_obuf_I_O)         2.587     7.040 r  y_OBUF[4]_inst/O
                         net (fo=0)                   0.000     7.040    y[4]
    V4                                                                r  y[4] (OUT)
  -------------------------------------------------------------------    -------------------

Slack:                    inf
  Source:                 a[2]
                            (input port)
  Destination:            y[3]
                            (output port)
  Path Group:             (none)
  Path Type:              Max at Slow Process Corner
  Data Path Delay:        6.843ns  (logic 3.639ns (53.177%)  route 3.204ns (46.823%))
  Logic Levels:           3  (IBUF=1 LUT3=1 OBUF=1)

    Location             Delay type                Incr(ns)  Path(ns)    Netlist Resource(s)
  -------------------------------------------------------------------    -------------------
    W6                                                0.000     0.000 f  a[2] (IN)
                         net (fo=0)                   0.000     0.000    a[2]
    W6                   IBUF (Prop_ibuf_I_O)         0.935     0.935 f  a_IBUF[2]_inst/O
                         net (fo=8, routed)           1.530     2.465    a_IBUF[2]
    SLICE_X0Y5           LUT3 (Prop_lut3_I2_O)        0.124     2.589 r  y_OBUF[3]_inst_i_1/O
                         net (fo=1, routed)           1.674     4.264    y_OBUF[3]
    U6                   OBUF (Prop_obuf_I_O)         2.580     6.843 r  y_OBUF[3]_inst/O
                         net (fo=0)                   0.000     6.843    y[3]
    U6                                                                r  y[3] (OUT)
  -------------------------------------------------------------------    -------------------

Slack:                    inf
  Source:                 a[0]
                            (input port)
  Destination:            y[0]
                            (output port)
  Path Group:             (none)
  Path Type:              Max at Slow Process Corner
  Data Path Delay:        6.815ns  (logic 3.855ns (56.568%)  route 2.960ns (43.432%))
  Logic Levels:           3  (IBUF=1 LUT3=1 OBUF=1)

    Location             Delay type                Incr(ns)  Path(ns)    Netlist Resource(s)
  -------------------------------------------------------------------    -------------------
    U7                                                0.000     0.000 f  a[0] (IN)
                         net (fo=0)                   0.000     0.000    a[0]
    U7                   IBUF (Prop_ibuf_I_O)         0.915     0.915 f  a_IBUF[0]_inst/O
                         net (fo=8, routed)           1.289     2.204    a_IBUF[0]
    SLICE_X0Y3           LUT3 (Prop_lut3_I1_O)        0.148     2.352 r  y_OBUF[0]_inst_i_1/O
                         net (fo=1, routed)           1.671     4.023    y_OBUF[0]
    W7                   OBUF (Prop_obuf_I_O)         2.792     6.815 r  y_OBUF[0]_inst/O
                         net (fo=0)                   0.000     6.815    y[0]
    W7                                                                r  y[0] (OUT)
  -------------------------------------------------------------------    -------------------

Slack:                    inf
  Source:                 a[0]
                            (input port)
  Destination:            y[1]
                            (output port)
  Path Group:             (none)
  Path Type:              Max at Slow Process Corner
  Data Path Delay:        6.582ns  (logic 3.624ns (55.054%)  route 2.958ns (44.946%))
  Logic Levels:           3  (IBUF=1 LUT3=1 OBUF=1)

    Location             Delay type                Incr(ns)  Path(ns)    Netlist Resource(s)
  -------------------------------------------------------------------    -------------------
    U7                                                0.000     0.000 r  a[0] (IN)
                         net (fo=0)                   0.000     0.000    a[0]
    U7                   IBUF (Prop_ibuf_I_O)         0.915     0.915 r  a_IBUF[0]_inst/O
                         net (fo=8, routed)           1.289     2.204    a_IBUF[0]
    SLICE_X0Y3           LUT3 (Prop_lut3_I1_O)        0.124     2.328 r  y_OBUF[1]_inst_i_1/O
                         net (fo=1, routed)           1.669     3.997    y_OBUF[1]
    V7                   OBUF (Prop_obuf_I_O)         2.585     6.582 r  y_OBUF[1]_inst/O
                         net (fo=0)                   0.000     6.582    y[1]
    V7                                                                r  y[1] (OUT)
  -------------------------------------------------------------------    -------------------

Slack:                    inf
  Source:                 a[2]
                            (input port)
  Destination:            y[2]
                            (output port)
  Path Group:             (none)
  Path Type:              Max at Slow Process Corner
  Data Path Delay:        6.498ns  (logic 3.639ns (56.002%)  route 2.859ns (43.998%))
  Logic Levels:           3  (IBUF=1 LUT3=1 OBUF=1)

    Location             Delay type                Incr(ns)  Path(ns)    Netlist Resource(s)
  -------------------------------------------------------------------    -------------------
    W6                                                0.000     0.000 f  a[2] (IN)
                         net (fo=0)                   0.000     0.000    a[2]
    W6                   IBUF (Prop_ibuf_I_O)         0.935     0.935 f  a_IBUF[2]_inst/O
                         net (fo=8, routed)           1.329     2.264    a_IBUF[2]
    SLICE_X0Y5           LUT3 (Prop_lut3_I2_O)        0.124     2.388 r  y_OBUF[2]_inst_i_1/O
                         net (fo=1, routed)           1.530     3.918    y_OBUF[2]
    U5                   OBUF (Prop_obuf_I_O)         2.580     6.498 r  y_OBUF[2]_inst/O
                         net (fo=0)                   0.000     6.498    y[2]
    U5                                                                r  y[2] (OUT)
  -------------------------------------------------------------------    -------------------





Min Delay Paths
--------------------------------------------------------------------------------------
Slack:                    inf
  Source:                 a[1]
                            (input port)
  Destination:            y[1]
                            (output port)
  Path Group:             (none)
  Path Type:              Min at Fast Process Corner
  Data Path Delay:        2.027ns  (logic 1.312ns (64.709%)  route 0.715ns (35.291%))
  Logic Levels:           3  (IBUF=1 LUT3=1 OBUF=1)

    Location             Delay type                Incr(ns)  Path(ns)    Netlist Resource(s)
  -------------------------------------------------------------------    -------------------
    W5                                                0.000     0.000 f  a[1] (IN)
                         net (fo=0)                   0.000     0.000    a[1]
    W5                   IBUF (Prop_ibuf_I_O)         0.165     0.165 f  a_IBUF[1]_inst/O
                         net (fo=8, routed)           0.395     0.560    a_IBUF[1]
    SLICE_X0Y3           LUT3 (Prop_lut3_I0_O)        0.045     0.605 r  y_OBUF[1]_inst_i_1/O
                         net (fo=1, routed)           0.320     0.925    y_OBUF[1]
    V7                   OBUF (Prop_obuf_I_O)         1.102     2.027 r  y_OBUF[1]_inst/O
                         net (fo=0)                   0.000     2.027    y[1]
    V7                                                                r  y[1] (OUT)
  -------------------------------------------------------------------    -------------------

Slack:                    inf
  Source:                 a[1]
                            (input port)
  Destination:            y[2]
                            (output port)
  Path Group:             (none)
  Path Type:              Min at Fast Process Corner
  Data Path Delay:        2.070ns  (logic 1.306ns (63.115%)  route 0.764ns (36.885%))
  Logic Levels:           3  (IBUF=1 LUT3=1 OBUF=1)

    Location             Delay type                Incr(ns)  Path(ns)    Netlist Resource(s)
  -------------------------------------------------------------------    -------------------
    W5                                                0.000     0.000 r  a[1] (IN)
                         net (fo=0)                   0.000     0.000    a[1]
    W5                   IBUF (Prop_ibuf_I_O)         0.165     0.165 r  a_IBUF[1]_inst/O
                         net (fo=8, routed)           0.481     0.645    a_IBUF[1]
    SLICE_X0Y5           LUT3 (Prop_lut3_I1_O)        0.045     0.690 r  y_OBUF[2]_inst_i_1/O
                         net (fo=1, routed)           0.283     0.973    y_OBUF[2]
    U5                   OBUF (Prop_obuf_I_O)         1.097     2.070 r  y_OBUF[2]_inst/O
                         net (fo=0)                   0.000     2.070    y[2]
    U5                                                                r  y[2] (OUT)
  -------------------------------------------------------------------    -------------------

Slack:                    inf
  Source:                 a[1]
                            (input port)
  Destination:            y[0]
                            (output port)
  Path Group:             (none)
  Path Type:              Min at Fast Process Corner
  Data Path Delay:        2.115ns  (logic 1.384ns (65.444%)  route 0.731ns (34.556%))
  Logic Levels:           3  (IBUF=1 LUT3=1 OBUF=1)

    Location             Delay type                Incr(ns)  Path(ns)    Netlist Resource(s)
  -------------------------------------------------------------------    -------------------
    W5                                                0.000     0.000 f  a[1] (IN)
                         net (fo=0)                   0.000     0.000    a[1]
    W5                   IBUF (Prop_ibuf_I_O)         0.165     0.165 f  a_IBUF[1]_inst/O
                         net (fo=8, routed)           0.395     0.560    a_IBUF[1]
    SLICE_X0Y3           LUT3 (Prop_lut3_I0_O)        0.048     0.608 r  y_OBUF[0]_inst_i_1/O
                         net (fo=1, routed)           0.336     0.944    y_OBUF[0]
    W7                   OBUF (Prop_obuf_I_O)         1.172     2.115 r  y_OBUF[0]_inst/O
                         net (fo=0)                   0.000     2.115    y[0]
    W7                                                                r  y[0] (OUT)
  -------------------------------------------------------------------    -------------------

Slack:                    inf
  Source:                 a[1]
                            (input port)
  Destination:            y[3]
                            (output port)
  Path Group:             (none)
  Path Type:              Min at Fast Process Corner
  Data Path Delay:        2.116ns  (logic 1.306ns (61.734%)  route 0.810ns (38.266%))
  Logic Levels:           3  (IBUF=1 LUT3=1 OBUF=1)

    Location             Delay type                Incr(ns)  Path(ns)    Netlist Resource(s)
  -------------------------------------------------------------------    -------------------
    W5                                                0.000     0.000 r  a[1] (IN)
                         net (fo=0)                   0.000     0.000    a[1]
    W5                   IBUF (Prop_ibuf_I_O)         0.165     0.165 r  a_IBUF[1]_inst/O
                         net (fo=8, routed)           0.485     0.649    a_IBUF[1]
    SLICE_X0Y5           LUT3 (Prop_lut3_I0_O)        0.045     0.694 r  y_OBUF[3]_inst_i_1/O
                         net (fo=1, routed)           0.325     1.019    y_OBUF[3]
    U6                   OBUF (Prop_obuf_I_O)         1.097     2.116 r  y_OBUF[3]_inst/O
                         net (fo=0)                   0.000     2.116    y[3]
    U6                                                                r  y[3] (OUT)
  -------------------------------------------------------------------    -------------------

Slack:                    inf
  Source:                 a[1]
                            (input port)
  Destination:            y[6]
                            (output port)
  Path Group:             (none)
  Path Type:              Min at Fast Process Corner
  Data Path Delay:        2.277ns  (logic 1.384ns (60.775%)  route 0.893ns (39.225%))
  Logic Levels:           3  (IBUF=1 LUT3=1 OBUF=1)

    Location             Delay type                Incr(ns)  Path(ns)    Netlist Resource(s)
  -------------------------------------------------------------------    -------------------
    W5                                                0.000     0.000 r  a[1] (IN)
                         net (fo=0)                   0.000     0.000    a[1]
    W5                   IBUF (Prop_ibuf_I_O)         0.165     0.165 r  a_IBUF[1]_inst/O
                         net (fo=8, routed)           0.481     0.645    a_IBUF[1]
    SLICE_X0Y5           LUT3 (Prop_lut3_I1_O)        0.048     0.693 r  y_OBUF[6]_inst_i_1/O
                         net (fo=1, routed)           0.413     1.106    y_OBUF[6]
    U4                   OBUF (Prop_obuf_I_O)         1.171     2.277 r  y_OBUF[6]_inst/O
                         net (fo=0)                   0.000     2.277    y[6]
    U4                                                                r  y[6] (OUT)
  -------------------------------------------------------------------    -------------------

Slack:                    inf
  Source:                 a[2]
                            (input port)
  Destination:            y[4]
                            (output port)
  Path Group:             (none)
  Path Type:              Min at Fast Process Corner
  Data Path Delay:        2.296ns  (logic 1.314ns (57.236%)  route 0.982ns (42.764%))
  Logic Levels:           3  (IBUF=1 LUT3=1 OBUF=1)

    Location             Delay type                Incr(ns)  Path(ns)    Netlist Resource(s)
  -------------------------------------------------------------------    -------------------
    W6                                                0.000     0.000 r  a[2] (IN)
                         net (fo=0)                   0.000     0.000    a[2]
    W6                   IBUF (Prop_ibuf_I_O)         0.165     0.165 r  a_IBUF[2]_inst/O
                         net (fo=8, routed)           0.592     0.756    a_IBUF[2]
    SLICE_X0Y5           LUT3 (Prop_lut3_I2_O)        0.045     0.801 r  y_OBUF[4]_inst_i_1/O
                         net (fo=1, routed)           0.390     1.192    y_OBUF[4]
    V4                   OBUF (Prop_obuf_I_O)         1.105     2.296 r  y_OBUF[4]_inst/O
                         net (fo=0)                   0.000     2.296    y[4]
    V4                                                                r  y[4] (OUT)
  -------------------------------------------------------------------    -------------------

Slack:                    inf
  Source:                 a[1]
                            (input port)
  Destination:            y[7]
                            (output port)
  Path Group:             (none)
  Path Type:              Min at Fast Process Corner
  Data Path Delay:        2.316ns  (logic 1.418ns (61.205%)  route 0.898ns (38.795%))
  Logic Levels:           3  (IBUF=1 LUT3=1 OBUF=1)

    Location             Delay type                Incr(ns)  Path(ns)    Netlist Resource(s)
  -------------------------------------------------------------------    -------------------
    W5                                                0.000     0.000 r  a[1] (IN)
                         net (fo=0)                   0.000     0.000    a[1]
    W5                   IBUF (Prop_ibuf_I_O)         0.165     0.165 r  a_IBUF[1]_inst/O
                         net (fo=8, routed)           0.485     0.649    a_IBUF[1]
    SLICE_X0Y5           LUT3 (Prop_lut3_I0_O)        0.048     0.697 r  y_OBUF[7]_inst_i_1/O
                         net (fo=1, routed)           0.414     1.111    y_OBUF[7]
    T4                   OBUF (Prop_obuf_I_O)         1.205     2.316 r  y_OBUF[7]_inst/O
                         net (fo=0)                   0.000     2.316    y[7]
    T4                                                                r  y[7] (OUT)
  -------------------------------------------------------------------    -------------------

Slack:                    inf
  Source:                 a[2]
                            (input port)
  Destination:            y[5]
                            (output port)
  Path Group:             (none)
  Path Type:              Min at Fast Process Corner
  Data Path Delay:        2.329ns  (logic 1.376ns (59.077%)  route 0.953ns (40.923%))
  Logic Levels:           3  (IBUF=1 LUT3=1 OBUF=1)

    Location             Delay type                Incr(ns)  Path(ns)    Netlist Resource(s)
  -------------------------------------------------------------------    -------------------
    W6                                                0.000     0.000 r  a[2] (IN)
                         net (fo=0)                   0.000     0.000    a[2]
    W6                   IBUF (Prop_ibuf_I_O)         0.165     0.165 r  a_IBUF[2]_inst/O
                         net (fo=8, routed)           0.592     0.756    a_IBUF[2]
    SLICE_X0Y5           LUT3 (Prop_lut3_I2_O)        0.043     0.799 r  y_OBUF[5]_inst_i_1/O
                         net (fo=1, routed)           0.362     1.161    y_OBUF[5]
    V5                   OBUF (Prop_obuf_I_O)         1.169     2.329 r  y_OBUF[5]_inst/O
                         net (fo=0)                   0.000     2.329    y[5]
    V5                                                                r  y[5] (OUT)
  -------------------------------------------------------------------    -------------------





