Copyright 1986-2022 Xilinx, Inc. All Rights Reserved. Copyright 2022-2025 Advanced Micro Devices, Inc. All Rights Reserved.
---------------------------------------------------------------------------------------------------------------------------------------------------------------------------------------------------------------------------------------------------
| Tool Version : Vivado v.2025.2 (win64) Build 6299465 Fri Nov 14 19:35:11 GMT 2025
| Date         : Sat May 16 15:33:21 2026
| Host         : Denanath running 64-bit major release  (build 9200)
| Command      : report_timing_summary -max_paths 10 -routable_nets -report_unconstrained -file adder_and_sub_timing_summary_routed.rpt -pb adder_and_sub_timing_summary_routed.pb -rpx adder_and_sub_timing_summary_routed.rpx -warn_on_violation
| Design       : adder_and_sub
| Device       : 7s50-csga324
| Speed File   : -1  PRODUCTION 1.23 2018-06-13
| Design State : Routed
---------------------------------------------------------------------------------------------------------------------------------------------------------------------------------------------------------------------------------------------------

Timing Summary Report

------------------------------------------------------------------------------------------------
| Timer Settings
| --------------
------------------------------------------------------------------------------------------------

  Enable Multi Corner Analysis               :  Yes
  Enable Pessimism Removal                   :  Yes
  Pessimism Removal Resolution               :  Nearest Common Node
  Enable Input Delay Default Clock           :  No
  Enable Preset / Clear Arcs                 :  No
  Disable Flight Delays                      :  No
  Ignore I/O Paths                           :  No
  Timing Early Launch at Borrowing Latches   :  No
  Borrow Time for Max Delay Exceptions       :  Yes
  Merge Timing Exceptions                    :  Yes
  Inter-SLR Compensation                     :  Conservative

  Corner  Analyze    Analyze    
  Name    Max Paths  Min Paths  
  ------  ---------  ---------  
  Slow    Yes        Yes        
  Fast    Yes        Yes        


------------------------------------------------------------------------------------------------
| Report Methodology
| ------------------
------------------------------------------------------------------------------------------------

No report available as report_methodology has not been run prior. Run report_methodology on the current design for the summary of methodology violations.



check_timing report

Table of Contents
-----------------
1. checking no_clock (0)
2. checking constant_clock (0)
3. checking pulse_width_clock (0)
4. checking unconstrained_internal_endpoints (0)
5. checking no_input_delay (0)
6. checking no_output_delay (0)
7. checking multiple_clock (0)
8. checking generated_clocks (0)
9. checking loops (0)
10. checking partial_input_delay (0)
11. checking partial_output_delay (0)
12. checking latch_loops (0)

1. checking no_clock (0)
------------------------
 There are 0 register/latch pins with no clock.


2. checking constant_clock (0)
------------------------------
 There are 0 register/latch pins with constant_clock.


3. checking pulse_width_clock (0)
---------------------------------
 There are 0 register/latch pins which need pulse_width check


4. checking unconstrained_internal_endpoints (0)
------------------------------------------------
 There are 0 pins that are not constrained for maximum delay.

 There are 0 pins that are not constrained for maximum delay due to constant clock.


5. checking no_input_delay (0)
------------------------------
 There are 0 input ports with no input delay specified.

 There are 0 input ports with no input delay but user has a false path constraint.


6. checking no_output_delay (0)
-------------------------------
 There are 0 ports with no output delay specified.

 There are 0 ports with no output delay but user has a false path constraint

 There are 0 ports with no output delay but with a timing clock defined on it or propagating through it


7. checking multiple_clock (0)
------------------------------
 There are 0 register/latch pins with multiple clocks.


8. checking generated_clocks (0)
--------------------------------
 There are 0 generated clocks that are not connected to a clock source.


9. checking loops (0)
---------------------
 There are 0 combinational loops in the design.


10. checking partial_input_delay (0)
------------------------------------
 There are 0 input ports with partial input delay specified.


11. checking partial_output_delay (0)
-------------------------------------
 There are 0 ports with partial output delay specified.


12. checking latch_loops (0)
----------------------------
 There are 0 combinational latch loops in the design through latch input



------------------------------------------------------------------------------------------------
| Design Timing Summary
| ---------------------
------------------------------------------------------------------------------------------------

    WNS(ns)      TNS(ns)  TNS Failing Endpoints  TNS Total Endpoints      WHS(ns)      THS(ns)  THS Failing Endpoints  THS Total Endpoints     WPWS(ns)     TPWS(ns)  TPWS Failing Endpoints  TPWS Total Endpoints  
    -------      -------  ---------------------  -------------------      -------      -------  ---------------------  -------------------     --------     --------  ----------------------  --------------------  
        inf        0.000                      0                    5          inf        0.000                      0                    5           NA           NA                      NA                    NA  


There are no user specified timing constraints.


------------------------------------------------------------------------------------------------
| Clock Summary
| -------------
------------------------------------------------------------------------------------------------


------------------------------------------------------------------------------------------------
| Intra Clock Table
| -----------------
------------------------------------------------------------------------------------------------

Clock             WNS(ns)      TNS(ns)  TNS Failing Endpoints  TNS Total Endpoints      WHS(ns)      THS(ns)  THS Failing Endpoints  THS Total Endpoints     WPWS(ns)     TPWS(ns)  TPWS Failing Endpoints  TPWS Total Endpoints  
-----             -------      -------  ---------------------  -------------------      -------      -------  ---------------------  -------------------     --------     --------  ----------------------  --------------------  


------------------------------------------------------------------------------------------------
| Inter Clock Table
| -----------------
------------------------------------------------------------------------------------------------

From Clock    To Clock          WNS(ns)      TNS(ns)  TNS Failing Endpoints  TNS Total Endpoints      WHS(ns)      THS(ns)  THS Failing Endpoints  THS Total Endpoints  
----------    --------          -------      -------  ---------------------  -------------------      -------      -------  ---------------------  -------------------  


------------------------------------------------------------------------------------------------
| Other Path Groups Table
| -----------------------
------------------------------------------------------------------------------------------------

Path Group    From Clock    To Clock          WNS(ns)      TNS(ns)  TNS Failing Endpoints  TNS Total Endpoints      WHS(ns)      THS(ns)  THS Failing Endpoints  THS Total Endpoints  
----------    ----------    --------          -------      -------  ---------------------  -------------------      -------      -------  ---------------------  -------------------  


------------------------------------------------------------------------------------------------
| User Ignored Path Table
| -----------------------
------------------------------------------------------------------------------------------------

Path Group    From Clock    To Clock    
----------    ----------    --------    


------------------------------------------------------------------------------------------------
| Unconstrained Path Table
| ------------------------
------------------------------------------------------------------------------------------------

Path Group    From Clock    To Clock    
----------    ----------    --------    
(none)                                    


------------------------------------------------------------------------------------------------
| Timing Details
| --------------
------------------------------------------------------------------------------------------------


--------------------------------------------------------------------------------------
Path Group:  (none)
From Clock:  
  To Clock:  

Max Delay             5 Endpoints
Min Delay             5 Endpoints
--------------------------------------------------------------------------------------


Max Delay Paths
--------------------------------------------------------------------------------------
Slack:                    inf
  Source:                 d
                            (input port)
  Destination:            cout
                            (output port)
  Path Group:             (none)
  Path Type:              Max at Slow Process Corner
  Data Path Delay:        10.567ns  (logic 5.246ns (49.640%)  route 5.322ns (50.360%))
  Logic Levels:           4  (IBUF=1 LUT5=1 LUT6=1 OBUF=1)

    Location             Delay type                Incr(ns)  Path(ns)    Netlist Resource(s)
  -------------------------------------------------------------------    -------------------
    V2                                                0.000     0.000 r  d (IN)
                         net (fo=0)                   0.000     0.000    d
    V2                   IBUF (Prop_ibuf_I_O)         1.461     1.461 r  d_IBUF_inst/O
                         net (fo=5, routed)           2.041     3.502    d_IBUF
    SLICE_X65Y43         LUT5 (Prop_lut5_I2_O)        0.124     3.626 r  s_OBUF[3]_inst_i_2/O
                         net (fo=3, routed)           0.652     4.278    c_1
    SLICE_X65Y44         LUT6 (Prop_lut6_I2_O)        0.124     4.402 r  cout_OBUF_inst_i_1/O
                         net (fo=1, routed)           2.628     7.030    cout_OBUF
    A2                   OBUF (Prop_obuf_I_O)         3.537    10.567 r  cout_OBUF_inst/O
                         net (fo=0)                   0.000    10.567    cout
    A2                                                                r  cout (OUT)
  -------------------------------------------------------------------    -------------------

Slack:                    inf
  Source:                 d
                            (input port)
  Destination:            s[2]
                            (output port)
  Path Group:             (none)
  Path Type:              Max at Slow Process Corner
  Data Path Delay:        10.363ns  (logic 5.231ns (50.479%)  route 5.132ns (49.521%))
  Logic Levels:           4  (IBUF=1 LUT4=1 LUT5=1 OBUF=1)

    Location             Delay type                Incr(ns)  Path(ns)    Netlist Resource(s)
  -------------------------------------------------------------------    -------------------
    V2                                                0.000     0.000 r  d (IN)
                         net (fo=0)                   0.000     0.000    d
    V2                   IBUF (Prop_ibuf_I_O)         1.461     1.461 r  d_IBUF_inst/O
                         net (fo=5, routed)           2.041     3.502    d_IBUF
    SLICE_X65Y43         LUT5 (Prop_lut5_I2_O)        0.124     3.626 r  s_OBUF[3]_inst_i_2/O
                         net (fo=3, routed)           0.825     4.451    c_1
    SLICE_X65Y44         LUT4 (Prop_lut4_I3_O)        0.124     4.575 r  s_OBUF[2]_inst_i_1/O
                         net (fo=1, routed)           2.266     6.841    s_OBUF[2]
    F1                   OBUF (Prop_obuf_I_O)         3.523    10.363 r  s_OBUF[2]_inst/O
                         net (fo=0)                   0.000    10.363    s[2]
    F1                                                                r  s[2] (OUT)
  -------------------------------------------------------------------    -------------------

Slack:                    inf
  Source:                 d
                            (input port)
  Destination:            s[3]
                            (output port)
  Path Group:             (none)
  Path Type:              Max at Slow Process Corner
  Data Path Delay:        10.186ns  (logic 5.230ns (51.348%)  route 4.956ns (48.652%))
  Logic Levels:           4  (IBUF=1 LUT5=1 LUT6=1 OBUF=1)

    Location             Delay type                Incr(ns)  Path(ns)    Netlist Resource(s)
  -------------------------------------------------------------------    -------------------
    V2                                                0.000     0.000 r  d (IN)
                         net (fo=0)                   0.000     0.000    d
    V2                   IBUF (Prop_ibuf_I_O)         1.461     1.461 r  d_IBUF_inst/O
                         net (fo=5, routed)           2.041     3.502    d_IBUF
    SLICE_X65Y43         LUT5 (Prop_lut5_I2_O)        0.124     3.626 r  s_OBUF[3]_inst_i_2/O
                         net (fo=3, routed)           0.657     4.283    c_1
    SLICE_X65Y44         LUT6 (Prop_lut6_I4_O)        0.124     4.407 r  s_OBUF[3]_inst_i_1/O
                         net (fo=1, routed)           2.257     6.664    s_OBUF[3]
    F2                   OBUF (Prop_obuf_I_O)         3.522    10.186 r  s_OBUF[3]_inst/O
                         net (fo=0)                   0.000    10.186    s[3]
    F2                                                                r  s[3] (OUT)
  -------------------------------------------------------------------    -------------------

Slack:                    inf
  Source:                 d
                            (input port)
  Destination:            s[1]
                            (output port)
  Path Group:             (none)
  Path Type:              Max at Slow Process Corner
  Data Path Delay:        9.643ns  (logic 5.333ns (55.302%)  route 4.310ns (44.698%))
  Logic Levels:           3  (IBUF=1 LUT5=1 OBUF=1)

    Location             Delay type                Incr(ns)  Path(ns)    Netlist Resource(s)
  -------------------------------------------------------------------    -------------------
    V2                                                0.000     0.000 r  d (IN)
                         net (fo=0)                   0.000     0.000    d
    V2                   IBUF (Prop_ibuf_I_O)         1.461     1.461 r  d_IBUF_inst/O
                         net (fo=5, routed)           2.041     3.502    d_IBUF
    SLICE_X65Y43         LUT5 (Prop_lut5_I3_O)        0.150     3.652 r  s_OBUF[1]_inst_i_1/O
                         net (fo=1, routed)           2.269     5.921    s_OBUF[1]
    G2                   OBUF (Prop_obuf_I_O)         3.722     9.643 r  s_OBUF[1]_inst/O
                         net (fo=0)                   0.000     9.643    s[1]
    G2                                                                r  s[1] (OUT)
  -------------------------------------------------------------------    -------------------

Slack:                    inf
  Source:                 b[0]
                            (input port)
  Destination:            s[0]
                            (output port)
  Path Group:             (none)
  Path Type:              Max at Slow Process Corner
  Data Path Delay:        8.994ns  (logic 5.107ns (56.781%)  route 3.887ns (43.219%))
  Logic Levels:           3  (IBUF=1 LUT2=1 OBUF=1)

    Location             Delay type                Incr(ns)  Path(ns)    Netlist Resource(s)
  -------------------------------------------------------------------    -------------------
    P1                                                0.000     0.000 r  b[0] (IN)
                         net (fo=0)                   0.000     0.000    b[0]
    P1                   IBUF (Prop_ibuf_I_O)         1.463     1.463 r  b_IBUF[0]_inst/O
                         net (fo=3, routed)           1.826     3.288    b_IBUF[0]
    SLICE_X65Y43         LUT2 (Prop_lut2_I0_O)        0.124     3.412 r  s_OBUF[0]_inst_i_1/O
                         net (fo=1, routed)           2.061     5.474    s_OBUF[0]
    G1                   OBUF (Prop_obuf_I_O)         3.520     8.994 r  s_OBUF[0]_inst/O
                         net (fo=0)                   0.000     8.994    s[0]
    G1                                                                r  s[0] (OUT)
  -------------------------------------------------------------------    -------------------





Min Delay Paths
--------------------------------------------------------------------------------------
Slack:                    inf
  Source:                 a[3]
                            (input port)
  Destination:            s[3]
                            (output port)
  Path Group:             (none)
  Path Type:              Min at Fast Process Corner
  Data Path Delay:        2.413ns  (logic 1.486ns (61.580%)  route 0.927ns (38.420%))
  Logic Levels:           3  (IBUF=1 LUT6=1 OBUF=1)

    Location             Delay type                Incr(ns)  Path(ns)    Netlist Resource(s)
  -------------------------------------------------------------------    -------------------
    K1                                                0.000     0.000 r  a[3] (IN)
                         net (fo=0)                   0.000     0.000    a[3]
    K1                   IBUF (Prop_ibuf_I_O)         0.218     0.218 r  a_IBUF[3]_inst/O
                         net (fo=2, routed)           0.336     0.554    a_IBUF[3]
    SLICE_X65Y44         LUT6 (Prop_lut6_I1_O)        0.045     0.599 r  s_OBUF[3]_inst_i_1/O
                         net (fo=1, routed)           0.591     1.190    s_OBUF[3]
    F2                   OBUF (Prop_obuf_I_O)         1.223     2.413 r  s_OBUF[3]_inst/O
                         net (fo=0)                   0.000     2.413    s[3]
    F2                                                                r  s[3] (OUT)
  -------------------------------------------------------------------    -------------------

Slack:                    inf
  Source:                 a[1]
                            (input port)
  Destination:            s[1]
                            (output port)
  Path Group:             (none)
  Path Type:              Min at Fast Process Corner
  Data Path Delay:        2.447ns  (logic 1.548ns (63.257%)  route 0.899ns (36.743%))
  Logic Levels:           3  (IBUF=1 LUT5=1 OBUF=1)

    Location             Delay type                Incr(ns)  Path(ns)    Netlist Resource(s)
  -------------------------------------------------------------------    -------------------
    L1                                                0.000     0.000 r  a[1] (IN)
                         net (fo=0)                   0.000     0.000    a[1]
    L1                   IBUF (Prop_ibuf_I_O)         0.217     0.217 r  a_IBUF[1]_inst/O
                         net (fo=2, routed)           0.322     0.539    a_IBUF[1]
    SLICE_X65Y43         LUT5 (Prop_lut5_I1_O)        0.048     0.587 r  s_OBUF[1]_inst_i_1/O
                         net (fo=1, routed)           0.577     1.164    s_OBUF[1]
    G2                   OBUF (Prop_obuf_I_O)         1.283     2.447 r  s_OBUF[1]_inst/O
                         net (fo=0)                   0.000     2.447    s[1]
    G2                                                                r  s[1] (OUT)
  -------------------------------------------------------------------    -------------------

Slack:                    inf
  Source:                 a[2]
                            (input port)
  Destination:            s[2]
                            (output port)
  Path Group:             (none)
  Path Type:              Min at Fast Process Corner
  Data Path Delay:        2.530ns  (logic 1.494ns (59.029%)  route 1.037ns (40.971%))
  Logic Levels:           3  (IBUF=1 LUT4=1 OBUF=1)

    Location             Delay type                Incr(ns)  Path(ns)    Netlist Resource(s)
  -------------------------------------------------------------------    -------------------
    K2                                                0.000     0.000 r  a[2] (IN)
                         net (fo=0)                   0.000     0.000    a[2]
    K2                   IBUF (Prop_ibuf_I_O)         0.225     0.225 r  a_IBUF[2]_inst/O
                         net (fo=3, routed)           0.445     0.670    a_IBUF[2]
    SLICE_X65Y44         LUT4 (Prop_lut4_I2_O)        0.045     0.715 r  s_OBUF[2]_inst_i_1/O
                         net (fo=1, routed)           0.592     1.307    s_OBUF[2]
    F1                   OBUF (Prop_obuf_I_O)         1.223     2.530 r  s_OBUF[2]_inst/O
                         net (fo=0)                   0.000     2.530    s[2]
    F1                                                                r  s[2] (OUT)
  -------------------------------------------------------------------    -------------------

Slack:                    inf
  Source:                 a[0]
                            (input port)
  Destination:            s[0]
                            (output port)
  Path Group:             (none)
  Path Type:              Min at Fast Process Corner
  Data Path Delay:        2.535ns  (logic 1.484ns (58.563%)  route 1.050ns (41.437%))
  Logic Levels:           3  (IBUF=1 LUT2=1 OBUF=1)

    Location             Delay type                Incr(ns)  Path(ns)    Netlist Resource(s)
  -------------------------------------------------------------------    -------------------
    M1                                                0.000     0.000 r  a[0] (IN)
                         net (fo=0)                   0.000     0.000    a[0]
    M1                   IBUF (Prop_ibuf_I_O)         0.218     0.218 r  a_IBUF[0]_inst/O
                         net (fo=3, routed)           0.542     0.760    a_IBUF[0]
    SLICE_X65Y43         LUT2 (Prop_lut2_I1_O)        0.045     0.805 r  s_OBUF[0]_inst_i_1/O
                         net (fo=1, routed)           0.508     1.314    s_OBUF[0]
    G1                   OBUF (Prop_obuf_I_O)         1.221     2.535 r  s_OBUF[0]_inst/O
                         net (fo=0)                   0.000     2.535    s[0]
    G1                                                                r  s[0] (OUT)
  -------------------------------------------------------------------    -------------------

Slack:                    inf
  Source:                 a[2]
                            (input port)
  Destination:            cout
                            (output port)
  Path Group:             (none)
  Path Type:              Min at Fast Process Corner
  Data Path Delay:        2.603ns  (logic 1.508ns (57.941%)  route 1.095ns (42.059%))
  Logic Levels:           3  (IBUF=1 LUT6=1 OBUF=1)

    Location             Delay type                Incr(ns)  Path(ns)    Netlist Resource(s)
  -------------------------------------------------------------------    -------------------
    K2                                                0.000     0.000 r  a[2] (IN)
                         net (fo=0)                   0.000     0.000    a[2]
    K2                   IBUF (Prop_ibuf_I_O)         0.225     0.225 r  a_IBUF[2]_inst/O
                         net (fo=3, routed)           0.360     0.585    a_IBUF[2]
    SLICE_X65Y44         LUT6 (Prop_lut6_I1_O)        0.045     0.630 r  cout_OBUF_inst_i_1/O
                         net (fo=1, routed)           0.734     1.365    cout_OBUF
    A2                   OBUF (Prop_obuf_I_O)         1.238     2.603 r  cout_OBUF_inst/O
                         net (fo=0)                   0.000     2.603    cout
    A2                                                                r  cout (OUT)
  -------------------------------------------------------------------    -------------------





